{
  "sources": [
    {
      "module": "agent_comms",
      "head": "d6e196a86c88cc1259be986703668ab1e1a58c1c",
      "files": 339,
      "python_files": 311,
      "byte_equal": true
    },
    {
      "module": "toad",
      "head": "3fc4710abf0d0101b50f72d2c4f1c0075e01231c",
      "files": 307,
      "python_files": 276,
      "byte_equal": true
    },
    {
      "module": "textual",
      "head": "8f4e06fc7d8e05ec68b0a799ffd2edc1a46bcf9c",
      "files": 266,
      "python_files": 249,
      "byte_equal": true
    },
    {
      "module": "textual_diff_view",
      "head": "8fa7d4d0db993ea3b761c2760ca9b6a56a6251e9",
      "files": 3,
      "python_files": 2,
      "byte_equal": true
    }
  ],
  "native_full_trust": true,
  "sdk": "0.12.1",
  "package_count": 69,
  "protected_unchanged": 5694,
  "journey": "pending"
}
