tests/acp_process_validation_pilot.py::acp_process_validation_pilot
tests/acp_sdk_boundary_pilot.py::acp_sdk_boundary_pilot
tests/activity_spinners_pilot.py::activity_spinners_pilot
tests/agent_activity_divider_pilot.py::agent_activity_divider_pilot
tests/agent_comms_contract_pilot.py::agent_comms_contract_pilot
tests/agent_failure_log_pilot.py::agent_failure_log_pilot
tests/app_focus_latency_pilot.py::app_focus_latency_pilot
tests/async_tab_activation_pilot.py::async_tab_activation_pilot
tests/async_thread_open_pilot.py::async_thread_open_pilot
tests/auto_compaction_visibility_pilot.py::auto_compaction_visibility_pilot
tests/bar_projection_reuse_pilot.py::bar_projection_reuse_pilot
tests/channel_any_mode_ui_pilot.py::channel_any_mode_ui_pilot
tests/channel_display_basis_pilot.py::channel_display_basis_pilot
tests/channel_history_reader_pilot.py::channel_history_reader_pilot
tests/channel_marker_notice_pilot.py::channel_marker_notice_pilot
tests/channel_mentions_pilot.py::channel_mentions_pilot
tests/channel_partial_paint_pilot.py::channel_partial_paint_pilot
tests/channel_retirement_pilot.py::channel_retirement_pilot
tests/channel_roster_retention_pilot.py::channel_roster_retention_pilot
tests/channel_scope_expansion_pilot.py::channel_scope_expansion_pilot
tests/channel_unread_follow_pilot.py::channel_unread_follow_pilot
tests/channel_views_pilot.py::channel_views_pilot
tests/channel_visibility_observation_pilot.py::channel_visibility_observation_pilot
tests/channel_visibility_pilot.py::channel_visibility_pilot
tests/clipboard_selection_pilot.py::clipboard_selection_pilot
tests/close_session_latency_pilot.py::close_session_latency_pilot
tests/cold_thread_latency_pilot.py::cold_thread_latency_pilot
tests/committed_history_pilot.py::committed_history_pilot
tests/comms_pilot.py::comms_pilot
tests/comms_scene_latency_pilot.py::comms_scene_latency_pilot
tests/compaction_pilot.py::compaction_pilot
tests/compaction_progress_pilot.py::compaction_progress_pilot
tests/context_resume_pilot.py::context_resume_pilot
tests/context_usage_pilot.py::context_usage_pilot
tests/coordination_context_pilot.py::coordination_context_pilot
tests/current_delivery_owner_pilot.py::current_delivery_owner_pilot
tests/cursor_resize_pilot.py::cursor_resize_pilot
tests/default_route_admission_pilot.py::default_route_admission_pilot
tests/default_route_cancel_pilot.py::default_route_cancel_pilot
tests/default_route_pilot.py::default_route_pilot
tests/default_route_private_user_pilot.py::default_route_private_user_pilot
tests/default_route_prompt_selection_pilot.py::default_route_prompt_selection_pilot
tests/default_route_retirement_pilot.py::default_route_retirement_pilot
tests/dense_history_pilot.py::dense_history_pilot
tests/diff_damage_latency_pilot.py::diff_damage_latency_pilot
tests/diff_row_damage_pilot.py::diff_row_damage_pilot
tests/directory_watcher_burst_pilot.py::directory_watcher_burst_pilot
tests/directory_watcher_visibility_pilot.py::directory_watcher_visibility_pilot
tests/divider_unread_paint_pilot.py::divider_unread_paint_pilot
tests/dm_rebind_paint_pilot.py::dm_rebind_paint_pilot
tests/existing_thread_link_pilot.py::existing_thread_link_pilot
tests/existing_thread_tab_title_pilot.py::existing_thread_tab_title_pilot
tests/file_path_preview_pilot.py::file_path_preview_pilot
tests/file_preview_latency_pilot.py::file_preview_latency_pilot
tests/filter_mount_supersession_pilot.py::filter_mount_supersession_pilot
tests/filter_style_scope_pilot.py::filter_style_scope_pilot
tests/first_frame_startup_pilot.py::first_frame_startup_pilot
tests/follow_stream_pilot.py::follow_stream_pilot
tests/footer_pilot.py::footer_pilot
tests/fragment_divider_pilot.py::fragment_divider_pilot
tests/fresh_fork_pilot.py::fresh_fork_pilot
tests/goal_collapse_pilot.py::goal_collapse_pilot
tests/goal_details_pilot.py::goal_details_pilot
tests/goal_edit_owner_pilot.py::goal_edit_owner_pilot
tests/goal_geometry_pilot.py::goal_geometry_pilot
tests/goal_objective_edit_pilot.py::goal_objective_edit_pilot
tests/goal_pause_owner_pilot.py::goal_pause_owner_pilot
tests/goal_pause_pilot.py::goal_pause_pilot
tests/goal_resize_pilot.py::goal_resize_pilot
tests/goal_retry_pilot.py::goal_retry_pilot
tests/goal_separator_pilot.py::goal_separator_pilot
tests/goal_server_poll_pilot.py::goal_server_poll_pilot
tests/goal_set_owner_pilot.py::goal_set_owner_pilot
tests/goal_standby_history_pilot.py::goal_standby_history_pilot
tests/hidden_diff_warmup_pilot.py::hidden_diff_warmup_pilot
tests/historical_views_pilot.py::historical_views_pilot
tests/history_anchor_geometry_pilot.py::history_anchor_geometry_pilot
tests/history_edge_scheduling_pilot.py::history_edge_scheduling_pilot
tests/history_mounted_budget_pilot.py::history_mounted_budget_pilot
tests/history_prefetch_pilot.py::history_prefetch_pilot
tests/history_scroll_frames_pilot.py::history_scroll_frames_pilot
tests/hot_path_invalidation_pilot.py::hot_path_invalidation_pilot
tests/human_mark_read_pilot.py::human_mark_read_pilot
tests/image_paste_pilot.py::image_paste_pilot
tests/in_out_filter_pilot.py::in_out_filter_pilot
tests/in_out_underfill_pilot.py::in_out_underfill_pilot
tests/in_out_wire_replay_pilot.py::in_out_wire_replay_pilot
tests/inbound_reconciliation_pilot.py::inbound_reconciliation_pilot
tests/initial_session_title_pilot.py::initial_session_title_pilot
tests/inline_message_pilot.py::inline_message_pilot
tests/input_delivery_owner_pilot.py::input_delivery_owner_pilot
tests/input_failure_pilot.py::input_failure_pilot
tests/input_latency_pilot.py::input_latency_pilot
tests/irc_wrap_pilot.py::irc_wrap_pilot
tests/l0a_archive_history_pilot.py::l0a_archive_history_pilot
tests/l0a_native_installed_pilot.py::l0a_native_installed_pilot
tests/large_stream_pilot.py::large_stream_pilot
tests/layout_alignment_pilot.py::layout_alignment_pilot
tests/lazy_tools_pilot.py::lazy_tools_pilot
tests/local_echo_pilot.py::local_echo_pilot
tests/long_message_pilot.py::long_message_pilot
tests/main_menu_transfer_pilot.py::main_menu_transfer_pilot
tests/maintenance_agent_root_binding_pilot.py::maintenance_agent_root_binding_pilot
tests/maintenance_cancel_process_group_pilot.py::maintenance_cancel_process_group_pilot
tests/maintenance_ingress_pilot.py::maintenance_ingress_pilot
tests/many_tabs_return_pilot.py::many_tabs_return_pilot
tests/many_tabs_sidebar_observation_pilot.py::many_tabs_sidebar_observation_pilot
tests/markdown_extent_policy_pilot.py::markdown_extent_policy_pilot
tests/markdown_parser_reuse_pilot.py::markdown_parser_reuse_pilot
tests/markdown_process_lifecycle_pilot.py::markdown_process_lifecycle_pilot
tests/markdown_process_pilot.py::markdown_process_pilot
tests/markdown_row_render_pilot.py::markdown_row_render_pilot
tests/mcp_decision_pty_pilot.py::mcp_decision_pty_pilot
tests/mcp_inventory_pilot.py::mcp_inventory_pilot
tests/mcp_live_status_pilot.py::mcp_live_status_pilot
tests/mcp_permission_boundary_pilot.py::mcp_permission_boundary_pilot
tests/mcp_permission_ui_pilot.py::mcp_permission_ui_pilot
tests/message_categories_pilot.py::message_categories_pilot
tests/message_dividers_pilot.py::message_dividers_pilot
tests/message_filter_latency_pilot.py::message_filter_latency_pilot
tests/message_filter_supersession_pilot.py::message_filter_supersession_pilot
tests/message_notifications_pilot.py::message_notifications_pilot
tests/midturn_compaction_pilot.py::midturn_compaction_pilot
tests/model_picker_pilot.py::model_picker_pilot
tests/native_input_attribution_pilot.py::native_input_attribution_pilot
tests/native_message_parts_pilot.py::native_message_parts_pilot
tests/navigation_allocation_pilot.py::navigation_allocation_pilot
tests/navigation_preparation_pilot.py::navigation_preparation_pilot
tests/navigation_source_timer_pilot.py::navigation_source_timer_pilot
tests/observed_thread_activity_pilot.py::observed_thread_activity_pilot
tests/off_tail_checkpoint_pilot.py::off_tail_checkpoint_pilot
tests/offscreen_tool_hydration_pilot.py::offscreen_tool_hydration_pilot
tests/owner_navigation_pilot.py::owner_navigation_pilot
tests/owner_poll_latency_pilot.py::owner_poll_latency_pilot
tests/owner_reader_reuse_pilot.py::owner_reader_reuse_pilot
tests/path_filter_pilot.py::path_filter_pilot
tests/pending_thread_open_pilot.py::pending_thread_open_pilot
tests/pending_unread_pilot.py::pending_unread_pilot
tests/persistent_render_pilot.py::persistent_render_pilot
tests/persistent_renderer_lifecycle_pilot.py::persistent_renderer_lifecycle_pilot
tests/persistent_renderer_ui_pilot.py::persistent_renderer_ui_pilot
tests/prepared_bars_pilot.py::prepared_bars_pilot
tests/prepared_diff_pilot.py::prepared_diff_pilot
tests/prepared_diff_rows_pilot.py::prepared_diff_rows_pilot
tests/private_native_cursor_pilot.py::private_native_cursor_pilot
tests/private_native_cursor_request_pilot.py::private_native_cursor_request_pilot
tests/profile_hot_paths_pilot.py::profile_hot_paths_pilot
tests/project_path_pilot.py::project_path_pilot
tests/project_resume_pilot.py::project_resume_pilot
tests/projected_history_budget_pilot.py::projected_history_budget_pilot
tests/prompt_queue_pilot.py::prompt_queue_pilot
tests/prompt_routing_pilot.py::prompt_routing_pilot
tests/provider_login_pilot.py::provider_login_pilot
tests/queue_manage_pilot.py::queue_manage_pilot
tests/queue_view_backend_pilot.py::queue_view_backend_pilot
tests/queue_view_bounds_pilot.py::queue_view_bounds_pilot
tests/queue_view_pilot.py::queue_view_pilot
tests/queue_view_request_pilot.py::queue_view_request_pilot
tests/real_history_scroll_latency_pilot.py::real_history_scroll_latency_pilot
tests/recovery_view_boundaries_pilot.py::recovery_view_boundaries_pilot
tests/recovery_view_pilot.py::recovery_view_pilot
tests/relationship_poll_reflow_pilot.py::relationship_poll_reflow_pilot
tests/render_identity_pilot.py::render_identity_pilot
tests/render_processes_pilot.py::render_processes_pilot
tests/render_runtime_pilot.py::render_runtime_pilot
tests/render_service_pilot.py::render_service_pilot
tests/renderer_selection_pilot.py::renderer_selection_pilot
tests/renderer_warmup_pilot.py::renderer_warmup_pilot
tests/reply_route_pilot.py::reply_route_pilot
tests/resize_render_pilot.py::resize_render_pilot
tests/resume_style_revision_pilot.py::resume_style_revision_pilot
tests/retained_tool_text_pilot.py::retained_tool_text_pilot
tests/right_comms_integration_pilot.py::right_comms_integration_pilot
tests/right_comms_pilot.py::right_comms_pilot
tests/scroll_select_latency_pilot.py::scroll_select_latency_pilot
tests/selection_disclosure_pilot.py::selection_disclosure_pilot
tests/selection_hover_pilot.py::selection_hover_pilot
tests/send_now_failure_pilot.py::send_now_failure_pilot
tests/send_status_pilot.py::send_status_pilot
tests/serialized_preparation_pilot.py::serialized_preparation_pilot
tests/session_details_pilot.py::session_details_pilot
tests/session_sort_pilot.py::session_sort_pilot
tests/shared_channels_pilot.py::shared_channels_pilot
tests/sidebar_collapse_latency_pilot.py::sidebar_collapse_latency_pilot
tests/sidebar_direction_pilot.py::sidebar_direction_pilot
tests/sidebar_drag_resize_pilot.py::sidebar_drag_resize_pilot
tests/sidebar_latency_pilot.py::sidebar_latency_pilot
tests/sidebar_layout_controls_pilot.py::sidebar_layout_controls_pilot
tests/sidebar_layout_policy_pilot.py::sidebar_layout_policy_pilot
tests/sidebar_metadata_reflow_pilot.py::sidebar_metadata_reflow_pilot
tests/sidebar_navigation_pilot.py::sidebar_navigation_pilot
tests/sidebar_nonvirtual_scroll_pilot.py::sidebar_nonvirtual_scroll_pilot
tests/sidebar_opening_state_pilot.py::sidebar_opening_state_pilot
tests/sidebar_pointer_focus_pilot.py::sidebar_pointer_focus_pilot
tests/sidebar_preparation_boundary_pilot.py::sidebar_preparation_boundary_pilot
tests/sidebar_projection_pilot.py::sidebar_projection_pilot
tests/sidebar_sort_viewport_pilot.py::sidebar_sort_viewport_pilot
tests/sparse_history_pilot.py::sparse_history_pilot
tests/stale_selection_pilot.py::stale_selection_pilot
tests/stop_responsiveness_pilot.py::stop_responsiveness_pilot
tests/stream_style_work_pilot.py::stream_style_work_pilot
tests/tab_history_controls_pilot.py::tab_history_controls_pilot
tests/tab_order_pilot.py::tab_order_pilot
tests/tab_scrollbar_top_pilot.py::tab_scrollbar_top_pilot
tests/tail_anchor_policy_pilot.py::tail_anchor_policy_pilot
tests/test_private_native_cursor.py::CursorParserTests::test_coverage_is_not_injection
tests/test_private_native_cursor.py::CursorParserTests::test_frozen_backend_fixture
tests/test_private_native_cursor.py::CursorParserTests::test_malformed_envelopes
tests/test_private_native_cursor.py::CursorParserTests::test_null_scope_never_proof
tests/test_private_native_cursor.py::CursorParserTests::test_presentation_is_constant
tests/test_private_native_cursor.py::CursorReducerTests::test_canonical_null_prebind
tests/test_private_native_cursor.py::CursorReducerTests::test_distinct_scope_floor_saturation_requires_fresh_attachment
tests/test_private_native_cursor.py::CursorReducerTests::test_frozen_postbind_sequence
tests/test_private_native_cursor.py::CursorReducerTests::test_frozen_prebind_sequence_and_floor
tests/test_private_native_cursor.py::CursorReducerTests::test_overflow_and_malformed_require_new_request
tests/test_private_native_cursor.py::CursorReducerTests::test_prebind_revision_order_no_callback_binding
tests/test_private_native_cursor.py::CursorReducerTests::test_revisions_foreign_ambiguity_and_retired_requests
tests/test_private_native_cursor.py::CursorReducerTests::test_superseding_uncertain_request_preserves_prebind_epoch_floor
tests/test_private_native_cursor.py::CursorReducerTests::test_trusted_same_scope_cannot_regress_but_new_epoch_can_reset
tests/test_queue_view.py::QueueViewTests::test_alias_cannot_erase_epoch_or_snapshot_revision_fences
tests/test_queue_view.py::QueueViewTests::test_alias_load_preserves_owner_ids_and_tombstones
tests/test_queue_view.py::QueueViewTests::test_ambiguity_and_retired_request
tests/test_queue_view.py::QueueViewTests::test_distinct_floor_saturation_stays_unavailable
tests/test_queue_view.py::QueueViewTests::test_equal_revision_conflict_and_foreign_scope
tests/test_queue_view.py::QueueViewTests::test_exact_start_dedup_and_snapshot_resurrection
tests/test_queue_view.py::QueueViewTests::test_fixture_hash_and_sequence
tests/test_queue_view.py::QueueViewTests::test_newer_owner_quarantine_then_rebase
tests/test_queue_view.py::QueueViewTests::test_null_poison_is_not_empty_and_requires_subsequent_request
tests/test_queue_view.py::QueueViewTests::test_parser_retains_only_bounded_immutable_semantics
tests/test_queue_view.py::QueueViewTests::test_prebind_floor_survives_superseded_uncertainty
tests/test_queue_view.py::QueueViewTests::test_prebind_starts_in_revision_order_once
tests/test_queue_view.py::QueueViewTests::test_quarantined_callbacks_still_raise_the_epoch_floor
tests/test_queue_view.py::QueueViewTests::test_tombstone_exhaustion_requires_a_fresh_attachment
tests/test_queue_view.py::QueueViewTests::test_unknown_new_attachment_never_applies_foreign_buffered_content
tests/test_queue_view.py::QueueViewTests::test_utf8_bounds_duplicate_ids_and_malformed
tests/thread_activation_pilot.py::thread_activation_pilot
tests/thread_controls_pilot.py::thread_controls_pilot
tests/thread_layout_pilot.py::thread_layout_pilot
tests/thread_render_wait_pilot.py::thread_render_wait_pilot
tests/thread_unread_start_pilot.py::thread_unread_start_pilot
tests/throbber_busy_pilot.py::throbber_busy_pilot
tests/throbber_render_cache_pilot.py::throbber_render_cache_pilot
tests/throbber_scroll_cost_pilot.py::throbber_scroll_cost_pilot
tests/tool_diff_lifecycle_pilot.py::tool_diff_lifecycle_pilot
tests/tool_diff_pilot.py::tool_diff_pilot
tests/tool_read_latency_pilot.py::tool_read_latency_pilot
tests/transcript_history_pilot.py::transcript_history_pilot
tests/transcript_prefetch_pilot.py::transcript_prefetch_pilot
tests/transcript_process_pilot.py::transcript_process_pilot
tests/transcript_teardown_pilot.py::transcript_teardown_pilot
tests/ui_sidebar_geometry_pilot.py::ui_sidebar_geometry_pilot
tests/unread_navigation_pilot.py::unread_navigation_pilot
tests/unread_paint_only_pilot.py::unread_paint_only_pilot
tests/user_input_worker_pilot.py::user_input_worker_pilot
tests/viewport_body_lifetime_pilot.py::viewport_body_lifetime_pilot
tests/viewport_selection_diff_pilot.py::viewport_selection_diff_pilot
tests/virtual_sidebar_damage_pilot.py::virtual_sidebar_damage_pilot
tests/virtual_sidebar_pilot.py::virtual_sidebar_pilot
tests/watcher_archived_ui_pilot.py::watcher_archived_ui_pilot
tests/watcher_busy_tabs_pilot.py::watcher_busy_tabs_pilot
tests/watcher_project_shutdown_pilot.py::watcher_project_shutdown_pilot
tests/work_preparation_delivery_pilot.py::work_preparation_delivery_pilot
tests/work_preparation_pilot.py::work_preparation_pilot
tests/worker_preview_pilot.py::worker_preview_pilot

264 tests collected in 0.08s
