bringing up nodes...
bringing up nodes...

....F.                                                                   [100%]
=================================== FAILURES ===================================
__________________________ pilot: session_sort_pilot ___________________________
[gw1] linux -- Python 3.14.2 /home/ts/wt/toad-tr0-test-collection-20260928/.venv/bin/python
Pilot failed: ExitedOutcome(code=1)
Traceback (most recent call last):
  File [35m"/home/ts/wt/toad-tr0-test-collection-20260928/tests/session_sort_pilot.py"[0m, line [35m262[0m, in [35m<module>[0m
    [31masyncio.run[0m[1;31m(main())[0m
    [31m~~~~~~~~~~~[0m[1;31m^^^^^^^^[0m
  File [35m"/home/ts/.local/share/uv/python/cpython-3.14.2-linux-x86_64-gnu/lib/python3.14/asyncio/runners.py"[0m, line [35m204[0m, in [35mrun[0m
    return [31mrunner.run[0m[1;31m(main)[0m
           [31m~~~~~~~~~~[0m[1;31m^^^^^^[0m
  File [35m"/home/ts/.local/share/uv/python/cpython-3.14.2-linux-x86_64-gnu/lib/python3.14/asyncio/runners.py"[0m, line [35m127[0m, in [35mrun[0m
    return [31mself._loop.run_until_complete[0m[1;31m(task)[0m
           [31m~~~~~~~~~~~~~~~~~~~~~~~~~~~~~[0m[1;31m^^^^^^[0m
  File [35m"/home/ts/.local/share/uv/python/cpython-3.14.2-linux-x86_64-gnu/lib/python3.14/asyncio/base_events.py"[0m, line [35m719[0m, in [35mrun_until_complete[0m
    return [31mfuture.result[0m[1;31m()[0m
           [31m~~~~~~~~~~~~~[0m[1;31m^^[0m
  File [35m"/home/ts/wt/toad-tr0-test-collection-20260928/tests/session_sort_pilot.py"[0m, line [35m189[0m, in [35mmain[0m
    assert [1;31morder() == ["old", "new", "project"][0m, order()
           [1;31m^^^^^^^^^^^^^^^^^^^^^^^^^^^^^^^^^^^^[0m
[1;35mAssertionError[0m: [35m['new', 'old', 'project'][0m

Logs: /home/ts/wt/toad-tr0-test-collection-20260928/.artifacts/pilots-fixture-boundaries/popen-gw1/session_sort_pilot0
=========================== short test summary info ============================
FAILED tests/session_sort_pilot.py::session_sort_pilot - Failed: Pilot failed...
1 failed, 5 passed in 26.60s
