bringing up nodes...
bringing up nodes...

FF.                                                                      [100%]
=================================== FAILURES ===================================
________________________ pilot: thread_activation_pilot ________________________
[gw0] linux -- Python 3.14.2 /home/ts/wt/toad-tr0-test-collection-20260928/.venv/bin/python
Pilot failed: ExitedOutcome(code=1)
Traceback (most recent call last):
  File [35m"/home/ts/wt/toad-tr0-test-collection-20260928/tests/thread_activation_pilot.py"[0m, line [35m132[0m, in [35m<module>[0m
    [31masyncio.run[0m[1;31m(main())[0m
    [31m~~~~~~~~~~~[0m[1;31m^^^^^^^^[0m
  File [35m"/home/ts/.local/share/uv/python/cpython-3.14.2-linux-x86_64-gnu/lib/python3.14/asyncio/runners.py"[0m, line [35m204[0m, in [35mrun[0m
    return [31mrunner.run[0m[1;31m(main)[0m
           [31m~~~~~~~~~~[0m[1;31m^^^^^^[0m
  File [35m"/home/ts/.local/share/uv/python/cpython-3.14.2-linux-x86_64-gnu/lib/python3.14/asyncio/runners.py"[0m, line [35m127[0m, in [35mrun[0m
    return [31mself._loop.run_until_complete[0m[1;31m(task)[0m
           [31m~~~~~~~~~~~~~~~~~~~~~~~~~~~~~[0m[1;31m^^^^^^[0m
  File [35m"/home/ts/.local/share/uv/python/cpython-3.14.2-linux-x86_64-gnu/lib/python3.14/asyncio/base_events.py"[0m, line [35m719[0m, in [35mrun_until_complete[0m
    return [31mfuture.result[0m[1;31m()[0m
           [31m~~~~~~~~~~~~~[0m[1;31m^^[0m
  File [35m"/home/ts/wt/toad-tr0-test-collection-20260928/tests/thread_activation_pilot.py"[0m, line [35m64[0m, in [35mmain[0m
    assert [31mall[0m[1;31m(y == maximum and "LATEST-ACTIVITY" in text for _, y, maximum, text in frames)[0m, frames
           [31m~~~[0m[1;31m^^^^^^^^^^^^^^^^^^^^^^^^^^^^^^^^^^^^^^^^^^^^^^^^^^^^^^^^^^^^^^^^^^^^^^^^^^^^^^[0m
[1;35mAssertionError[0m: [35m[('session-1', 25, 31, '▌New paragraph 391             \n▌                              \n▌New paragraph 392             \n▌                              \n▌New paragraph 393             \n▌                              \n▌New paragraph 394             \n▌                            ▂▂\n▌New paragraph 395             \n▌                              \n▌New paragraph 396             \n▌                              \n▌New paragraph 397           ▇▇\n▌                              '), ('session-1', 31, 31, '▌New paragraph 394             \n▌                              \n▌New paragraph 395             \n▌                              \n▌New paragraph 396             \n▌                              \n▌New paragraph 397             \n▌                              \n▌New paragraph 398             \n▌                            ▃▃\n▌New paragraph 399             \n▌                              \n▌LATEST-ACTIVITY               \n▌                              '), ('session-1', 31, 31, '▌New paragraph 394                       \n▌                                        \n▌New paragraph 395                       \n▌                                        \n▌New paragraph 396                       \n▌                                        \n▌New paragraph 397                       \n▌                                        \n▌New paragraph 398                       \n▌                                      ▃▃\n▌New paragraph 399                       \n▌                                        \n▌LATEST-ACTIVITY                         \n▌                                        '), ('session-1', 31, 31, '▌New paragraph 394                       \n▌                                        \n▌New paragraph 395                       \n▌                                        \n▌New paragraph 396                       \n▌                                        \n▌New paragraph 397                       \n▌                                        \n▌New paragraph 398                       \n▌                                      ▃▃\n▌New paragraph 399                       \n▌                                        \n▌LATEST-ACTIVITY                         \n▌                                        ')][0m

Logs: /home/ts/wt/toad-tr0-test-collection-20260928/.artifacts/pilots-follow/popen-gw0/thread_activation_pilot0
_______________________ pilot: sidebar_navigation_pilot ________________________
[gw1] linux -- Python 3.14.2 /home/ts/wt/toad-tr0-test-collection-20260928/.venv/bin/python
Pilot failed: ExitedOutcome(code=1)
Traceback (most recent call last):
  File [35m"/home/ts/wt/toad-tr0-test-collection-20260928/tests/sidebar_navigation_pilot.py"[0m, line [35m158[0m, in [35mmain[0m
    await pilot.pause(.02)
  File [35m"/home/ts/wt/toad-tr0-test-collection-20260928/.venv/lib/python3.14/site-packages/textual/pilot.py"[0m, line [35m546[0m, in [35mpause[0m
    await asyncio.sleep(delay)
  File [35m"/home/ts/.local/share/uv/python/cpython-3.14.2-linux-x86_64-gnu/lib/python3.14/asyncio/tasks.py"[0m, line [35m702[0m, in [35msleep[0m
    return [1;31mawait future[0m
           [1;31m^^^^^^^^^^^^[0m
[1;35masyncio.exceptions.CancelledError[0m

The above exception was the direct cause of the following exception:

Traceback (most recent call last):
  File [35m"/home/ts/wt/toad-tr0-test-collection-20260928/tests/sidebar_navigation_pilot.py"[0m, line [35m191[0m, in [35m<module>[0m
    [31masyncio.run[0m[1;31m(main(finish_before_layout=parser.parse_args().finish_before_layout))[0m
    [31m~~~~~~~~~~~[0m[1;31m^^^^^^^^^^^^^^^^^^^^^^^^^^^^^^^^^^^^^^^^^^^^^^^^^^^^^^^^^^^^^^^^^^^^^[0m
  File [35m"/home/ts/.local/share/uv/python/cpython-3.14.2-linux-x86_64-gnu/lib/python3.14/asyncio/runners.py"[0m, line [35m204[0m, in [35mrun[0m
    return [31mrunner.run[0m[1;31m(main)[0m
           [31m~~~~~~~~~~[0m[1;31m^^^^^^[0m
  File [35m"/home/ts/.local/share/uv/python/cpython-3.14.2-linux-x86_64-gnu/lib/python3.14/asyncio/runners.py"[0m, line [35m127[0m, in [35mrun[0m
    return [31mself._loop.run_until_complete[0m[1;31m(task)[0m
           [31m~~~~~~~~~~~~~~~~~~~~~~~~~~~~~[0m[1;31m^^^^^^[0m
  File [35m"/home/ts/.local/share/uv/python/cpython-3.14.2-linux-x86_64-gnu/lib/python3.14/asyncio/base_events.py"[0m, line [35m719[0m, in [35mrun_until_complete[0m
    return [31mfuture.result[0m[1;31m()[0m
           [31m~~~~~~~~~~~~~[0m[1;31m^^[0m
  File [35m"/home/ts/wt/toad-tr0-test-collection-20260928/tests/sidebar_navigation_pilot.py"[0m, line [35m154[0m, in [35mmain[0m
    async with [31masyncio.timeout[0m[1;31m(5)[0m:
               [31m~~~~~~~~~~~~~~~[0m[1;31m^^^[0m
  File [35m"/home/ts/.local/share/uv/python/cpython-3.14.2-linux-x86_64-gnu/lib/python3.14/asyncio/timeouts.py"[0m, line [35m114[0m, in [35m__aexit__[0m
    raise TimeoutError from exc_val
[1;35mTimeoutError[0m

Logs: /home/ts/wt/toad-tr0-test-collection-20260928/.artifacts/pilots-follow/popen-gw1/sidebar_navigation_pilot0
=========================== short test summary info ============================
FAILED tests/thread_activation_pilot.py::thread_activation_pilot - Failed: Pi...
FAILED tests/sidebar_navigation_pilot.py::sidebar_navigation_pilot - Failed: ...
2 failed, 1 passed in 90.81s (0:01:30)
