..F....F.                                                                [100%]
=================================== FAILURES ===================================
__________________________ pilot: session_sort_pilot ___________________________
Pilot failed: ExitedOutcome(code=1)
Traceback (most recent call last):
  File [35m"/home/ts/wt/toad-tr0-sol-20260928/tests/session_sort_pilot.py"[0m, line [35m236[0m, in [35m<module>[0m
    [31masyncio.run[0m[1;31m(main())[0m
    [31m~~~~~~~~~~~[0m[1;31m^^^^^^^^[0m
  File [35m"/home/ts/.local/share/uv/python/cpython-3.14.2-linux-x86_64-gnu/lib/python3.14/asyncio/runners.py"[0m, line [35m204[0m, in [35mrun[0m
    return [31mrunner.run[0m[1;31m(main)[0m
           [31m~~~~~~~~~~[0m[1;31m^^^^^^[0m
  File [35m"/home/ts/.local/share/uv/python/cpython-3.14.2-linux-x86_64-gnu/lib/python3.14/asyncio/runners.py"[0m, line [35m127[0m, in [35mrun[0m
    return [31mself._loop.run_until_complete[0m[1;31m(task)[0m
           [31m~~~~~~~~~~~~~~~~~~~~~~~~~~~~~[0m[1;31m^^^^^^[0m
  File [35m"/home/ts/.local/share/uv/python/cpython-3.14.2-linux-x86_64-gnu/lib/python3.14/asyncio/base_events.py"[0m, line [35m719[0m, in [35mrun_until_complete[0m
    return [31mfuture.result[0m[1;31m()[0m
           [31m~~~~~~~~~~~~~[0m[1;31m^^[0m
  File [35m"/home/ts/wt/toad-tr0-sol-20260928/tests/session_sort_pilot.py"[0m, line [35m222[0m, in [35mmain[0m
    assert [1;31munopened.render().plain == "○ new\n  Stopped"[0m
           [1;31m^^^^^^^^^^^^^^^^^^^^^^^^^^^^^^^^^^^^^^^^^^^^^[0m
[1;35mAssertionError[0m

Logs: /home/ts/wt/toad-tr0-sol-20260928/.artifacts/merged-current/session_sort_pilot0
__________ CollectionGuards.test_no_machine_paths_or_skipped_behavior __________

self = <test_tr0.CollectionGuards testMethod=test_no_machine_paths_or_skipped_behavior>

    def test_no_machine_paths_or_skipped_behavior(self):
        for directory in ('tests', 'src'):
            for path in (ROOT/directory).rglob('*.py'):
                source=path.read_text()
                # Assemble the sentinel so this guard doesn't contain its own
                # forbidden machine-specific path literal.
>               self.assertNotIn('/'+'home/', source, str(path))
E               AssertionError: '/home/' unexpectedly found in '"""T1: real saved preferences, declaration extension and mounted editing."""\n\nfrom __future__ import annotations\n\nimport asyncio\nimport hashlib\nimport json\nimport os\nfrom pathlib import Path\nfrom tempfile import TemporaryDirectory\nfrom unittest.mock import patch\n\nfrom toad.app import ToadApp\nfrom toad.preferences import ToadSettings, UiSettings\nfrom toad.screens.settings import SettingsScreen\nfrom toad.setting_choices import BothExpansion, Expansion, FailExpansion, ThemeChoice\nfrom toad.setting_widgets import BooleanEditor, ChoiceEditor, InputEditor\nfrom toad.settings import (\n    BooleanSetting,\n    ChoiceSetting,\n    Group,\n    IntegerSetting,\n    NumberSetting,\n    PathSetting,\n    SettingsGroup,\n    StringSetting,\n    TextSetting,\n)\n\n\nclass UppercaseSetting(StringSetting):\n    def parse(self, raw: object) -> str:\n        return super().parse(raw).upper()\n\n\nclass ExtraPreferences(SettingsGroup):\n    badge = UppercaseSetting(\n        title="Badge",\n        default="HELLO",\n        effect=lambda app, value: setattr(app, "sub_title", value),\n    )\n\n\nclass ExtendedSettings(ToadSettings):\n    experiment = Group(ExtraPreferences, title="Experiment")\n\n\nclass SettingsApp(ToadApp):\n    CSS_PATH = Path(__file__).resolve().parents[1] / "src/toad/toad.tcss"\n\n    def _handle_exception(self, error: Exception) -> None:\n        import traceback\n\n        traceback.print_exception(error)\n        super()._handle_exception(error)\n\n    async def on_mount(self, event) -> None:\n        event.prevent_default()\n        await self.push_screen(SettingsScreen())\n\n\nasync def main() -> None:\n    source = Path("/home/ts/.config/toad/toad.json")\n    original = source.read_bytes()\n    raw = json.loads(original)\n    current = ToadSettings(raw)\n    assert current.document() == raw\n    assert not current.changed\n    assert current.tools.expand.should_expand("failed")\n    assert BothExpansion.should_expand("completed") and BothExpansion.should_expand(\n        "failed"\n    )\n    assert not BothExpansion.should_expand("pending")\n    fixtures = [\n        (BooleanSetting(title="b", default=False), True, "true"),\n        (IntegerSetting(title="i", default=2, minimum=1), 3, False),\n        (NumberSetting(title="n", default=2.0, minimum=1), 3.0, "3"),\n        (StringSetting(title="s", default=""), "text", 1),\n        (TextSetting(title="t", default=""), "text\\nmore", []),\n        (PathSetting(title="p", default=Path(".")), "$HOME/file", 2),\n        (\n            ChoiceSetting(Expansion, title="c", default=FailExpansion),\n            "both",\n            "sometimes",\n        ),\n    ]\n    for kind, valid, invalid in fixtures:\n        assert kind.parse(valid) is not None\n        try:\n            kind.parse(invalid)\n        except ValueError, TypeError:\n            pass\n        else:\n            raise AssertionError(f"{type(kind).__name__} accepted invalid input")\n    kinds = type(\n        "Kinds",\n        (SettingsGroup,),\n        {f"kind_{index}": kind for index, (kind, _, _) in enumerate(fixtures)},\n    )()\n    for kind in (\n        IntegerSetting(title="i", default=2, minimum=1),\n        NumberSetting(title="n", default=2.0, maximum=3),\n    ):\n        try:\n            kind.parse(0 if kind.minimum is not None else 4.0)\n        except ValueError:\n            pass\n        else:\n            raise AssertionError("Bounds not enforced")\n    number = NumberSetting(title="number", default=1.0)\n    assert number.parse(2) == 2.0\n    for value in (float("nan"), float("inf"), True):\n        try:\n            number.parse(value)\n        except ValueError:\n            pass\n        else:\n            raise AssertionError("Invalid JSON number accepted")\n    root_parent = Path(__file__).resolve().parents[1] / ".artifacts"\n    root_parent.mkdir(exist_ok=True)\n    with TemporaryDirectory(dir=root_parent, prefix="settings-") as temporary:\n        root = Path(temporary)\n        config = root / "config" / "toad"\n        config.mkdir(parents=True)\n        settings_file = config / "toad.json"\n        settings_file.write_bytes(original)\n        with patch.dict(\n            os.environ,\n            XDG_CONFIG_HOME=str(root / "config"),\n            XDG_STATE_HOME=str(root / "state"),\n            XDG_DATA_HOME=str(root / "data"),\n            AGENT_COMMS_ROOT=str(root / "wire"),\n        ):\n            app = SettingsApp()\n            async with app.run_test(size=(120, 40)) as pilot:\n                await pilot.pause()\n                for bound in kinds.leaves():\n                    assert bound.kind.widget(bound) is not None\n                assert app.settings.document() == raw\n                expected = len(\n                    [\n                        bound\n                        for node in ToadSettings.nodes()\n                        if node.editable\n                        for bound in node.leaves(app.settings)\n                    ]\n                )\n                async with asyncio.timeout(5):\n                    while len(app.screen.query(".setting")) != expected:\n                        await pilot.pause(0.05)\n                assert not app.settings.changed, (\n                    "Editor initialization changed preferences"\n                )\n                footer = next(\n                    w\n                    for w in app.screen.query(BooleanEditor)\n                    if w.bound.kind is UiSettings.footer\n                )\n                before = app.settings.ui.footer\n                footer.value = not before\n                await pilot.pause()\n                assert app.settings.ui.footer is not before\n                assert app.has_class("-hide-footer") is before\n                theme = next(\n                    w\n                    for w in app.screen.query(ChoiceEditor)\n                    if w.bound.kind is UiSettings.theme\n                )\n                theme.value = ThemeChoice.decode("ansi-light")\n                await pilot.pause()\n                assert app.theme == "ansi-light"\n                assert app.settings.document()["ui"]["theme"] == "ansi-light"\n                width = next(\n                    w\n                    for w in app.screen.query(InputEditor)\n                    if w.bound.kind is UiSettings.column_width\n                )\n                width.value = "120"\n                width.focus()\n                await pilot.pause()\n                await pilot.press("tab")\n                await pilot.pause()\n                assert app.column_width == 120\n                width.value = "4"\n                width.focus()\n                await pilot.pause()\n                await pilot.press("tab")\n                await pilot.pause()\n                assert app.column_width == 120 and width.value == "120"\n                app.settings = ExtendedSettings(\n                    app.settings.document(), notify=app._apply_preference\n                )\n                await app.pop_screen()\n                await app.push_screen(SettingsScreen())\n                await pilot.pause()\n                badge = next(\n                    w\n                    for w in app.screen.query(InputEditor)\n                    if w.bound.kind is ExtraPreferences.badge\n                )\n                badge.value = "fresh"\n                badge.focus()\n                await pilot.pause()\n                await pilot.press("tab")\n                await pilot.pause()\n                assert (\n                    app.settings.experiment.badge == "FRESH"\n                    and app.sub_title == "FRESH"\n                )\n                await app.save_settings()\n                reopened = ExtendedSettings(json.loads(settings_file.read_text()))\n                assert (\n                    reopened.experiment.badge == "FRESH"\n                    and reopened.ui.column_width == 120\n                )\n                assert not reopened.changed\n    assert (\n        hashlib.sha256(source.read_bytes()).digest()\n        == hashlib.sha256(original).digest()\n    )\n    print(\n        "PASS real saved settings unchanged; all kinds/bounds; mounted editing/effects; new declaration; save/reopen; original untouched"\n    )\n\n\nif __name__ == "__main__":\n    asyncio.run(main())\n' : /home/ts/wt/toad-tr0-sol-20260928/tests/settings_tree_pilot.py

tests/guards/test_tr0.py:17: AssertionError
=========================== short test summary info ============================
FAILED tests/session_sort_pilot.py::session_sort_pilot - Failed: Pilot failed...
FAILED tests/guards/test_tr0.py::CollectionGuards::test_no_machine_paths_or_skipped_behavior
2 failed, 7 passed in 54.56s
