F..                                                                      [100%]
=================================== FAILURES ===================================
______________________________ pilot: resize_pty _______________________________
Pilot failed: ExitedOutcome(code=1)
Traceback (most recent call last):
  File [35m"/home/ts/wt/toad-tr0-sol-20260928/tests/resize_pty.py"[0m, line [35m44[0m, in [35m<module>[0m
    [31masyncio.run[0m[1;31m(main())[0m
    [31m~~~~~~~~~~~[0m[1;31m^^^^^^^^[0m
  File [35m"/home/ts/.local/share/uv/python/cpython-3.14.2-linux-x86_64-gnu/lib/python3.14/asyncio/runners.py"[0m, line [35m204[0m, in [35mrun[0m
    return [31mrunner.run[0m[1;31m(main)[0m
           [31m~~~~~~~~~~[0m[1;31m^^^^^^[0m
  File [35m"/home/ts/.local/share/uv/python/cpython-3.14.2-linux-x86_64-gnu/lib/python3.14/asyncio/runners.py"[0m, line [35m127[0m, in [35mrun[0m
    return [31mself._loop.run_until_complete[0m[1;31m(task)[0m
           [31m~~~~~~~~~~~~~~~~~~~~~~~~~~~~~[0m[1;31m^^^^^^[0m
  File [35m"/home/ts/.local/share/uv/python/cpython-3.14.2-linux-x86_64-gnu/lib/python3.14/asyncio/base_events.py"[0m, line [35m719[0m, in [35mrun_until_complete[0m
    return [31mfuture.result[0m[1;31m()[0m
           [31m~~~~~~~~~~~~~[0m[1;31m^^[0m
  File [35m"/home/ts/wt/toad-tr0-sol-20260928/tests/resize_pty.py"[0m, line [35m35[0m, in [35mmain[0m
    assert [1;31m"A paragraph" in frame or "REPLAY_MARKER_39" in frame[0m, (width, height, frame)
           [1;31m^^^^^^^^^^^^^^^^^^^^^^^^^^^^^^^^^^^^^^^^^^^^^^^^^^^^^[0m
[1;35mAssertionError[0m: [35m(70, 25, '                                                                      \n  ☰     <──    ──>   resize ×                                        \n                      ━━━━━━                                          \n▼ Channels       Name ▾    │                                          \n+ New Session              │▌                                         \n▾ #any    Date created…    │▌                                         \n  (40) ✓ resize            │▌               ···●●●●                   \n    Ready                  │▌            ···       ●●●                \n▸ #none   Date created…    │▌           ··           ••               \n▸ #all    Date created…    │▌           ··           ••               \n                           │▌           ··           ••               \n                           │▌            ···       •••                \n                           │▌               ·······                   \n                         < │▌                                       < \n                           │▌   Loading new thread and history…       \n                           │▌                                         \n                           │▌                                         \n                           │▌                                         \n                           │                                          \n                           │                                          \n                           │▊▔▔▔▔▔▔▔▔▔▔▔▔▔▔▔▔▔▔▔▔▔▔▔▔▔▔▔▔▔▔▔▔▔▔▔▔▔▎   \n                           │▊ ❯                                   ▎   \n40% ──────────────●─────   │▊▁▁▁▁▁▁▁▁▁▁▁▁▁▁▁▁▁▁▁▁▁▁▁▁▁▁▁▁▁▁▁▁▁▁▁▁▁▎   \n  ──>   Float              │  Initializing…  toad-resize-pty-vqn…     \n⏎ Send ⇧+⏎ Line ^c Interrupt ^g IRC view ^b Sidebar ^s Cha▏^p palette ')[0m

Logs: /home/ts/wt/toad-tr0-sol-20260928/.artifacts/terminal-current/resize_pty0
=========================== short test summary info ============================
FAILED tests/resize_pty.py::resize_pty - Failed: Pilot failed: ExitedOutcome(...
1 failed, 2 passed in 30.67s
