Traceback (most recent call last):
  File "/home/ts/wt/toad-export-caller-migration-20260928/tests/goal_edit_owner_pilot.py", line 87, in main
    snapshot = next(
        item
        for item in reversed(emitted)
        if isinstance(item, GoalSnapshotUpdate)
    )
StopIteration

The above exception was the direct cause of the following exception:

Traceback (most recent call last):
  File "/home/ts/wt/toad-export-caller-migration-20260928/tests/goal_edit_owner_pilot.py", line 110, in <module>
    asyncio.run(main())
    ~~~~~~~~~~~^^^^^^^^
  File "/home/ts/.local/share/uv/python/cpython-3.14.2-linux-x86_64-gnu/lib/python3.14/asyncio/runners.py", line 204, in run
    return runner.run(main)
           ~~~~~~~~~~^^^^^^
  File "/home/ts/.local/share/uv/python/cpython-3.14.2-linux-x86_64-gnu/lib/python3.14/asyncio/runners.py", line 127, in run
    return self._loop.run_until_complete(task)
           ~~~~~~~~~~~~~~~~~~~~~~~~~~~~~^^^^^^
  File "/home/ts/.local/share/uv/python/cpython-3.14.2-linux-x86_64-gnu/lib/python3.14/asyncio/base_events.py", line 719, in run_until_complete
    return future.result()
           ~~~~~~~~~~~~~^^
RuntimeError: coroutine raised StopIteration
