{"application_imports": ["/home/ts/wt/toad-viewport-raster-cpu-continuation-20261001/.artifacts/runtime-native-style22-20261002/lib/python3.14/site-packages/agent_comms/__init__.py", "/home/ts/wt/toad-viewport-raster-cpu-continuation-20261001/.artifacts/runtime-native-style22-20261002/lib/python3.14/site-packages/toad/__init__.py", "/home/ts/wt/toad-viewport-raster-cpu-continuation-20261001/.artifacts/runtime-native-style22-20261002/lib/python3.14/site-packages/textual/__init__.py"], "test_runner": "/usr/lib/python3.14/site-packages/pytest/__init__.py"}
W6 GUI: issuing one original authored localhost ACP input
{"saved_native_fixture": "/home/ts/wt/w6gui01/test_authentic_recorded_annota0/wire", "localhost_posts": 1, "native_input_proofs": 1, "children": [{"pid": 1425019, "start_time": 62867061}], "children_retired": true}
F
=================================== FAILURES ===================================
______________ test_authentic_recorded_annotation_gui_correction _______________
tests/test_context_manifest_navigation.py:512: in test_authentic_recorded_annotation_gui_correction
    asyncio.run(mounted())
../../.local/share/uv/python/cpython-3.14.2-linux-x86_64-gnu/lib/python3.14/asyncio/runners.py:204: in run
    return runner.run(main)
           ^^^^^^^^^^^^^^^^
../../.local/share/uv/python/cpython-3.14.2-linux-x86_64-gnu/lib/python3.14/asyncio/runners.py:127: in run
    return self._loop.run_until_complete(task)
           ^^^^^^^^^^^^^^^^^^^^^^^^^^^^^^^^^^^
../../.local/share/uv/python/cpython-3.14.2-linux-x86_64-gnu/lib/python3.14/asyncio/base_events.py:719: in run_until_complete
    return future.result()
           ^^^^^^^^^^^^^^^
tests/test_context_manifest_navigation.py:411: in mounted
    assert "".join(span.coordinates.public_text(original.text) for span in spans) == authored
E   AssertionError: assert 'Keep the aut...hored answer.' == 'Keep the aut...red answer.\n'
E     
E     + Keep the authored source unchanged.Deliver the authored answer.
E     - Keep the authored source unchanged.
E     - Deliver the authored answer.
=========================== short test summary info ============================
FAILED tests/test_context_manifest_navigation.py::test_authentic_recorded_annotation_gui_correction
1 failed in 8.22s
