{
  "sources": [
    {
      "module": "agent_comms",
      "head": "a3a1b8f69f61acb0b01e92a0ac5a9ed161b28f9f",
      "files": 339,
      "byte_equal": true
    },
    {
      "module": "toad",
      "head": "742083719237dd61ecf3b404678e4a7b6d832e3e",
      "files": 320,
      "byte_equal": true
    },
    {
      "module": "textual",
      "head": "0ab687e007fca311ce9f786634d8f5fc991ff808",
      "files": 266,
      "byte_equal": true
    },
    {
      "module": "textual_diff_view",
      "head": "8fa7d4d0db993ea3b761c2760ca9b6a56a6251e9",
      "files": 3,
      "byte_equal": true
    }
  ],
  "native_full_trust": true,
  "sdk": "0.12.1",
  "package_count": 69,
  "prefix": "/home/ts/wt/toad-viewport-raster-cpu-continuation-20261001/.artifacts/runtime-native-style22-20261002"
}
