{
  "sources": [
    {
      "module": "agent_comms",
      "head": "62dca2914fbfbcc500714953ce981dda818cfd63",
      "files": 339,
      "byte_equal": true
    },
    {
      "module": "toad",
      "head": "89eeada3268de541f47f6eb8f03bb64658090d5e",
      "files": 319,
      "byte_equal": true
    },
    {
      "module": "textual",
      "head": "a818dcfd4a4a874af085f705559e134a00b7d189",
      "files": 266,
      "byte_equal": true
    },
    {
      "module": "textual_diff_view",
      "head": "8fa7d4d0db993ea3b761c2760ca9b6a56a6251e9",
      "files": 3,
      "byte_equal": true
    }
  ],
  "native_full_trust": true,
  "sdk": "0.12.1",
  "package_count": 69,
  "prefix": "/home/ts/wt/toad-viewport-raster-cpu-continuation-20261001/.artifacts/runtime-native-style22-20261002"
}
