Traceback (most recent call last):
  File "<frozen runpy>", line 203, in _run_module_as_main
  File "<frozen runpy>", line 88, in _run_code
  File "/home/ts/wt/comms-refactor-integration-20260927/.venv/lib/python3.14/site-packages/pytest/__main__.py", line 9, in <module>
    raise SystemExit(_console_main())
                     ~~~~~~~~~~~~~^^
  File "/home/ts/wt/comms-refactor-integration-20260927/.venv/lib/python3.14/site-packages/_pytest/config/__init__.py", line 253, in _console_main
    code = _main(prog=_get_prog_name(sys.argv))
  File "/home/ts/wt/comms-refactor-integration-20260927/.venv/lib/python3.14/site-packages/_pytest/config/__init__.py", line 223, in _main
    config = _prepareconfig(new_args, plugins, prog=prog)
  File "/home/ts/wt/comms-refactor-integration-20260927/.venv/lib/python3.14/site-packages/_pytest/config/__init__.py", line 410, in _prepareconfig
    config: Config = pluginmanager.hook.pytest_cmdline_parse(
                     ~~~~~~~~~~~~~~~~~~~~~~~~~~~~~~~~~~~~~~~^
        pluginmanager=pluginmanager, args=args
        ^^^^^^^^^^^^^^^^^^^^^^^^^^^^^^^^^^^^^^
    )
    ^
  File "/home/ts/wt/comms-refactor-integration-20260927/.venv/lib/python3.14/site-packages/pluggy/_hooks.py", line 512, in __call__
    return self._hookexec(self.name, self._hookimpls.copy(), kwargs, firstresult)
           ~~~~~~~~~~~~~~^^^^^^^^^^^^^^^^^^^^^^^^^^^^^^^^^^^^^^^^^^^^^^^^^^^^^^^^
  File "/home/ts/wt/comms-refactor-integration-20260927/.venv/lib/python3.14/site-packages/pluggy/_manager.py", line 120, in _hookexec
    return self._inner_hookexec(hook_name, methods, kwargs, firstresult)
           ~~~~~~~~~~~~~~~~~~~~^^^^^^^^^^^^^^^^^^^^^^^^^^^^^^^^^^^^^^^^^
  File "/home/ts/wt/comms-refactor-integration-20260927/.venv/lib/python3.14/site-packages/pluggy/_callers.py", line 167, in _multicall
    raise exception
  File "/home/ts/wt/comms-refactor-integration-20260927/.venv/lib/python3.14/site-packages/pluggy/_callers.py", line 139, in _multicall
    teardown.throw(exception)
    ~~~~~~~~~~~~~~^^^^^^^^^^^
  File "/home/ts/wt/comms-refactor-integration-20260927/.venv/lib/python3.14/site-packages/_pytest/helpconfig.py", line 124, in pytest_cmdline_parse
    config = yield
             ^^^^^
  File "/home/ts/wt/comms-refactor-integration-20260927/.venv/lib/python3.14/site-packages/pluggy/_callers.py", line 121, in _multicall
    res = hook_impl.function(*args)
  File "/home/ts/wt/comms-refactor-integration-20260927/.venv/lib/python3.14/site-packages/_pytest/config/__init__.py", line 1232, in pytest_cmdline_parse
    self.parse(args)
    ~~~~~~~~~~^^^^^^
  File "/home/ts/wt/comms-refactor-integration-20260927/.venv/lib/python3.14/site-packages/_pytest/config/__init__.py", line 1583, in parse
    self.pluginmanager.load_setuptools_entrypoints("pytest11")
    ~~~~~~~~~~~~~~~~~~~~~~~~~~~~~~~~~~~~~~~~~~~~~~^^^^^^^^^^^^
  File "/home/ts/wt/comms-refactor-integration-20260927/.venv/lib/python3.14/site-packages/pluggy/_manager.py", line 416, in load_setuptools_entrypoints
    plugin = ep.load()
  File "/usr/lib/python3.14/importlib/metadata/__init__.py", line 179, in load
    module = import_module(match.group('module'))
  File "/usr/lib/python3.14/importlib/__init__.py", line 88, in import_module
    return _bootstrap._gcd_import(name[level:], package, level)
           ~~~~~~~~~~~~~~~~~~~~~~^^^^^^^^^^^^^^^^^^^^^^^^^^^^^^
  File "<frozen importlib._bootstrap>", line 1406, in _gcd_import
  File "<frozen importlib._bootstrap>", line 1371, in _find_and_load
  File "<frozen importlib._bootstrap>", line 1335, in _find_and_load_unlocked
ModuleNotFoundError: No module named 'platformdirs.pytest_plugin'
