Traceback (most recent call last):
  File "/home/ts/wt/toad-t7-terminal-20260928/tests/large_stream_pilot.py", line 11, in <module>
    from toad.app import ToadApp
  File "/home/ts/wt/toad-t7-terminal-20260928/src/toad/app.py", line 39, in <module>
    from toad.channel_preparation import ChannelHistoryReader, HistoryKind
  File "/home/ts/wt/toad-t7-terminal-20260928/src/toad/channel_preparation.py", line 10, in <module>
    from agent_comms.comms import Comms
  File "/home/ts/wt/comms-refactor2-s13-20260928/src/agent_comms/__init__.py", line 5, in <module>
    from .exporting import (
    ...<6 lines>...
    )
  File "/home/ts/wt/comms-refactor2-s13-20260928/src/agent_comms/exporting.py", line 20, in <module>
    from .catalog_store import ChannelCatalog
  File "/home/ts/wt/comms-refactor2-s13-20260928/src/agent_comms/catalog_store.py", line 11, in <module>
    from .catalog_document import CatalogDocument
  File "/home/ts/wt/comms-refactor2-s13-20260928/src/agent_comms/catalog_document.py", line 10, in <module>
    from .channels import Channel, SavedView, ViewPredicate
  File "/home/ts/wt/comms-refactor2-s13-20260928/src/agent_comms/channels.py", line 11, in <module>
    from .declared_family import DeclaredFamily
  File "/home/ts/wt/comms-refactor2-s13-20260928/src/agent_comms/declared_family.py", line 9, in <module>
    from metaclass_registry import AutoRegisterMeta, RegistryConfig  # type: ignore[import-untyped]
    ^^^^^^^^^^^^^^^^^^^^^^^^^^^^^^^^^^^^^^^^^^^^^^^^^^^^^^^^^^^^^^^
ModuleNotFoundError: No module named 'metaclass_registry'
