Traceback (most recent call last):
  File "/home/ts/wt/toad-regression-widget-cost-20261001/.artifacts/working-memory-w6-authentic-gui-continuation02/prepare.py", line 76, in <module>
    (out/'candidate-activation.json').write_text(json.dumps(FieldCodec.encode(activation),indent=2)+'\n')
                                                            ~~~~~~~~~~~~~~~~~^^^^^^^^^^^^
  File "/home/ts/wt/toad-prompt-action-owner-20261002/.artifacts/runtime-native-read532-534-retirement325-20261002/lib/python3.14/site-packages/agent_comms/field_codec.py", line 275, in encode
    result.update(
    ~~~~~~~~~~~~~^
        (key, cls.encode(getattr(value, field.name), hints[field.name]))
        ^^^^^^^^^^^^^^^^^^^^^^^^^^^^^^^^^^^^^^^^^^^^^^^^^^^^^^^^^^^^^^^^
    ...<13 lines>...
        )
        ^
    )
    ^
  File "/home/ts/wt/toad-prompt-action-owner-20261002/.artifacts/runtime-native-read532-534-retirement325-20261002/lib/python3.14/site-packages/agent_comms/field_codec.py", line 276, in <genexpr>
    (key, cls.encode(getattr(value, field.name), hints[field.name]))
          ~~~~~~~~~~^^^^^^^^^^^^^^^^^^^^^^^^^^^^^^^^^^^^^^^^^^^^^^^
  File "/home/ts/wt/toad-prompt-action-owner-20261002/.artifacts/runtime-native-read532-534-retirement325-20261002/lib/python3.14/site-packages/agent_comms/field_codec.py", line 311, in encode
    raise TypeError(f"Unsupported JSON value: {type(value).__name__}")
TypeError: Unsupported JSON value: PosixPath
