PHYSICAL_FIRST_REPLY_HELP_SETTINGS_BLUR_SAVE_FRAME_DRAFT_IDENTITY_PASS
Traceback (most recent call last):
  File "/home/ts/wt/toad-thread-opening-sol-20260929/tests/application_actions_installed_journey.py", line 148, in <module>
    if __name__=='__main__':asyncio.run(main())
                            ~~~~~~~~~~~^^^^^^^^
  File "/home/ts/.local/share/uv/python/cpython-3.14.2-linux-x86_64-gnu/lib/python3.14/asyncio/runners.py", line 204, in run
    return runner.run(main)
           ~~~~~~~~~~^^^^^^
  File "/home/ts/.local/share/uv/python/cpython-3.14.2-linux-x86_64-gnu/lib/python3.14/asyncio/runners.py", line 127, in run
    return self._loop.run_until_complete(task)
           ~~~~~~~~~~~~~~~~~~~~~~~~~~~~~^^^^^^
  File "/home/ts/.local/share/uv/python/cpython-3.14.2-linux-x86_64-gnu/lib/python3.14/asyncio/base_events.py", line 719, in run_until_complete
    return future.result()
           ~~~~~~~~~~~~~^^
  File "/home/ts/wt/toad-thread-opening-sol-20260929/tests/application_actions_installed_journey.py", line 91, in main
    await palette(pilot,app,'Q8 declaration proof',lambda:(project/'declaration-proof.txt').exists())
  File "/home/ts/wt/toad-thread-opening-sol-20260929/tests/application_actions_installed_journey.py", line 43, in palette
    await until(pilot, lambda: app.screen._list.option_count > 0)
  File "/home/ts/wt/toad-thread-opening-sol-20260929/tests/sidebar_retirement_pilot.py", line 35, in until
    while not condition():
              ~~~~~~~~~^^
  File "/home/ts/wt/toad-thread-opening-sol-20260929/tests/application_actions_installed_journey.py", line 43, in <lambda>
    await until(pilot, lambda: app.screen._list.option_count > 0)
                               ^^^^^^^^^^^^^^^^
AttributeError: 'CommandPalette' object has no attribute '_list'
