.....F.                                                                  [100%]
=================================== FAILURES ===================================
______________________ pilot: channel_partial_paint_pilot ______________________
Pilot failed: ExitedOutcome(code=1)
m [34m│[0m                 [2;32m│   │   │   [0m[33mbus_identity[0m=[1m([0m[1;36m2083[0m, [1;36m3470165[0m[1m)[0m                 [34m│[0m [31m│[0m
[31m│[0m [34m│[0m                 [2;32m│   │   [0m[1m)[0m                                                [34m│[0m [31m│[0m
[31m│[0m [34m│[0m                 [2;32m│   [0m[1m)[0m,                                                   [34m│[0m [31m│[0m
[31m│[0m [34m│[0m                 [2;32m│   [0m[33mdisplay_basis[0m=[3;35mNone[0m,                                  [34m│[0m [31m│[0m
[31m│[0m [34m│[0m                 [2;32m│   [0m[33mhistorical_display[0m=[3;35mNone[0m,                             [34m│[0m [31m│[0m
[31m│[0m [34m│[0m                 [2;32m│   [0m[33mhistory_revision[0m=[3;35mNone[0m                                [34m│[0m [31m│[0m
[31m│[0m [34m│[0m                 [1m)[0m                                                        [34m│[0m [31m│[0m
[31m│[0m [34m│[0m          [3;33mpage[0m[31m =[0m [1;35mMessagePage[0m[1m([0m                                             [34m│[0m [31m│[0m
[31m│[0m [34m│[0m                 [2;32m│   [0m[33mmessages[0m=[1m([0m                                           [34m│[0m [31m│[0m
[31m│[0m [34m│[0m                 [2;32m│   │   [0m[1;35mMessage[0m[1m([0m                                         [34m│[0m [31m│[0m
[31m│[0m [34m│[0m                 [2;32m│   │   │   [0m[33msender[0m=[32m'peer'[0m,                               [34m│[0m [31m│[0m
[31m│[0m [34m│[0m                 [2;32m│   │   │   [0m[33mtarget[0m=[32m'#team'[0m,                              [34m│[0m [31m│[0m
[31m│[0m [34m│[0m                 [2;32m│   │   │   [0m[33mbody[0m=[32m'row [0m                                   [34m│[0m [31m│[0m
[31m│[0m [34m│[0m                 [32m7\nbody\nbody\nbody\nbody\nbody\nbody\nbody\nbody\nbody…[0m [34m│[0m [31m│[0m
[31m│[0m [34m│[0m                 [2;32m│   │   │   [0m[33mtype[0m=[1m<[0m[1;95mMessageType.INFO:[0m[39m [0m[32m'info'[0m[39m>,[0m             [34m│[0m [31m│[0m
[31m│[0m [34m│[0m                 [2;32m│   │   │   [0m[33mtimestamp[0m[39m=[0m[1;36m1790629825[0m[1;36m.2771394[0m[39m,[0m                [34m│[0m [31m│[0m
[31m│[0m [34m│[0m                 [2;32m│   │   │   [0m[33mseq[0m[39m=[0m[1;36m8[0m[39m,[0m                                       [34m│[0m [31m│[0m
[31m│[0m [34m│[0m                 [2;32m│   │   │   [0m[33msender_role[0m[39m=<ThreadRole.AGENT: [0m[32m'agent'[0m[1m>[0m,     [34m│[0m [31m│[0m
[31m│[0m [34m│[0m                 [2;32m│   │   │   [0m[33mmembership[0m=[3;35mNone[0m,                             [34m│[0m [31m│[0m
[31m│[0m [34m│[0m                 [2;32m│   │   │   [0m[33mnotice[0m=[3;91mFalse[0m,                                [34m│[0m [31m│[0m
[31m│[0m [34m│[0m                 [2;32m│   │   │   [0m[33mmentions[0m=[1m([0m[1m)[0m,                                 [34m│[0m [31m│[0m
[31m│[0m [34m│[0m                 [2;32m│   │   │   [0m[33mclaim_transition[0m=[3;35mNone[0m                        [34m│[0m [31m│[0m
[31m│[0m [34m│[0m                 [2;32m│   │   [0m[1m)[0m,                                               [34m│[0m [31m│[0m
[31m│[0m [34m│[0m                 [2;32m│   [0m[1m)[0m,                                                   [34m│[0m [31m│[0m
[31m│[0m [34m│[0m                 [2;32m│   [0m[33mhas_older[0m=[3;91mFalse[0m,                                     [34m│[0m [31m│[0m
[31m│[0m [34m│[0m                 [2;32m│   [0m[33mhas_newer[0m=[3;91mFalse[0m,                                     [34m│[0m [31m│[0m
[31m│[0m [34m│[0m                 [2;32m│   [0m[33mdisplay_scope[0m=[1;35mChannelDisplayScope[0m[1m([0m                   [34m│[0m [31m│[0m
[31m│[0m [34m│[0m                 [2;32m│   │   [0m[33mchannel[0m=[32m'#team'[0m,                                 [34m│[0m [31m│[0m
[31m│[0m [34m│[0m                 [2;32m│   │   [0m[33mtargets[0m=[1;35mfrozenset[0m[1m([0m[1m{[0m[32m'#team'[0m[1m}[0m[1m)[0m,                    [34m│[0m [31m│[0m
[31m│[0m [34m│[0m                 [2;32m│   │   [0m[33many_mode[0m=[3;91mFalse[0m,                                  [34m│[0m [31m│[0m
[31m│[0m [34m│[0m                 [2;32m│   │   [0m[33mparticipant_names[0m=[1;35mfrozenset[0m[1m([0m[1m)[0m,                   [34m│[0m [31m│[0m
[31m│[0m [34m│[0m                 [2;32m│   │   [0m[33mseen_sequences[0m=[1;35mfrozenset[0m[1m([0m[1m)[0m,                      [34m│[0m [31m│[0m
[31m│[0m [34m│[0m                 [2;32m│   │   [0m[33mdisplayed[0m=[1;35mDisplayBasis[0m[1m([0m                          [34m│[0m [31m│[0m
[31m│[0m [34m│[0m                 [2;32m│   │   │   [0m[33mviewer[0m=[32m'user'[0m,                               [34m│[0m [31m│[0m
[31m│[0m [34m│[0m                 [2;32m│   │   │   [0m[33mviewer_created_at[0m=[1;36m1790629825[0m[1;36m.0053518[0m,        [34m│[0m [31m│[0m
[31m│[0m [34m│[0m                 [2;32m│   │   │   [0m[33mconversations[0m=[1m([0m                              [34m│[0m [31m│[0m
[31m│[0m [34m│[0m                 [2;32m│   │   │   │   [0m[1;35mDisplayedConversation[0m[1m([0m                   [34m│[0m [31m│[0m
[31m│[0m [34m│[0m                 [2;32m│   │   │   │   │   [0m[33mconversation[0m=[1;35mConversation[0m[1m([0m           [34m│[0m [31m│[0m
[31m│[0m [34m│[0m                 [2;32m│   │   │   │   │   │   [0m[33mtarget[0m=[32m'#team'[0m,                  [34m│[0m [31m│[0m
[31m│[0m [34m│[0m                 [2;32m│   │   │   │   │   │   [0m[33mparticipants[0m=[1m([0m[1m)[0m                  [34m│[0m [31m│[0m
[31m│[0m [34m│[0m                 [2;32m│   │   │   │   │   [0m[1m)[0m,                                   [34m│[0m [31m│[0m
[31m│[0m [34m│[0m                 [2;32m│   │   │   │   │   [0m[33msequences[0m=[1m([0m[1;36m8[0m,[1m)[0m                       [34m│[0m [31m│[0m
[31m│[0m [34m│[0m                 [2;32m│   │   │   │   [0m[1m)[0m,                                       [34m│[0m [31m│[0m
[31m│[0m [34m│[0m                 [2;32m│   │   │   [0m[1m)[0m,                                           [34m│[0m [31m│[0m
[31m│[0m [34m│[0m                 [2;32m│   │   │   [0m[33mbus_identity[0m=[1m([0m[1;36m2083[0m, [1;36m3470165[0m[1m)[0m                 [34m│[0m [31m│[0m
[31m│[0m [34m│[0m                 [2;32m│   │   [0m[1m)[0m                                                [34m│[0m [31m│[0m
[31m│[0m [34m│[0m                 [2;32m│   [0m[1m)[0m,                                                   [34m│[0m [31m│[0m
[31m│[0m [34m│[0m                 [2;32m│   [0m[33mdisplay_basis[0m=[3;35mNone[0m,                                  [34m│[0m [31m│[0m
[31m│[0m [34m│[0m                 [2;32m│   [0m[33mhistorical_display[0m=[3;35mNone[0m,                             [34m│[0m [31m│[0m
[31m│[0m [34m│[0m                 [2;32m│   [0m[33mhistory_revision[0m=[3;35mNone[0m                                [34m│[0m [31m│[0m
[31m│[0m [34m│[0m                 [1m)[0m                                                        [34m│[0m [31m│[0m
[31m│[0m [34m│[0m      [3;33mselected[0m[31m =[0m [1m{[0m[1;36m8[0m[1m}[0m                                                      [34m│[0m [31m│[0m
[31m│[0m [34m╰──────────────────────────────────────────────────────────────────────────╯[0m [31m│[0m
[31m╰──────────────────────────────────────────────────────────────────────────────╯[0m
[1;91mAttributeError: [0m[32m'CommsChatView'[0m object has no attribute 
[32m'_painted_message_sequences'[0m
Traceback (most recent call last):
  File [35m"/home/ts/wt/toad-t3-commands-sol-20260928/tests/channel_partial_paint_pilot.py"[0m, line [35m51[0m, in [35mmain[0m
    await pilot.pause(.02)
  File [35m"/home/ts/wt/toad-t3-commands-sol-20260928/.venv/lib/python3.14/site-packages/textual/pilot.py"[0m, line [35m546[0m, in [35mpause[0m
    await asyncio.sleep(delay)
  File [35m"/home/ts/.local/share/uv/python/cpython-3.14.2-linux-x86_64-gnu/lib/python3.14/asyncio/tasks.py"[0m, line [35m702[0m, in [35msleep[0m
    return [1;31mawait future[0m
           [1;31m^^^^^^^^^^^^[0m
[1;35masyncio.exceptions.CancelledError[0m

The above exception was the direct cause of the following exception:

Traceback (most recent call last):
  File [35m"/home/ts/wt/toad-t3-commands-sol-20260928/.venv/lib/python3.14/site-packages/textual/app.py"[0m, line [35m2210[0m, in [35mrun_test[0m
    yield pilot
  File [35m"/home/ts/wt/toad-t3-commands-sol-20260928/tests/runtime_fixture.py"[0m, line [35m38[0m, in [35mrun_test[0m
    yield pilot
  File [35m"/home/ts/wt/toad-t3-commands-sol-20260928/tests/channel_partial_paint_pilot.py"[0m, line [35m49[0m, in [35mmain[0m
    async with [31masyncio.timeout[0m[1;31m(5)[0m:
               [31m~~~~~~~~~~~~~~~[0m[1;31m^^^[0m
  File [35m"/home/ts/.local/share/uv/python/cpython-3.14.2-linux-x86_64-gnu/lib/python3.14/asyncio/timeouts.py"[0m, line [35m114[0m, in [35m__aexit__[0m
    raise TimeoutError from exc_val
[1;35mTimeoutError[0m

During handling of the above exception, another exception occurred:

Traceback (most recent call last):
  File [35m"/home/ts/wt/toad-t3-commands-sol-20260928/tests/channel_partial_paint_pilot.py"[0m, line [35m75[0m, in [35m<module>[0m
    [31masyncio.run[0m[1;31m(main())[0m
    [31m~~~~~~~~~~~[0m[1;31m^^^^^^^^[0m
  File [35m"/home/ts/.local/share/uv/python/cpython-3.14.2-linux-x86_64-gnu/lib/python3.14/asyncio/runners.py"[0m, line [35m204[0m, in [35mrun[0m
    return [31mrunner.run[0m[1;31m(main)[0m
           [31m~~~~~~~~~~[0m[1;31m^^^^^^[0m
  File [35m"/home/ts/.local/share/uv/python/cpython-3.14.2-linux-x86_64-gnu/lib/python3.14/asyncio/runners.py"[0m, line [35m127[0m, in [35mrun[0m
    return [31mself._loop.run_until_complete[0m[1;31m(task)[0m
           [31m~~~~~~~~~~~~~~~~~~~~~~~~~~~~~[0m[1;31m^^^^^^[0m
  File [35m"/home/ts/.local/share/uv/python/cpython-3.14.2-linux-x86_64-gnu/lib/python3.14/asyncio/base_events.py"[0m, line [35m719[0m, in [35mrun_until_complete[0m
    return [31mfuture.result[0m[1;31m()[0m
           [31m~~~~~~~~~~~~~[0m[1;31m^^[0m
  File [35m"/home/ts/wt/toad-t3-commands-sol-20260928/tests/channel_partial_paint_pilot.py"[0m, line [35m42[0m, in [35mmain[0m
    async with [31mapp.run_test[0m[1;31m(size=(90, 24))[0m as pilot:
               [31m~~~~~~~~~~~~[0m[1;31m^^^^^^^^^^^^^^^[0m
  File [35m"/home/ts/.local/share/uv/python/cpython-3.14.2-linux-x86_64-gnu/lib/python3.14/contextlib.py"[0m, line [35m235[0m, in [35m__aexit__[0m
    await self.gen.athrow(value)
  File [35m"/home/ts/wt/toad-t3-commands-sol-20260928/tests/runtime_fixture.py"[0m, line [35m37[0m, in [35mrun_test[0m
    async with [31msuper().run_test[0m[1;31m(**kwargs)[0m as pilot:
               [31m~~~~~~~~~~~~~~~~[0m[1;31m^^^^^^^^^^[0m
  File [35m"/home/ts/.local/share/uv/python/cpython-3.14.2-linux-x86_64-gnu/lib/python3.14/contextlib.py"[0m, line [35m235[0m, in [35m__aexit__[0m
    await self.gen.athrow(value)
  File [35m"/home/ts/wt/toad-t3-commands-sol-20260928/.venv/lib/python3.14/site-packages/textual/app.py"[0m, line [35m2218[0m, in [35mrun_test[0m
    raise self._exception
[1;35mtextual.worker.WorkerFailed[0m: [35mWorker raised exception: AttributeError("'CommsChatView' object has no attribute '_painted_message_sequences'")[0m

Logs: /home/ts/wt/toad-t3-commands-sol-20260928/.artifacts/fullplan-installed-paths/channel_partial_paint_pilot0
=========================== short test summary info ============================
FAILED tests/channel_partial_paint_pilot.py::channel_partial_paint_pilot - Fa...
1 failed, 6 passed in 29.26s
