....FF                                                                   [100%]
=================================== FAILURES ===================================
_________________________ pilot: command_family_pilot __________________________
Pilot failed: TimedOutOutcome(termination=GracefulStopOutcome(termination=ExitedOutcome(code=0)))

Logs: /home/ts/wt/toad-t3-commands-sol-20260928/.artifacts/t3-final-acceptance/command_family_pilot0
________________________ pilot: mcp_decision_pty_pilot _________________________
Pilot failed: ExitedOutcome(code=1)
Traceback (most recent call last):
  File [35m"/home/ts/wt/toad-t3-commands-sol-20260928/tests/mcp_decision_pty_pilot.py"[0m, line [35m130[0m, in [35m<module>[0m
    [31masyncio.run[0m[1;31m(main())[0m
    [31m~~~~~~~~~~~[0m[1;31m^^^^^^^^[0m
  File [35m"/home/ts/.local/share/uv/python/cpython-3.14.2-linux-x86_64-gnu/lib/python3.14/asyncio/runners.py"[0m, line [35m204[0m, in [35mrun[0m
    return [31mrunner.run[0m[1;31m(main)[0m
           [31m~~~~~~~~~~[0m[1;31m^^^^^^[0m
  File [35m"/home/ts/.local/share/uv/python/cpython-3.14.2-linux-x86_64-gnu/lib/python3.14/asyncio/runners.py"[0m, line [35m127[0m, in [35mrun[0m
    return [31mself._loop.run_until_complete[0m[1;31m(task)[0m
           [31m~~~~~~~~~~~~~~~~~~~~~~~~~~~~~[0m[1;31m^^^^^^[0m
  File [35m"/home/ts/.local/share/uv/python/cpython-3.14.2-linux-x86_64-gnu/lib/python3.14/asyncio/base_events.py"[0m, line [35m719[0m, in [35mrun_until_complete[0m
    return [31mfuture.result[0m[1;31m()[0m
           [31m~~~~~~~~~~~~~[0m[1;31m^^[0m
  File [35m"/home/ts/wt/toad-t3-commands-sol-20260928/tests/mcp_decision_pty_pilot.py"[0m, line [35m26[0m, in [35mmain[0m
    package = Path([31mos.environ[0m[1;31m["AC_NATIVE_COPIED_PACKAGE"][0m)
                   [31m~~~~~~~~~~[0m[1;31m^^^^^^^^^^^^^^^^^^^^^^^^^^^^[0m
  File [35m"<frozen os>"[0m, line [35m709[0m, in [35m__getitem__[0m
[1;35mKeyError[0m: [35m'AC_NATIVE_COPIED_PACKAGE'[0m

Logs: /home/ts/wt/toad-t3-commands-sol-20260928/.artifacts/t3-final-acceptance/mcp_decision_pty_pilot0
=========================== short test summary info ============================
FAILED tests/command_family_pilot.py::command_family_pilot - Failed: Pilot fa...
FAILED tests/mcp_decision_pty_pilot.py::mcp_decision_pty_pilot - Failed: Pilo...
2 failed, 4 passed in 64.16s (0:01:04)
