Using Python 3.14.2 environment at: /home/ts/wt/comms-goal-ledger-schema-carry-20261002/.artifacts/runtime-scoped-input534
   Updating https://github.com/OpenHCSDev/toad.git (014a93e7197367073b2a864367e7936298e6ae6d)
    Updated https://github.com/OpenHCSDev/toad.git (014a93e7197367073b2a864367e7936298e6ae6d)
Resolved 69 packages in 1.72s
   Building agent-comms @ git+https://github.com/OpenHCSDev/agent-comms.git@91e07acc481281ce3e7b322567fbd41bc7939226
   Building batrachian-toad @ git+https://github.com/OpenHCSDev/toad.git@014a93e7197367073b2a864367e7936298e6ae6d
      Built agent-comms @ git+https://github.com/OpenHCSDev/agent-comms.git@91e07acc481281ce3e7b322567fbd41bc7939226
      Built batrachian-toad @ git+https://github.com/OpenHCSDev/toad.git@014a93e7197367073b2a864367e7936298e6ae6d
Prepared 2 packages in 460ms
Uninstalled 8 packages in 45ms
Installed 62 packages in 22ms
 - agent-comms==0.1.0 (from file:///home/ts/wt/comms-goal-ledger-schema-carry-20261002/.artifacts/joined-terminal-custody597-wheel/agent_comms-0.1.0-py3-none-any.whl)
 + agent-comms==0.1.0 (from git+https://github.com/OpenHCSDev/agent-comms.git@91e07acc481281ce3e7b322567fbd41bc7939226)
 + aiohappyeyeballs==2.7.1
 + aiohttp==3.14.3
 + aiohttp-jinja2==1.6
 + aiosignal==1.4.0
 + aiosqlite==0.22.1
 + anyio==4.14.2
 + attrs==26.1.0
 + bashlex==0.18
 + batrachian-toad==0.6.20 (from git+https://github.com/OpenHCSDev/toad.git@014a93e7197367073b2a864367e7936298e6ae6d)
 + certifi==2026.7.22
 + click==8.4.0
 + format-currency==0.0.10
 + frozenlist==1.8.0
 + h11==0.16.0
 + httpcore==1.0.9
 + httpx==0.28.1
 + idna==3.20
 - iniconfig==2.3.0
 + jeepney==0.9.0
 + jinja2==3.1.6
 + linkify-it-py==2.2.0
 + loguru==0.6.0
 + markdown-it-py==4.2.0
 + markupsafe==3.0.3
 + mdit-py-plugins==0.6.1
 + mdurl==0.1.2
 - metaclass-registry==0.2.2
 + metaclass-registry==0.2.1
 + multidict==6.9.1
 + notify-py==0.3.43
 - packaging==26.3
 + packaging==26.2
 + pathspec==1.1.1
 + platformdirs==4.9.6
 - pluggy==1.6.0
 + propcache==0.5.4
 + psutil==7.2.2
 + pyperclip==1.11.0
 - pytest==9.1.1
 - pytest-asyncio==1.4.0
 + rich==15.0.0
 + setproctitle==1.3.7
 + textual==8.2.8 (from git+https://github.com/OpenHCSDev/textual.git@14baa381a816f787e06ffbfb9215c243e22d32eb)
 + textual-diff-view==0.1.5 (from git+https://github.com/OpenHCSDev/textual-diff-view.git@8fa7d4d0db993ea3b761c2760ca9b6a56a6251e9)
 + textual-serve==1.1.3
 + textual-speedups==0.2.1
 + tree-sitter==0.26.0
 + tree-sitter-bash==0.25.1
 + tree-sitter-css==0.25.0
 + tree-sitter-go==0.25.0
 + tree-sitter-html==0.23.2
 + tree-sitter-java==0.23.5
 + tree-sitter-javascript==0.25.0
 + tree-sitter-json==0.24.8
 + tree-sitter-markdown==0.5.1
 + tree-sitter-python==0.25.0
 + tree-sitter-regex==0.25.0
 + tree-sitter-rust==0.24.2
 + tree-sitter-sql==0.3.11
 + tree-sitter-toml==0.7.0
 + tree-sitter-xml==0.7.0
 + tree-sitter-yaml==0.7.2
 + typeguard==4.5.2
 - typing-extensions==4.16.0
 + typing-extensions==4.15.0
 + watchdog==6.0.0
 + xdg-base-dirs==6.0.3
 + yarl==1.25.1
