{
  "sources": [
    {
      "module": "agent_comms",
      "head": "91e07acc481281ce3e7b322567fbd41bc7939226",
      "files": 339,
      "byte_equal": true
    },
    {
      "module": "toad",
      "head": "014a93e7197367073b2a864367e7936298e6ae6d",
      "files": 320,
      "byte_equal": true
    },
    {
      "module": "textual",
      "head": "14baa381a816f787e06ffbfb9215c243e22d32eb",
      "files": 266,
      "byte_equal": true
    },
    {
      "module": "textual_diff_view",
      "head": "8fa7d4d0db993ea3b761c2760ca9b6a56a6251e9",
      "files": 3,
      "byte_equal": true
    }
  ],
  "native_full_trust": true,
  "sdk": "0.12.1",
  "package_count": 69,
  "prefix": "/home/ts/wt/comms-goal-ledger-schema-carry-20261002/.artifacts/runtime-scoped-input534"
}
