ATTACHED_AND_NAVIGABLE
PRODUCTION_FORK_RETURNED first-fork False
FIRST_OPEN_PHASE True True 'Native fixture' 1
FIRST_FORK_INHERITED_HISTORY_PAINTED
Traceback (most recent call last):
  File "/home/ts/wt/toad-first-fork-startup-sol-20260929/tests/l0a_native_installed_pilot.py", line 47, in until
    await pilot.pause(0.05)
  File "/home/ts/.local/share/agent-comms/runtime-native-custody-terminal-20260928/lib/python3.14/site-packages/textual/pilot.py", line 546, in pause
    await asyncio.sleep(delay)
  File "/home/ts/.local/share/uv/python/cpython-3.14.2-linux-x86_64-gnu/lib/python3.14/asyncio/tasks.py", line 702, in sleep
    return await future
           ^^^^^^^^^^^^
asyncio.exceptions.CancelledError

The above exception was the direct cause of the following exception:

Traceback (most recent call last):
  File "/home/ts/wt/toad-first-fork-startup-sol-20260929/tests/first_fork_native_installed_pilot.py", line 50, in <module>
    asyncio.run(main(app_type=InstalledApp, acceptance=acceptance))
    ~~~~~~~~~~~^^^^^^^^^^^^^^^^^^^^^^^^^^^^^^^^^^^^^^^^^^^^^^^^^^^^
  File "/home/ts/.local/share/uv/python/cpython-3.14.2-linux-x86_64-gnu/lib/python3.14/asyncio/runners.py", line 204, in run
    return runner.run(main)
           ~~~~~~~~~~^^^^^^
  File "/home/ts/.local/share/uv/python/cpython-3.14.2-linux-x86_64-gnu/lib/python3.14/asyncio/runners.py", line 127, in run
    return self._loop.run_until_complete(task)
           ~~~~~~~~~~~~~~~~~~~~~~~~~~~~~^^^^^^
  File "/home/ts/.local/share/uv/python/cpython-3.14.2-linux-x86_64-gnu/lib/python3.14/asyncio/base_events.py", line 719, in run_until_complete
    return future.result()
           ~~~~~~~~~~~~~^^
  File "/home/ts/wt/toad-first-fork-startup-sol-20260929/tests/l0a_native_installed_pilot.py", line 273, in main
    await acceptance(app, pilot, agent, comms, entered, release,
                     hold_next, requests)
  File "/home/ts/wt/toad-first-fork-startup-sol-20260929/tests/first_fork_native_installed_pilot.py", line 44, in acceptance
    await until(pilot, lambda: len(requests) >= 3, 30)
  File "/home/ts/wt/toad-first-fork-startup-sol-20260929/tests/l0a_native_installed_pilot.py", line 45, in until
    async with asyncio.timeout(seconds):
               ~~~~~~~~~~~~~~~^^^^^^^^^
  File "/home/ts/.local/share/uv/python/cpython-3.14.2-linux-x86_64-gnu/lib/python3.14/asyncio/timeouts.py", line 114, in __aexit__
    raise TimeoutError from exc_val
TimeoutError
