SDK_APP_CONSTRUCT
SDK_RUN_TEST
SDK_APP_MOUNTED
SOURCE_STARTUP None []
BEFORE_CHILD_READY session-2 session-2 fresh-peer fresh-peer False [('ThreadLoading', 'Region(x=56, y=6, width=79, height=7)')]
INITIAL_TAB_STATUS fresh-peer notready 
PHYSICAL_SDK_CONTINUOUS_SAVED_CHANNEL_PARTICIPANT_RETURN_ONE_TAB_REPLY_ONCE session-2
Traceback (most recent call last):
  File "/home/ts/wt/toad-first-fork-startup-sol-20260929/tests/pending_thread_open_pilot.py", line 156, in <module>
    asyncio.run(main())
    ~~~~~~~~~~~^^^^^^^^
  File "/home/ts/.local/share/uv/python/cpython-3.14.2-linux-x86_64-gnu/lib/python3.14/asyncio/runners.py", line 204, in run
    return runner.run(main)
           ~~~~~~~~~~^^^^^^
  File "/home/ts/.local/share/uv/python/cpython-3.14.2-linux-x86_64-gnu/lib/python3.14/asyncio/runners.py", line 127, in run
    return self._loop.run_until_complete(task)
           ~~~~~~~~~~~~~~~~~~~~~~~~~~~~~^^^^^^
  File "/home/ts/.local/share/uv/python/cpython-3.14.2-linux-x86_64-gnu/lib/python3.14/asyncio/base_events.py", line 719, in run_until_complete
    return future.result()
           ~~~~~~~~~~~~~^^
  File "/home/ts/wt/toad-first-fork-startup-sol-20260929/tests/pending_thread_open_pilot.py", line 151, in main
    assert not any(thread.name.startswith("DirectoryWatcher(") for thread in threads())
           ^^^^^^^^^^^^^^^^^^^^^^^^^^^^^^^^^^^^^^^^^^^^^^^^^^^^^^^^^^^^^^^^^^^^^^^^^^^^
AssertionError
