ATTACHED_AND_NAVIGABLE
PRODUCTION_FORK_RETURNED first-fork False
FIRST_OPEN_PHASE True False 'Native fixture' 2
Traceback (most recent call last):
  File "/home/ts/wt/toad-first-fork-startup-sol-20260929/tests/first_fork_native_installed_pilot.py", line 49, in <module>
    asyncio.run(main(app_type=InstalledApp, acceptance=acceptance))
    ~~~~~~~~~~~^^^^^^^^^^^^^^^^^^^^^^^^^^^^^^^^^^^^^^^^^^^^^^^^^^^^
  File "/home/ts/.local/share/uv/python/cpython-3.14.2-linux-x86_64-gnu/lib/python3.14/asyncio/runners.py", line 204, in run
    return runner.run(main)
           ~~~~~~~~~~^^^^^^
  File "/home/ts/.local/share/uv/python/cpython-3.14.2-linux-x86_64-gnu/lib/python3.14/asyncio/runners.py", line 127, in run
    return self._loop.run_until_complete(task)
           ~~~~~~~~~~~~~~~~~~~~~~~~~~~~~^^^^^^
  File "/home/ts/.local/share/uv/python/cpython-3.14.2-linux-x86_64-gnu/lib/python3.14/asyncio/base_events.py", line 719, in run_until_complete
    return future.result()
           ~~~~~~~~~~~~~^^
  File "/home/ts/wt/toad-first-fork-startup-sol-20260929/tests/l0a_native_installed_pilot.py", line 273, in main
    await acceptance(app, pilot, agent, comms, entered, release,
                     hold_next, requests)
  File "/home/ts/wt/toad-first-fork-startup-sol-20260929/tests/first_fork_native_installed_pilot.py", line 38, in acceptance
    assert view.agent.ready and view.agent_ready
           ^^^^^^^^^^^^^^^^^^^^^^^^^^^^^^^^^^^^^
AssertionError
