PASS actual-package boundary: typed fields, scope, policy, tuple lengths, unknown/duplicate fields, root and size rejection
APP_MOUNTED
PALETTE_OPEN
PALETTE_QUERY_TYPED
PALETTE_SELECTED
INVENTORY_LOADED
UNTRUSTED_VISIBLE
PROJECT_TRUSTED
PROJECT_ROW_SELECTED
BEGIN actual clicked command approve
PASS clicked installed package decision approve approved ask
BEGIN actual clicked command deny
PASS clicked installed package decision deny denied unavailable
BEGIN actual clicked command ask
PASS clicked installed package decision ask approved ask
BEGIN actual clicked command allow
PASS clicked installed package decision allow approved allow
BEGIN actual clicked command approve_again
PASS clicked installed package decision approve_again approved allow
PASS declaration-only new command discovered/clicked/painted/applied without consumer roster
PASS actual changed snapshot refused before child launch
Timeout (0:01:40)!
Thread 0x00007efbf4dfb6c0 [asyncio_2] (most recent call first):
  File "/home/ts/wt/toad-viewport-raster-cpu-continuation-20261001/.artifacts/runtime-native-style22-20261002/lib/python3.14/site-packages/agent_comms/native_package.py", line 98 in visit
  File "/home/ts/wt/toad-viewport-raster-cpu-continuation-20261001/.artifacts/runtime-native-style22-20261002/lib/python3.14/site-packages/agent_comms/native_package.py", line 81 in visit
  File "/home/ts/wt/toad-viewport-raster-cpu-continuation-20261001/.artifacts/runtime-native-style22-20261002/lib/python3.14/site-packages/agent_comms/native_package.py", line 81 in visit
  File "/home/ts/wt/toad-viewport-raster-cpu-continuation-20261001/.artifacts/runtime-native-style22-20261002/lib/python3.14/site-packages/agent_comms/native_package.py", line 81 in visit
  File "/home/ts/wt/toad-viewport-raster-cpu-continuation-20261001/.artifacts/runtime-native-style22-20261002/lib/python3.14/site-packages/agent_comms/native_package.py", line 81 in visit
  File "/home/ts/wt/toad-viewport-raster-cpu-continuation-20261001/.artifacts/runtime-native-style22-20261002/lib/python3.14/site-packages/agent_comms/native_package.py", line 81 in visit
  File "/home/ts/wt/toad-viewport-raster-cpu-continuation-20261001/.artifacts/runtime-native-style22-20261002/lib/python3.14/site-packages/agent_comms/native_package.py", line 81 in visit
  File "/home/ts/wt/toad-viewport-raster-cpu-continuation-20261001/.artifacts/runtime-native-style22-20261002/lib/python3.14/site-packages/agent_comms/native_package.py", line 81 in visit
  File "/home/ts/wt/toad-viewport-raster-cpu-continuation-20261001/.artifacts/runtime-native-style22-20261002/lib/python3.14/site-packages/agent_comms/native_package.py", line 81 in visit
  File "/home/ts/wt/toad-viewport-raster-cpu-continuation-20261001/.artifacts/runtime-native-style22-20261002/lib/python3.14/site-packages/agent_comms/native_package.py", line 81 in visit
  File "/home/ts/wt/toad-viewport-raster-cpu-continuation-20261001/.artifacts/runtime-native-style22-20261002/lib/python3.14/site-packages/agent_comms/native_package.py", line 81 in visit
  File "/home/ts/wt/toad-viewport-raster-cpu-continuation-20261001/.artifacts/runtime-native-style22-20261002/lib/python3.14/site-packages/agent_comms/native_package.py", line 110 in package_tree_digest
  File "/home/ts/wt/toad-viewport-raster-cpu-continuation-20261001/.artifacts/runtime-native-style22-20261002/lib/python3.14/site-packages/agent_comms/native_package.py", line 125 in verify_native_package
  File "/home/ts/wt/toad-viewport-raster-cpu-continuation-20261001/.artifacts/runtime-native-style22-20261002/lib/python3.14/site-packages/agent_comms/native_pi.py", line 756 in _trusted_package
  File "/home/ts/wt/toad-viewport-raster-cpu-continuation-20261001/.artifacts/runtime-native-style22-20261002/lib/python3.14/site-packages/agent_comms/cohort_foreground.py", line 63 in _preflight
  File "/home/ts/wt/toad-viewport-raster-cpu-continuation-20261001/.artifacts/runtime-native-style22-20261002/lib/python3.14/site-packages/agent_comms/private_nk_entrypoint.py", line 83 in validate
  File "/home/ts/wt/toad-viewport-raster-cpu-continuation-20261001/.artifacts/runtime-native-style22-20261002/lib/python3.14/site-packages/agent_comms/native_pi.py", line 477 in package_for_command
  File "/home/ts/wt/toad-viewport-raster-cpu-continuation-20261001/.artifacts/runtime-native-style22-20261002/lib/python3.14/site-packages/toad/mcp_inventory.py", line 56 in installed_mcp_command
  File "/home/ts/.local/share/uv/python/cpython-3.14.2-linux-x86_64-gnu/lib/python3.14/concurrent/futures/thread.py", line 73 in run
  File "/home/ts/.local/share/uv/python/cpython-3.14.2-linux-x86_64-gnu/lib/python3.14/concurrent/futures/thread.py", line 86 in run
  File "/home/ts/.local/share/uv/python/cpython-3.14.2-linux-x86_64-gnu/lib/python3.14/concurrent/futures/thread.py", line 119 in _worker
  File "/home/ts/.local/share/uv/python/cpython-3.14.2-linux-x86_64-gnu/lib/python3.14/threading.py", line 1024 in run
  File "/home/ts/.local/share/uv/python/cpython-3.14.2-linux-x86_64-gnu/lib/python3.14/threading.py", line 1082 in _bootstrap_inner
  File "/home/ts/.local/share/uv/python/cpython-3.14.2-linux-x86_64-gnu/lib/python3.14/threading.py", line 1044 in _bootstrap

Thread 0x00007efbf5bfc6c0 [Directory obser] (most recent call first):
  File "/home/ts/.local/share/uv/python/cpython-3.14.2-linux-x86_64-gnu/lib/python3.14/selectors.py", line 398 in select
  File "/home/ts/.local/share/uv/python/cpython-3.14.2-linux-x86_64-gnu/lib/python3.14/multiprocessing/connection.py", line 1165 in wait
  File "/home/ts/.local/share/uv/python/cpython-3.14.2-linux-x86_64-gnu/lib/python3.14/multiprocessing/connection.py", line 457 in _poll
  File "/home/ts/.local/share/uv/python/cpython-3.14.2-linux-x86_64-gnu/lib/python3.14/multiprocessing/connection.py", line 263 in poll
  File "/home/ts/wt/toad-viewport-raster-cpu-continuation-20261001/.artifacts/runtime-native-style22-20261002/lib/python3.14/site-packages/toad/directory_watcher.py", line 171 in run
  File "/home/ts/.local/share/uv/python/cpython-3.14.2-linux-x86_64-gnu/lib/python3.14/threading.py", line 1082 in _bootstrap_inner
  File "/home/ts/.local/share/uv/python/cpython-3.14.2-linux-x86_64-gnu/lib/python3.14/threading.py", line 1044 in _bootstrap

Thread 0x00007efbf63fd6c0 [DirectoryWatche] (most recent call first):
  File "/home/ts/.local/share/uv/python/cpython-3.14.2-linux-x86_64-gnu/lib/python3.14/threading.py", line 369 in wait
  File "/home/ts/.local/share/uv/python/cpython-3.14.2-linux-x86_64-gnu/lib/python3.14/threading.py", line 670 in wait
  File "/home/ts/wt/toad-viewport-raster-cpu-continuation-20261001/.artifacts/runtime-native-style22-20261002/lib/python3.14/site-packages/toad/directory_watcher.py", line 306 in run
  File "/home/ts/.local/share/uv/python/cpython-3.14.2-linux-x86_64-gnu/lib/python3.14/threading.py", line 1082 in _bootstrap_inner
  File "/home/ts/.local/share/uv/python/cpython-3.14.2-linux-x86_64-gnu/lib/python3.14/threading.py", line 1044 in _bootstrap

Thread 0x00007efbf6dfe6c0 [toad] (most recent call first):
  File "/home/ts/.local/share/uv/python/cpython-3.14.2-linux-x86_64-gnu/lib/python3.14/concurrent/futures/thread.py", line 116 in _worker
  File "/home/ts/.local/share/uv/python/cpython-3.14.2-linux-x86_64-gnu/lib/python3.14/threading.py", line 1024 in run
  File "/home/ts/.local/share/uv/python/cpython-3.14.2-linux-x86_64-gnu/lib/python3.14/threading.py", line 1082 in _bootstrap_inner
  File "/home/ts/.local/share/uv/python/cpython-3.14.2-linux-x86_64-gnu/lib/python3.14/threading.py", line 1044 in _bootstrap

Thread 0x00007efbf7dff6c0 [asyncio_0] (most recent call first):
  File "/home/ts/.local/share/uv/python/cpython-3.14.2-linux-x86_64-gnu/lib/python3.14/concurrent/futures/thread.py", line 116 in _worker
  File "/home/ts/.local/share/uv/python/cpython-3.14.2-linux-x86_64-gnu/lib/python3.14/threading.py", line 1024 in run
  File "/home/ts/.local/share/uv/python/cpython-3.14.2-linux-x86_64-gnu/lib/python3.14/threading.py", line 1082 in _bootstrap_inner
  File "/home/ts/.local/share/uv/python/cpython-3.14.2-linux-x86_64-gnu/lib/python3.14/threading.py", line 1044 in _bootstrap

Thread 0x00007efc01a48780 [python] (most recent call first):
  File "/home/ts/.local/share/uv/python/cpython-3.14.2-linux-x86_64-gnu/lib/python3.14/selectors.py", line 452 in select
  File "/home/ts/.local/share/uv/python/cpython-3.14.2-linux-x86_64-gnu/lib/python3.14/asyncio/base_events.py", line 2008 in _run_once
  File "/home/ts/.local/share/uv/python/cpython-3.14.2-linux-x86_64-gnu/lib/python3.14/asyncio/base_events.py", line 677 in run_forever
  File "/home/ts/.local/share/uv/python/cpython-3.14.2-linux-x86_64-gnu/lib/python3.14/asyncio/base_events.py", line 706 in run_until_complete
  File "/home/ts/.local/share/uv/python/cpython-3.14.2-linux-x86_64-gnu/lib/python3.14/asyncio/runners.py", line 127 in run
  File "/home/ts/.local/share/uv/python/cpython-3.14.2-linux-x86_64-gnu/lib/python3.14/asyncio/runners.py", line 204 in run
  File "/home/ts/wt/toad-regression-widget-cost-20261001/tests/mcp_decision_pty_pilot.py", line 253 in <module>
PASS focused-terminal Escape after resize cancels/reaps without changing ledger
PASS continuous actual UI: trust/refusal, shadowing/redaction, all declared decision buttons, challenge keyboard/ledger/refresh, stale snapshot, resized cancel + child reaping
