{
  "sources": [
    {
      "module": "agent_comms",
      "head": "48324afc4d7415afb347cbc1f5f52cfc6820ac73",
      "files": 339,
      "byte_equal": true
    },
    {
      "module": "toad",
      "head": "e90ad18d597290e641cacb0e2788c6053e1d5d2d",
      "files": 317,
      "byte_equal": true
    },
    {
      "module": "textual",
      "head": "940880e12c889e16a0c3e9b1ac6356fb7234ebb0",
      "files": 266,
      "byte_equal": true
    },
    {
      "module": "textual_diff_view",
      "head": "8fa7d4d0db993ea3b761c2760ca9b6a56a6251e9",
      "files": 3,
      "byte_equal": true
    }
  ],
  "native_full_trust": true,
  "sdk": "0.12.1",
  "package_count": 69,
  "prefix": "/home/ts/wt/comms-task-aware-native-bundle-20261002/.artifacts/runtime-summary-generation-policy520-installed-20261002"
}
