INSTALLED_APP_RUN_TEST_ENTER
INSTALLED_APP_RUN_TEST_YIELDED
ATTACHED_AND_NAVIGABLE
FIRST_VISIBLE_NAVIGATION True True False True False
PRODUCTION_FORK_RETURNED
FIRST_OPEN_PHASE True True 'Native fixture' 2
FIRST_FORK_INITIALIZED_TITLE immediate-fork busy
Traceback (most recent call last):
  File "/home/ts/wt/toad-immediate-fork-open-sol-20260929/tests/immediate_fork_open_native_pilot.py", line 80, in <module>
    asyncio.run(main(app_type=InstalledApp, acceptance=acceptance))
    ~~~~~~~~~~~^^^^^^^^^^^^^^^^^^^^^^^^^^^^^^^^^^^^^^^^^^^^^^^^^^^^
  File "/home/ts/.local/share/uv/python/cpython-3.14.2-linux-x86_64-gnu/lib/python3.14/asyncio/runners.py", line 204, in run
    return runner.run(main)
           ~~~~~~~~~~^^^^^^
  File "/home/ts/.local/share/uv/python/cpython-3.14.2-linux-x86_64-gnu/lib/python3.14/asyncio/runners.py", line 127, in run
    return self._loop.run_until_complete(task)
           ~~~~~~~~~~~~~~~~~~~~~~~~~~~~~^^^^^^
  File "/home/ts/.local/share/uv/python/cpython-3.14.2-linux-x86_64-gnu/lib/python3.14/asyncio/base_events.py", line 719, in run_until_complete
    return future.result()
           ~~~~~~~~~~~~~^^
  File "/home/ts/wt/toad-immediate-fork-open-sol-20260929/tests/l0a_native_installed_pilot.py", line 278, in main
    await acceptance(app, pilot, agent, comms, entered, release,
                     hold_next, requests)
  File "/home/ts/wt/toad-immediate-fork-open-sol-20260929/tests/immediate_fork_open_native_pilot.py", line 62, in acceptance
    Path('evidence/immediate-fork/first-open.svg').write_text(app.export_screenshot())
    ~~~~~~~~~~~~~~~~~~~~~~~~~~~~~~~~~~~~~~~~~~~~~~~~~~~~~~~~~^^^^^^^^^^^^^^^^^^^^^^^^^
  File "/home/ts/.local/share/uv/python/cpython-3.14.2-linux-x86_64-gnu/lib/python3.14/pathlib/__init__.py", line 809, in write_text
    with self.open(mode='w', encoding=encoding, errors=errors, newline=newline) as f:
         ~~~~~~~~~^^^^^^^^^^^^^^^^^^^^^^^^^^^^^^^^^^^^^^^^^^^^^^^^^^^^^^^^^^^^^
  File "/home/ts/.local/share/uv/python/cpython-3.14.2-linux-x86_64-gnu/lib/python3.14/pathlib/__init__.py", line 771, in open
    return io.open(self, mode, buffering, encoding, errors, newline)
           ~~~~~~~^^^^^^^^^^^^^^^^^^^^^^^^^^^^^^^^^^^^^^^^^^^^^^^^^^
FileNotFoundError: [Errno 2] No such file or directory: 'evidence/immediate-fork/first-open.svg'
