{
  "sources": [
    {
      "module": "agent_comms",
      "head": "d41601c16d74e9e3e4195b6527fb218b8fe14af9",
      "files": 339,
      "byte_equal": true
    },
    {
      "module": "toad",
      "head": "3e7a2e142102aaa3c2900ef733992810834aff03",
      "files": 319,
      "byte_equal": true
    },
    {
      "module": "textual",
      "head": "b263e4e707846025fd6b70448749c7a36c0a2d81",
      "files": 266,
      "byte_equal": true
    },
    {
      "module": "textual_diff_view",
      "head": "8fa7d4d0db993ea3b761c2760ca9b6a56a6251e9",
      "files": 3,
      "byte_equal": true
    }
  ],
  "native_full_trust": true,
  "sdk": "0.12.1",
  "package_count": 69,
  "prefix": "/home/ts/wt/comms-goal-ledger-schema-carry-20261002/.artifacts/runtime-scoped-input534"
}
