PREPARED_REAL_NATIVE_SAVED_HISTORY_AND_CHANNEL 2
INSTALLED_APP_RUN_TEST_ENTER
INSTALLED_APP_RUN_TEST_YIELDED
ATTACHED_AND_NAVIGABLE
SAVED_HISTORY_STARTUP_ACTUAL_PAINT
CHANNEL_BAR_CLICK_COMMS_SCREEN_SAVED_HISTORY_PAINT
SAVED_CHANNEL_AGENT_RETURN_NO_REPLAY
UNOPENED_THREAD_PHYSICAL_CLICK_ACTUAL_ATTACHMENT
CHANNEL_ACTIVE_PARTICIPANT_CLICK_SAME_NATIVE_TAB
Traceback (most recent call last):
  File "/home/ts/wt/toad-saved-state-user-journey-20260929/tests/l0a_native_installed_pilot.py", line 47, in until
    await pilot.pause(0.05)
  File "/home/ts/.local/share/agent-comms/runtime-owner-startup-20260929/lib/python3.14/site-packages/textual/pilot.py", line 546, in pause
    await asyncio.sleep(delay)
  File "/home/ts/.local/share/uv/python/cpython-3.14.2-linux-x86_64-gnu/lib/python3.14/asyncio/tasks.py", line 702, in sleep
    return await future
           ^^^^^^^^^^^^
asyncio.exceptions.CancelledError

The above exception was the direct cause of the following exception:

Traceback (most recent call last):
  File "/home/ts/wt/toad-saved-state-user-journey-20260929/tests/saved_state_user_journey_pilot.py", line 408, in <module>
    asyncio.run(native_fixture(
    ~~~~~~~~~~~^^^^^^^^^^^^^^^^
        app_type=InstalledApp, prepare_state=prepare_saved_state, acceptance=acceptance,
        ^^^^^^^^^^^^^^^^^^^^^^^^^^^^^^^^^^^^^^^^^^^^^^^^^^^^^^^^^^^^^^^^^^^^^^^^^^^^^^^^
    ))
    ^^
  File "/home/ts/.local/share/uv/python/cpython-3.14.2-linux-x86_64-gnu/lib/python3.14/asyncio/runners.py", line 204, in run
    return runner.run(main)
           ~~~~~~~~~~^^^^^^
  File "/home/ts/.local/share/uv/python/cpython-3.14.2-linux-x86_64-gnu/lib/python3.14/asyncio/runners.py", line 127, in run
    return self._loop.run_until_complete(task)
           ~~~~~~~~~~~~~~~~~~~~~~~~~~~~~^^^^^^
  File "/home/ts/.local/share/uv/python/cpython-3.14.2-linux-x86_64-gnu/lib/python3.14/asyncio/base_events.py", line 719, in run_until_complete
    return future.result()
           ~~~~~~~~~~~~~^^
  File "/home/ts/wt/toad-saved-state-user-journey-20260929/tests/l0a_native_installed_pilot.py", line 278, in main
    await acceptance(app, pilot, agent, comms, entered, release,
                     hold_next, requests)
  File "/home/ts/wt/toad-saved-state-user-journey-20260929/tests/saved_state_user_journey_pilot.py", line 114, in acceptance
    await clicked_reader_editor_return(app, pilot, first)
  File "/home/ts/wt/toad-saved-state-user-journey-20260929/tests/saved_state_user_journey_pilot.py", line 248, in clicked_reader_editor_return
    checkpoints.append(await ReaderCheckpoint.capture(source, app, pilot))
                       ^^^^^^^^^^^^^^^^^^^^^^^^^^^^^^^^^^^^^^^^^^^^^^^^^^
  File "/home/ts/wt/toad-saved-state-user-journey-20260929/tests/saved_state_user_journey_pilot.py", line 204, in capture
    await until(pilot, lambda: view.window.max_scroll_y > 0)
  File "/home/ts/wt/toad-saved-state-user-journey-20260929/tests/l0a_native_installed_pilot.py", line 45, in until
    async with asyncio.timeout(seconds):
               ~~~~~~~~~~~~~~~^^^^^^^^^
  File "/home/ts/.local/share/uv/python/cpython-3.14.2-linux-x86_64-gnu/lib/python3.14/asyncio/timeouts.py", line 114, in __aexit__
    raise TimeoutError from exc_val
TimeoutError
