PREPARED_REAL_NATIVE_SAVED_HISTORY_AND_CHANNEL 2
INSTALLED_APP_RUN_TEST_ENTER
INSTALLED_APP_RUN_TEST_YIELDED
ATTACHED_AND_NAVIGABLE
SAVED_HISTORY_STARTUP_ACTUAL_PAINT
CHANNEL_BAR_CLICK_COMMS_SCREEN_SAVED_HISTORY_PAINT
SAVED_CHANNEL_AGENT_RETURN_NO_REPLAY
UNOPENED_THREAD_PHYSICAL_CLICK_ACTUAL_ATTACHMENT
CHANNEL_ACTIVE_PARTICIPANT_CLICK_SAME_NATIVE_TAB
CLICKED_RETURN_ACTUAL_RENDERED_BODY_IDENTITY session-1 13
CLICKED_RETURN_ACTUAL_RENDERED_BODY_IDENTITY session-2 17
CLICKED_RETURN_ACTUAL_RENDERED_BODY_IDENTITY session-1 13
CLICKED_ABA_SAVED_READER_DOCUMENT_HISTORY_DRAFT_UNDO_PRESERVED
REAL_SLOW_FAST_REVERSE_END_IDLE_PREPARATION_BOUNDED {'slow': [(21.99588689979755, 0.05029504678171447, 1), (22, 0.004104001409145681, 1), (22.009224538913287, 0.0005072548507528082, 1), (22.9914678419397, 0.9775814768805473, 1), (23, 0.008512101746339625, 1)], 'fast': [(23.007744122498757, 0.00034269352940610113, 1), (24.2695522865776, 1.2574216859695213, 2), (26.47144811004025, 2.1931708577799784, 3), (28.94036132156839, 1.8937316635129917, 2), (30.412732201336446, 1.4668242723514004, 2), (31.783092468227895, 1.3666155941393514, 2), (32.88542179616233, 1.099199120073742, 2), (33.90663070665812, 1.003849918146142, 2), (34.72200844005262, 0.8137503328423064, 1), (35.30759537209547, 0.5825679129027798, 1), (35.8430319132906, 0.5340746635857316, 1), (36.313276253745, 0.40098650178909234, 1), (36.55870533987206, 0.24462434317777684, 1), (36.77958595460058, 0.20134419479585938, 1), (36.89345242940496, 0.11339995768306874, 1), (36.96489485203884, 0.0697958236605923, 1), (36.993132156798346, 0.028115631644323878, 1), (36.99994246851958, 0.006411135087614662, 1), (37, 5.731078888735508e-05, 1)], 'reverse': [(36.989578947064906, -0.0005756826721984942, 1), (34.496917648510546, -2.4166367286530295, 3), (32.193367548263254, -2.2956684724235017, 3), (29.953178282461373, -2.1908691786477603, 3), (27.970998673079873, -1.9766174239878656, 2), (26.003444543645642, -1.9630892048747073, 2), (24.01726240739793, -1.8464529409465695, 2), (22.39367664206575, -1.6153240372279847, 2), (20.710968635073517, -1.6582195900446912, 2), (19.142696175532762, -1.5347689171206742, 2), (17.7319468478519, -1.408002610658883, 2), (16.429325636651043, -1.300055727173118, 2), (15.158133207175808, -1.2550111407597018, 2), (13.953731463151852, -1.167342435294197, 2), (12.880530747582322, -1.0703726153104856, 2), (11.897922534342637, -0.9805813187491969, 1), (10.760880842335084, -0.9067903111906588, 1), (10.087040093492828, -0.672264252132538, 1), (9.317764705698508, -0.7666882208858623, 1), (8.622256046255206, -0.6928706936774354, 1), (7.974902637963036, -0.6389621413680349, 1), (7.389054753144384, -0.5833623329191044, 1), (6.869250478202764, -0.5185704828248888, 1), (6.42426512556981, -0.44340884528132857, 1), (6.002830922420122, -0.4148013815761099, 1), (5.640765165210492, -0.3581860473453208, 1), (5.328649718820399, -0.31021154242530824, 1), (4.980017330101309, -0.26792137549346634, 1), (4.826813927545226, -0.15238877522889438, 1), (4.62646880545692, -0.19566832425255407, 1), (4.463686877693954, -0.16162880878289887, 1), (4.332483884736129, -0.1306221007130446, 1), (4.228751559118037, -0.10241690383080847, 1), (4.14901685930597, -0.07912644073649512, 1), (4.092803017557317, -0.05590221594527922, 1), (4.051110148294858, -0.041487595698773055, 1), (4.022832791991712, -0.026052951312374062, 1), (4.008844525145295, -0.013959416465555291, 1), (4.002034831265774, -0.006775170529603529, 1), (4.000112841414907, -0.0019129357219525587, 1), (4, -0.000111631511657273, 1)], 'retained_bytes': 57797, 'pending': 0}
FORK_IMMEDIATE_PHYSICAL_OPEN_REAL_ATTACHMENT_BEFORE_FIRST_NATIVE_ANSWER
PHYSICAL_FORK_DIALOG_NORMAL_NATIVE_FIRST_ANSWER_PARENT_PRESERVED
FORK_FIRST_OPEN_SAVED_NATIVE_ANSWER_ACTUAL_PAINT_NO_REPLAY
CHANNEL_NOTIFICATION_ACTUAL_NATIVE_WORKING_STATUS
CHANNEL_RESPONDED_NOTIFICATION_DISCLOSURE_ACTUAL_PAINT
CHANNEL_REPLY_SAVED_HISTORY_AUTOMATIC_AUTHOR_NATIVE_OBSERVATION_NO_REPLAY
