Traceback (most recent call last):
  File "/home/ts/wt/toad-regression-widget-cost-20261001/tests/permission_pending_mount_pilot.py", line 132, in <module>
    if __name__=='__main__':asyncio.run(main())
                            ~~~~~~~~~~~^^^^^^^^
  File "/home/ts/.local/share/uv/python/cpython-3.14.2-linux-x86_64-gnu/lib/python3.14/asyncio/runners.py", line 204, in run
    return runner.run(main)
           ~~~~~~~~~~^^^^^^
  File "/home/ts/.local/share/uv/python/cpython-3.14.2-linux-x86_64-gnu/lib/python3.14/asyncio/runners.py", line 127, in run
    return self._loop.run_until_complete(task)
           ~~~~~~~~~~~~~~~~~~~~~~~~~~~~~^^^^^^
  File "/home/ts/.local/share/uv/python/cpython-3.14.2-linux-x86_64-gnu/lib/python3.14/asyncio/base_events.py", line 719, in run_until_complete
    return future.result()
           ~~~~~~~~~~~~~^^
  File "/home/ts/wt/toad-regression-widget-cost-20261001/tests/permission_pending_mount_pilot.py", line 23, in main
    async with app.run_test(size=(120,40)) as pilot:
               ~~~~~~~~~~~~^^^^^^^^^^^^^^^
  File "/home/ts/.local/share/uv/python/cpython-3.14.2-linux-x86_64-gnu/lib/python3.14/contextlib.py", line 221, in __aexit__
    await anext(self.gen)
  File "/home/ts/wt/toad-regression-widget-cost-20261001/tests/runtime_fixture.py", line 76, in run_test
    async with super().run_test(**kwargs) as pilot:
               ~~~~~~~~~~~~~~~~^^^^^^^^^^
  File "/home/ts/.local/share/uv/python/cpython-3.14.2-linux-x86_64-gnu/lib/python3.14/contextlib.py", line 221, in __aexit__
    await anext(self.gen)
  File "/home/ts/wt/toad-prompt-action-owner-20261002/.artifacts/runtime-summary529-geometry322-20261002/lib/python3.14/site-packages/textual/app.py", line 2216, in run_test
    await app._shutdown()
  File "/home/ts/wt/toad-prompt-action-owner-20261002/.artifacts/runtime-summary529-geometry322-20261002/lib/python3.14/site-packages/textual/app.py", line 3746, in _shutdown
    await self._close_all()
  File "/home/ts/wt/toad-prompt-action-owner-20261002/.artifacts/runtime-summary529-geometry322-20261002/lib/python3.14/site-packages/toad/app.py", line 326, in _close_all
    await super()._close_all()
  File "/home/ts/wt/toad-prompt-action-owner-20261002/.artifacts/runtime-summary529-geometry322-20261002/lib/python3.14/site-packages/toad/workspace_sessions.py", line 179, in _close_all
    await self.workspace_sessions.aclose()
  File "/home/ts/wt/toad-prompt-action-owner-20261002/.artifacts/runtime-summary529-geometry322-20261002/lib/python3.14/site-packages/toad/workspace_sessions.py", line 169, in aclose
    await self.app.workspace_chrome.native.close()
  File "/home/ts/wt/toad-prompt-action-owner-20261002/.artifacts/runtime-summary529-geometry322-20261002/lib/python3.14/site-packages/toad/session_presentation.py", line 285, in close
    await self._remove(owner)
  File "/home/ts/wt/toad-prompt-action-owner-20261002/.artifacts/runtime-summary529-geometry322-20261002/lib/python3.14/site-packages/toad/session_presentation.py", line 265, in _remove
    await conversation.release_native_session()
  File "/home/ts/wt/toad-prompt-action-owner-20261002/.artifacts/runtime-summary529-geometry322-20261002/lib/python3.14/site-packages/toad/widgets/conversation.py", line 531, in release_native_session
    await self.window.document_viewport.suspend_source()
          ^^^^^^^^^^^
  File "/home/ts/wt/toad-prompt-action-owner-20261002/.artifacts/runtime-summary529-geometry322-20261002/lib/python3.14/site-packages/textual/getters.py", line 149, in __get__
    query_node = obj.query_one(self.selector, self.expect_type)
  File "/home/ts/wt/toad-prompt-action-owner-20261002/.artifacts/runtime-summary529-geometry322-20261002/lib/python3.14/site-packages/textual/dom.py", line 1604, in query_one
    raise NoMatches(f"No nodes match {query_selector!r} on {base_node!r}")
textual.css.query.NoMatches: No nodes match 'Window' on Conversation()
/home/ts/.local/share/uv/python/cpython-3.14.2-linux-x86_64-gnu/lib/python3.14/multiprocessing/resource_tracker.py:166: UserWarning: resource_tracker: process died unexpectedly, relaunching.  Some resources might leak.
  warnings.warn('resource_tracker: process died unexpectedly, '
Traceback (most recent call last):
  File "/home/ts/.local/share/uv/python/cpython-3.14.2-linux-x86_64-gnu/lib/python3.14/multiprocessing/resource_tracker.py", line 374, in main
    cache[rtype].remove(name)
    ~~~~~~~~~~~~~~~~~~~^^^^^^
KeyError: '/mp-ym5eojeg'
Traceback (most recent call last):
  File "/home/ts/.local/share/uv/python/cpython-3.14.2-linux-x86_64-gnu/lib/python3.14/multiprocessing/resource_tracker.py", line 374, in main
    cache[rtype].remove(name)
    ~~~~~~~~~~~~~~~~~~~^^^^^^
KeyError: '/mp-wk7vz4e1'
Traceback (most recent call last):
  File "/home/ts/.local/share/uv/python/cpython-3.14.2-linux-x86_64-gnu/lib/python3.14/multiprocessing/resource_tracker.py", line 374, in main
    cache[rtype].remove(name)
    ~~~~~~~~~~~~~~~~~~~^^^^^^
KeyError: '/mp-gigoeqau'
Traceback (most recent call last):
  File "/home/ts/.local/share/uv/python/cpython-3.14.2-linux-x86_64-gnu/lib/python3.14/multiprocessing/resource_tracker.py", line 374, in main
    cache[rtype].remove(name)
    ~~~~~~~~~~~~~~~~~~~^^^^^^
KeyError: '/mp-fr8vlzsi'
