Traceback (most recent call last):
  File "/home/ts/wt/toad-viewport-raster-cpu-continuation-20261001/tests/message_dividers_pilot.py", line 379, in <module>
    asyncio.run(row_publication() if "--row-publication" in sys.argv else main())
    ~~~~~~~~~~~^^^^^^^^^^^^^^^^^^^^^^^^^^^^^^^^^^^^^^^^^^^^^^^^^^^^^^^^^^^^^^^^^^
  File "/home/ts/.local/share/uv/python/cpython-3.14.2-linux-x86_64-gnu/lib/python3.14/asyncio/runners.py", line 204, in run
    return runner.run(main)
           ~~~~~~~~~~^^^^^^
  File "/home/ts/.local/share/uv/python/cpython-3.14.2-linux-x86_64-gnu/lib/python3.14/asyncio/runners.py", line 127, in run
    return self._loop.run_until_complete(task)
           ~~~~~~~~~~~~~~~~~~~~~~~~~~~~~^^^^^^
  File "/home/ts/.local/share/uv/python/cpython-3.14.2-linux-x86_64-gnu/lib/python3.14/asyncio/base_events.py", line 719, in run_until_complete
    return future.result()
           ~~~~~~~~~~~~~^^
  File "/home/ts/wt/toad-viewport-raster-cpu-continuation-20261001/tests/message_dividers_pilot.py", line 256, in row_publication
    archive = private_native_wire(root / "archive")
  File "/home/ts/wt/toad-viewport-raster-cpu-continuation-20261001/tests/runtime_fixture.py", line 183, in private_native_wire
    comms = wire(root)
  File "/home/ts/wt/toad-viewport-raster-cpu-continuation-20261001/.artifacts/runtime-native-style22-20261002/lib/python3.14/site-packages/agent_comms/comms.py", line 69, in wire
    route.bind_owners(comms.owners)
    ~~~~~~~~~~~~~~~~~^^^^^^^^^^^^^^
  File "/home/ts/wt/toad-viewport-raster-cpu-continuation-20261001/.artifacts/runtime-native-style22-20261002/lib/python3.14/site-packages/agent_comms/active_route.py", line 69, in bind_owners
    owners.pin_private_nk_launch(
    ~~~~~~~~~~~~~~~~~~~~~~~~~~~~^
        launch.validated_root, launch.wire_root_id, launch.native_package
        ^^^^^^^^^^^^^^^^^^^^^^^^^^^^^^^^^^^^^^^^^^^^^^^^^^^^^^^^^^^^^^^^^
    )
    ^
  File "/home/ts/wt/toad-viewport-raster-cpu-continuation-20261001/.artifacts/runtime-native-style22-20261002/lib/python3.14/site-packages/agent_comms/owner_lifecycle.py", line 166, in pin_private_nk_launch
    marker = self.bus.log._private_marker_unlocked()
  File "/home/ts/wt/toad-viewport-raster-cpu-continuation-20261001/.artifacts/runtime-native-style22-20261002/lib/python3.14/site-packages/agent_comms/wire_log.py", line 275, in _private_marker_unlocked
    raise RelationViolationError("Private bus writer has no durable protocol marker.")
agent_comms.errors.RelationViolationError: Private bus writer has no durable protocol marker.
