{
  "sources": [
    {
      "module": "agent_comms",
      "head": "966e761d7932b4b3a2a54852789dccbf372d6097",
      "files": 339,
      "byte_equal": true
    },
    {
      "module": "toad",
      "head": "7b75c6591c68243386545a11a52a212a14cbac63",
      "files": 319,
      "byte_equal": true
    },
    {
      "module": "textual",
      "head": "2fac5395d37454296e9fa9b0cd342b820bacc25a",
      "files": 266,
      "byte_equal": true
    },
    {
      "module": "textual_diff_view",
      "head": "8fa7d4d0db993ea3b761c2760ca9b6a56a6251e9",
      "files": 3,
      "byte_equal": true
    }
  ],
  "native_full_trust": true,
  "sdk": "0.12.1",
  "package_count": 69,
  "prefix": "/home/ts/wt/toad-receiving-485-488-278-20261001/.artifacts/runtime-bundled-485-488-278-20261001"
}
