{
  "sources": [
    {
      "module": "agent_comms",
      "head": "db620680bf6f52133157209b2a7b557eaef988a1",
      "files": 339,
      "byte_equal": true
    },
    {
      "module": "toad",
      "head": "a7d059bad83793a1eed9467cf2d472113eb1be2f",
      "files": 319,
      "byte_equal": true
    },
    {
      "module": "textual",
      "head": "7ccfcf6af55ac6e743220aa0d2286b9763ccee27",
      "files": 266,
      "byte_equal": true
    },
    {
      "module": "textual_diff_view",
      "head": "8fa7d4d0db993ea3b761c2760ca9b6a56a6251e9",
      "files": 3,
      "byte_equal": true
    }
  ],
  "native_full_trust": true,
  "sdk": "0.12.1",
  "package_count": 69,
  "prefix": "/home/ts/wt/toad-receiving-485-488-278-20261001/.artifacts/runtime-bundled-485-488-278-20261001"
}
