{
  "sources": [
    {
      "module": "agent_comms",
      "head": "b0682f2cdb3ba673bc7263133504e39f5488043c",
      "files": 339,
      "byte_equal": true
    },
    {
      "module": "toad",
      "head": "916a5fd465cc894643ccb588c35ecb4653785e74",
      "files": 320,
      "byte_equal": true
    },
    {
      "module": "textual",
      "head": "14baa381a816f787e06ffbfb9215c243e22d32eb",
      "files": 266,
      "byte_equal": true
    },
    {
      "module": "textual_diff_view",
      "head": "8fa7d4d0db993ea3b761c2760ca9b6a56a6251e9",
      "files": 3,
      "byte_equal": true
    }
  ],
  "native_full_trust": true,
  "sdk": "0.12.1",
  "package_count": 69,
  "prefix": "/home/ts/wt/toad-receiving-485-488-278-20261001/.artifacts/runtime-bundled-485-488-278-20261001"
}
