Traceback (most recent call last):
  File "/home/ts/wt/toad-client-session-owner-sol-20260929/tests/permission_lifetime_pilot.py", line 140, in <module>
    asyncio.run(main())
    ~~~~~~~~~~~^^^^^^^^
  File "/home/ts/.local/share/uv/python/cpython-3.14.2-linux-x86_64-gnu/lib/python3.14/asyncio/runners.py", line 204, in run
    return runner.run(main)
           ~~~~~~~~~~^^^^^^
  File "/home/ts/.local/share/uv/python/cpython-3.14.2-linux-x86_64-gnu/lib/python3.14/asyncio/runners.py", line 127, in run
    return self._loop.run_until_complete(task)
           ~~~~~~~~~~~~~~~~~~~~~~~~~~~~~^^^^^^
  File "/home/ts/.local/share/uv/python/cpython-3.14.2-linux-x86_64-gnu/lib/python3.14/asyncio/base_events.py", line 719, in run_until_complete
    return future.result()
           ~~~~~~~~~~~~~^^
  File "/home/ts/wt/toad-client-session-owner-sol-20260929/tests/permission_lifetime_pilot.py", line 45, in main
    async with app.run_test(size=(120, 40)) as pilot:
               ~~~~~~~~~~~~^^^^^^^^^^^^^^^^
  File "/home/ts/.local/share/uv/python/cpython-3.14.2-linux-x86_64-gnu/lib/python3.14/contextlib.py", line 221, in __aexit__
    await anext(self.gen)
  File "/home/ts/wt/toad-client-session-owner-sol-20260929/tests/runtime_fixture.py", line 61, in run_test
    async with super().run_test(**kwargs) as pilot:
               ~~~~~~~~~~~~~~~~^^^^^^^^^^
  File "/home/ts/.local/share/uv/python/cpython-3.14.2-linux-x86_64-gnu/lib/python3.14/contextlib.py", line 221, in __aexit__
    await anext(self.gen)
  File "/home/ts/.local/share/agent-comms/runtime-native-token-admission-20260929/lib/python3.14/site-packages/textual/app.py", line 2214, in run_test
    await app._shutdown()
  File "/home/ts/.local/share/agent-comms/runtime-native-token-admission-20260929/lib/python3.14/site-packages/textual/app.py", line 3744, in _shutdown
    await self._close_all()
  File "/home/ts/wt/toad-context-measurement-sol-20260929/.artifacts/installed/lib/python3.14/site-packages/toad/workspace_sessions.py", line 75, in _close_all
    await self.workspace_sessions.aclose()
  File "/home/ts/wt/toad-context-measurement-sol-20260929/.artifacts/installed/lib/python3.14/site-packages/toad/workspace_sessions.py", line 65, in aclose
    await self.app.workspace_chrome.native.close()
  File "/home/ts/wt/toad-context-measurement-sol-20260929/.artifacts/installed/lib/python3.14/site-packages/toad/session_presentation.py", line 226, in close
    await self.owner.release_binding(self.widget, self.view)
  File "/home/ts/wt/toad-context-measurement-sol-20260929/.artifacts/installed/lib/python3.14/site-packages/toad/session_presentation.py", line 154, in release_binding
    self.state = SessionViewState.capture(conversation)
                 ~~~~~~~~~~~~~~~~~~~~~~~~^^^^^^^^^^^^^^
  File "/home/ts/wt/toad-context-measurement-sol-20260929/.artifacts/installed/lib/python3.14/site-packages/toad/session_presentation.py", line 40, in capture
    editor = conversation.prompt.prompt_text_area
             ^^^^^^^^^^^^^^^^^^^
  File "/home/ts/.local/share/agent-comms/runtime-native-token-admission-20260929/lib/python3.14/site-packages/textual/getters.py", line 149, in __get__
    query_node = obj.query_one(self.selector, self.expect_type)
  File "/home/ts/.local/share/agent-comms/runtime-native-token-admission-20260929/lib/python3.14/site-packages/textual/dom.py", line 1595, in query_one
    raise NoMatches(f"No nodes match {query_selector!r} on {base_node!r}")
textual.css.query.NoMatches: No nodes match 'Prompt' on Conversation()
