...F                                                                     [100%]
=================================== FAILURES ===================================
____ test_terminal_wait_rejects_same_session_return_after_owner_replacement ____

tmp_path = PosixPath('/home/ts/wt/toad-client-session-owner-sol-20260929/.artifacts/pytest-wait-correction/test_terminal_wait_rejects_sam0')
monkeypatch = <_pytest.monkeypatch.MonkeyPatch object at 0x7fe51e777820>

    def test_terminal_wait_rejects_same_session_return_after_owner_replacement(tmp_path, monkeypatch):
        async def run():
            agent = make_agent(tmp_path)
            created = await rpc(agent, 'terminal/create', command='sh', args=['-c', 'sleep 30'])
            terminal_id = created['result']['terminalId']
            original = agent.controller.terminals
            execution = original.require(terminal_id)
            entered, release = asyncio.Event(), asyncio.Event()
            real_wait = original.wait
            async def pending_wait(terminal_id):
                entered.set()
                result = await real_wait(terminal_id)
                await release.wait()
                return result
            monkeypatch.setattr(original, 'wait', pending_wait)
            waiting = asyncio.create_task(rpc(agent, 'terminal/wait_for_exit', terminalId=terminal_id))
            await entered.wait()
            disposition = agent.process.disposition
            agent.session_id = 'after'
            agent.session_id = 'before'
            assert agent.process.disposition is disposition
            await original.close()
            release.set()
            result = await waiting
            assert result['error']['code'] == -32602
            assert 'owner was replaced' in result['error']['message']
            assert execution._process.returncode is not None
            assert not original.executions and not agent.controller.terminals.executions
            await agent.stop()
>       asyncio.run(run())

tests/test_client_session.py:111: 
_ _ _ _ _ _ _ _ _ _ _ _ _ _ _ _ _ _ _ _ _ _ _ _ _ _ _ _ _ _ _ _ _ _ _ _ _ _ _ _ 
../../.local/share/uv/python/cpython-3.14.2-linux-x86_64-gnu/lib/python3.14/asyncio/runners.py:204: in run
    return runner.run(main)
           ^^^^^^^^^^^^^^^^
../../.local/share/uv/python/cpython-3.14.2-linux-x86_64-gnu/lib/python3.14/asyncio/runners.py:127: in run
    return self._loop.run_until_complete(task)
           ^^^^^^^^^^^^^^^^^^^^^^^^^^^^^^^^^^^
../../.local/share/uv/python/cpython-3.14.2-linux-x86_64-gnu/lib/python3.14/asyncio/base_events.py:719: in run_until_complete
    return future.result()
           ^^^^^^^^^^^^^^^
_ _ _ _ _ _ _ _ _ _ _ _ _ _ _ _ _ _ _ _ _ _ _ _ _ _ _ _ _ _ _ _ _ _ _ _ _ _ _ _ 

    async def run():
        agent = make_agent(tmp_path)
        created = await rpc(agent, 'terminal/create', command='sh', args=['-c', 'sleep 30'])
        terminal_id = created['result']['terminalId']
        original = agent.controller.terminals
        execution = original.require(terminal_id)
        entered, release = asyncio.Event(), asyncio.Event()
        real_wait = original.wait
        async def pending_wait(terminal_id):
            entered.set()
            result = await real_wait(terminal_id)
            await release.wait()
            return result
        monkeypatch.setattr(original, 'wait', pending_wait)
        waiting = asyncio.create_task(rpc(agent, 'terminal/wait_for_exit', terminalId=terminal_id))
        await entered.wait()
        disposition = agent.process.disposition
        agent.session_id = 'after'
        agent.session_id = 'before'
        assert agent.process.disposition is disposition
        await original.close()
        release.set()
        result = await waiting
>       assert result['error']['code'] == -32602
               ^^^^^^^^^^^^^^^
E       KeyError: 'error'

tests/test_client_session.py:106: KeyError
=========================== short test summary info ============================
FAILED tests/test_client_session.py::test_terminal_wait_rejects_same_session_return_after_owner_replacement
1 failed, 3 passed in 0.90s
