{
  "sources": [
    {
      "module": "agent_comms",
      "head": "cc56dbee09aa062b3a89c644c94360b21efcc668",
      "files": 339,
      "byte_equal": true
    },
    {
      "module": "toad",
      "head": "3ed75bd3ccc9a374590837ff711ddb58d5b21c16",
      "files": 317,
      "byte_equal": true
    },
    {
      "module": "textual",
      "head": "940880e12c889e16a0c3e9b1ac6356fb7234ebb0",
      "files": 266,
      "byte_equal": true
    },
    {
      "module": "textual_diff_view",
      "head": "8fa7d4d0db993ea3b761c2760ca9b6a56a6251e9",
      "files": 3,
      "byte_equal": true
    }
  ],
  "native_full_trust": true,
  "sdk": "0.12.1",
  "package_count": 69,
  "prefix": "/home/ts/wt/toad-s5-receiving-boundary-pair-20261001/.artifacts/runtime-historical-handling290-current-20261001"
}
