Traceback (most recent call last):
  File "/home/ts/wt/toad-viewport-raster-cpu-continuation-20261001/tests/prepared_height_contract_pilot.py", line 176, in <module>
    asyncio.run(main())
    ~~~~~~~~~~~^^^^^^^^
  File "/home/ts/.local/share/uv/python/cpython-3.14.2-linux-x86_64-gnu/lib/python3.14/asyncio/runners.py", line 204, in run
    return runner.run(main)
           ~~~~~~~~~~^^^^^^
  File "/home/ts/.local/share/uv/python/cpython-3.14.2-linux-x86_64-gnu/lib/python3.14/asyncio/runners.py", line 127, in run
    return self._loop.run_until_complete(task)
           ~~~~~~~~~~~~~~~~~~~~~~~~~~~~~^^^^^^
  File "/home/ts/.local/share/uv/python/cpython-3.14.2-linux-x86_64-gnu/lib/python3.14/asyncio/base_events.py", line 719, in run_until_complete
    return future.result()
           ~~~~~~~~~~~~~^^
  File "/home/ts/wt/toad-viewport-raster-cpu-continuation-20261001/tests/prepared_height_contract_pilot.py", line 118, in main
    placements = [tuple((item.widget, item.region) for item in layout.placements)
                  ^^^^^
  File "/home/ts/wt/toad-viewport-raster-cpu-continuation-20261001/tests/prepared_height_contract_pilot.py", line 118, in <genexpr>
    placements = [tuple((item.widget, item.region) for item in layout.placements)
                         ^^^^^^^^^^^
AttributeError: 'tuple' object has no attribute 'widget'
