PREPARED_REAL_NATIVE_SAVED_HISTORY_AND_CHANNEL 2
INSTALLED_APP_RUN_TEST_ENTER
INSTALLED_APP_RUN_TEST_YIELDED
ATTACHED_AND_NAVIGABLE
SAVED_HISTORY_STARTUP_ACTUAL_PAINT
ACTUAL_NATIVE_PAGE_DELIVERED_WHILE_STATUS_STORE_HELD
CHANNEL_BAR_CLICK_COMMS_SCREEN_SAVED_HISTORY_PAINT
SAVED_CHANNEL_AGENT_RETURN_NO_REPLAY
UNOPENED_THREAD_PHYSICAL_CLICK_ACTUAL_ATTACHMENT
CHANNEL_ACTIVE_PARTICIPANT_CLICK_SAME_NATIVE_TAB
CLICKED_RETURN_ACTUAL_RENDERED_BODY_IDENTITY session-1 13
CLICKED_RETURN_ACTUAL_RENDERED_BODY_IDENTITY session-2 17
CLICKED_RETURN_ACTUAL_RENDERED_BODY_IDENTITY session-1 13
CLICKED_ABA_CANONICAL_RAW_PAGE_READ_COUNTS [0, 0, 0]
CLICKED_ABA_SAVED_READER_DOCUMENT_HISTORY_DRAFT_UNDO_PRESERVED
ACTUAL_IDLE_PREPARATION_CENSUS {'before': (65, 3), 'after': (65, 3), 'work': [], 'pending': 0}
REAL_SLOW_FAST_REVERSE_END_IDLE_PREPARATION_BOUNDED {'slow': [(21.99779150916545, 0.052245475113026366, 1), (22, 0.002200557400387041, 1), (22.009494940281353, 0.0004631058705378062, 1), (22.889041502496298, 0.8766069746198629, 1), (23, 0.11056106859094086, 1)], 'fast': [(23.008800306259733, 0.00042887287661879146, 1), (24.3571521663254, 1.3457496812231224, 2), (26.58694304728036, 2.1749341173173136, 3), (28.48857902558028, 1.895339705628365, 2), (30.151583313714045, 1.6599076007293745, 2), (31.61404603455705, 1.434420508734848, 2), (32.811552762416646, 1.1934413431475324, 2), (33.83621709012781, 1.0200189571634901, 2), (34.70211689960016, 0.8354409719336982, 1), (35.360657232934685, 0.6567636877612101, 1), (35.904527149583735, 0.5236332111948391, 1), (36.30048215259568, 0.39489721130252853, 1), (36.575629816892445, 0.27421753764869494, 1), (36.781563106858236, 0.19688055763828388, 1), (36.90014634581842, 0.11810566650784307, 1), (36.96795074391055, 0.0665595880396653, 1), (36.99507135064144, 0.02633375709482374, 1), (36.99997743539745, 0.004897386335505114, 1), (37, 2.1675152562543512e-05, 1)], 'reverse': [(36.99584937263295, -0.00027527520659602366, 1), (34.78696503611303, -2.2034237101713194, 3), (32.478390960286916, -2.3047428321760277, 3), (30.20355459977673, -2.1936004211323707, 3), (28.21844487279105, -1.9812834271483761, 2), (26.170351437308387, -1.974727095207114, 2), (24.272557193990608, -1.8591416174686486, 2), (22.55812848005742, -1.7106541536922621, 2), (20.91296196007853, -1.6423543098257258, 2), (19.333917655914487, -1.536952996886161, 2), (17.90232055173255, -1.4279708870592025, 2), (16.542221511669094, -1.3564755676508298, 2), (15.19868990480574, -1.265146624368376, 2), (14.1157713339212, -1.0808747932721725, 2), (13.02006589561995, -1.0890962449093284, 2), (12.0084221982311, -1.0089162460784655, 2), (11.051880826279964, -0.9331382023042524, 1), (10.204924028806973, -0.8454627632206908, 1), (9.40301203193577, -0.781568370021669, 1), (8.715876208435102, -0.6857161579902643, 1), (8.055396350062804, -0.6453868725618181, 1), (7.477471034777199, -0.576379315455717, 1), (6.9373489181706, -0.5267817745965224, 1), (6.472624865445431, -0.4631360772168487, 1), (6.041528418628456, -0.416876766705055, 1), (5.681564821656875, -0.35867936553360763, 1), (5.355527570678661, -0.31887163263371904, 1), (5.083957825375835, -0.27064048469526303, 1), (4.848049652650558, -0.23499538622159036, 1), (4.6491621106523695, -0.19810180177502654, 1), (4.480048547063677, -0.1647564397596165, 1), (4.348447525712099, -0.1311401042364011, 1), (4.244110584228771, -0.10395988609020915, 1), (4.159703964161188, -0.08245616699180533, 1), (4.098645162136728, -0.060835313689620134, 1), (4.05583262901229, -0.04266251048649002, 1), (4.0266898546934256, -0.028228513799591702, 1), (4.01052976742575, -0.016088689077566505, 1), (4.002638242271974, -0.007856146573382633, 1), (4.000155327034577, -0.0023713762185136695, 1), (4, -0.00015489885796482377, 1)], 'retained_bytes': 77893, 'pending': 0}
FORK_IMMEDIATE_PHYSICAL_OPEN_REAL_ATTACHMENT_BEFORE_FIRST_NATIVE_ANSWER
PHYSICAL_FORK_DIALOG_NORMAL_NATIVE_FIRST_ANSWER_PARENT_PRESERVED
FORK_FIRST_OPEN_SAVED_NATIVE_ANSWER_ACTUAL_PAINT_NO_REPLAY
CHANNEL_NOTIFICATION_ACTUAL_NATIVE_WORKING_STATUS
CHANNEL_RESPONDED_NOTIFICATION_DISCLOSURE_ACTUAL_PAINT
CHANNEL_REPLY_SAVED_HISTORY_AUTOMATIC_AUTHOR_NATIVE_OBSERVATION_NO_REPLAY
