Traceback (most recent call last):
  File "/home/ts/wt/toad-regression-widget-cost-20261001/tests/l0a_native_installed_pilot.py", line 54, in until
    await pilot.pause(0.05)
  File "/home/ts/wt/toad-prompt-action-owner-20261002/.artifacts/runtime-native-read532-534-retirement325-20261002/lib/python3.14/site-packages/textual/pilot.py", line 546, in pause
    await asyncio.sleep(delay)
  File "/home/ts/.local/share/uv/python/cpython-3.14.2-linux-x86_64-gnu/lib/python3.14/asyncio/tasks.py", line 702, in sleep
    return await future
           ^^^^^^^^^^^^
asyncio.exceptions.CancelledError

The above exception was the direct cause of the following exception:

Traceback (most recent call last):
  File "/home/ts/wt/toad-regression-widget-cost-20261001/tests/native_terminal_retention_pilot.py", line 427, in <module>
    asyncio.run(damage_journey() if args.damage_only else native_fixture(
    ~~~~~~~~~~~^^^^^^^^^^^^^^^^^^^^^^^^^^^^^^^^^^^^^^^^^^^^^^^^^^^^^^^^^^
        app_type=InstalledApp, acceptance=acceptance, headless=False,
        ^^^^^^^^^^^^^^^^^^^^^^^^^^^^^^^^^^^^^^^^^^^^^^^^^^^^^^^^^^^^^
        provider_request_budget=0,
        ^^^^^^^^^^^^^^^^^^^^^^^^^^
        fixture_stage=Path(os.environ["TOAD_TERMINAL_FIXTURE_ROOT"]),
        ^^^^^^^^^^^^^^^^^^^^^^^^^^^^^^^^^^^^^^^^^^^^^^^^^^^^^^^^^^^^^
    ))
    ^^
  File "/home/ts/.local/share/uv/python/cpython-3.14.2-linux-x86_64-gnu/lib/python3.14/asyncio/runners.py", line 204, in run
    return runner.run(main)
           ~~~~~~~~~~^^^^^^
  File "/home/ts/.local/share/uv/python/cpython-3.14.2-linux-x86_64-gnu/lib/python3.14/asyncio/runners.py", line 127, in run
    return self._loop.run_until_complete(task)
           ~~~~~~~~~~~~~~~~~~~~~~~~~~~~~^^^^^^
  File "/home/ts/.local/share/uv/python/cpython-3.14.2-linux-x86_64-gnu/lib/python3.14/asyncio/base_events.py", line 719, in run_until_complete
    return future.result()
           ~~~~~~~~~~~~~^^
  File "/home/ts/wt/toad-regression-widget-cost-20261001/tests/native_terminal_retention_pilot.py", line 386, in damage_journey
    await until(pilot, lambda: original_state.scrollback_buffer.lines[0].content.plain == "AFTER")
  File "/home/ts/wt/toad-regression-widget-cost-20261001/tests/l0a_native_installed_pilot.py", line 52, in until
    async with asyncio.timeout(seconds):
               ~~~~~~~~~~~~~~~^^^^^^^^^
  File "/home/ts/.local/share/uv/python/cpython-3.14.2-linux-x86_64-gnu/lib/python3.14/asyncio/timeouts.py", line 114, in __aexit__
    raise TimeoutError from exc_val
TimeoutError
