{"observed_read": {"native_prefix_retained": true, "assigned_frontier_advanced": true}, "events": ["SentTranscript", "IncomingTranscript", "AssistantTranscript"]}
{"live_response_attached": true, "response_resources": 1, "history_frontier_advanced": false, "managed_phase": "PublishingPhase", "managed_busy": true, "history_count": 1, "response_resource_ids": [140555338491344]}
{"wire": {"sent_resources": 1, "incoming_resources": 1, "wire_frontier": 2, "native_frontier": 90, "live_response_attached": true, "native_transfer_pending": true}, "pages": [{"before": 0, "after": 90, "wire_before": 0, "wire_after": 0, "events": ["AssistantTranscript"], "start": 0, "stop": 1, "children": 1}, {"before": 90, "after": 90, "wire_before": 0, "wire_after": 2, "events": ["SentTranscript", "IncomingTranscript"], "start": 0, "stop": 2, "children": 2}], "state": "LiveTranscript"}
{"sent_resources": 1, "incoming_resources": 1, "wire_frontier": 2, "native_frontier": 90, "live_response_attached": true, "native_transfer_pending": true}
{"response_resources": 1, "live_response_attached": false, "history_frontier_advanced": true, "history_count": 1, "managed_busy": false}
Traceback (most recent call last):
  File "/home/ts/wt/toad-native-response-resource-custody-20260930/tests/response_source_custody_pilot.py", line 168, in <module>
    asyncio.run(main())
    ~~~~~~~~~~~^^^^^^^^
  File "/home/ts/.local/share/uv/python/cpython-3.14.2-linux-x86_64-gnu/lib/python3.14/asyncio/runners.py", line 204, in run
    return runner.run(main)
           ~~~~~~~~~~^^^^^^
  File "/home/ts/.local/share/uv/python/cpython-3.14.2-linux-x86_64-gnu/lib/python3.14/asyncio/runners.py", line 127, in run
    return self._loop.run_until_complete(task)
           ~~~~~~~~~~~~~~~~~~~~~~~~~~~~~^^^^^^
  File "/home/ts/.local/share/uv/python/cpython-3.14.2-linux-x86_64-gnu/lib/python3.14/asyncio/base_events.py", line 719, in run_until_complete
    return future.result()
           ~~~~~~~~~~~~~^^
  File "/home/ts/wt/toad-native-response-resource-custody-20260930/tests/response_source_custody_pilot.py", line 138, in main
    assert frames and all(frame['response_resources']==1 for frame in frames),frames
           ^^^^^^^^^^^^^^^^^^^^^^^^^^^^^^^^^^^^^^^^^^^^^^^^^^^^^^^^^^^^^^^^^^
AssertionError: [{'response_resources': 1, 'resource_ids': [140555338491344], 'native_mutating': False, 'preparation_suspended': False}, {'response_resources': 1, 'resource_ids': [140555338491344], 'native_mutating': False, 'preparation_suspended': False}, {'response_resources': 1, 'resource_ids': [140555338491344], 'native_mutating': False, 'preparation_suspended': False}, {'response_resources': 1, 'resource_ids': [140555338491344], 'native_mutating': False, 'preparation_suspended': False}, {'response_resources': 1, 'resource_ids': [140555338491344], 'native_mutating': False, 'preparation_suspended': False}, {'response_resources': 1, 'resource_ids': [140555338491344], 'native_mutating': False, 'preparation_suspended': False}, {'response_resources': 1, 'resource_ids': [140555338491344], 'native_mutating': False, 'preparation_suspended': False}, {'response_resources': 1, 'resource_ids': [140555338491344], 'native_mutating': False, 'preparation_suspended': False}, {'response_resources': 1, 'resource_ids': [140555338491344], 'native_mutating': False, 'preparation_suspended': False}, {'response_resources': 1, 'resource_ids': [140555338491344], 'native_mutating': False, 'preparation_suspended': False}, {'response_resources': 1, 'resource_ids': [140555338491344], 'native_mutating': False, 'preparation_suspended': False}, {'response_resources': 1, 'resource_ids': [140555338491344], 'native_mutating': False, 'preparation_suspended': False}, {'response_resources': 1, 'resource_ids': [140555338491344], 'native_mutating': False, 'preparation_suspended': False}, {'response_resources': 1, 'resource_ids': [140555338491344], 'native_mutating': False, 'preparation_suspended': False}, {'response_resources': 1, 'resource_ids': [140555338491344], 'native_mutating': False, 'preparation_suspended': False}, {'response_resources': 1, 'resource_ids': [140555338491344], 'native_mutating': False, 'preparation_suspended': False}, {'response_resources': 1, 'resource_ids': [140555338491344], 'native_mutating': False, 'preparation_suspended': False}, {'response_resources': 2, 'resource_ids': [140554912122192, 140555338491344], 'native_mutating': False, 'preparation_suspended': False}, {'response_resources': 2, 'resource_ids': [140554912122192, 140555338491344], 'native_mutating': False, 'preparation_suspended': False}, {'response_resources': 1, 'resource_ids': [140554912122192], 'native_mutating': False, 'preparation_suspended': False}, {'response_resources': 1, 'resource_ids': [140554912122192], 'native_mutating': False, 'preparation_suspended': False}]
