{
  "sources": [
    {
      "module": "agent_comms",
      "head": "5cf5d0d880678bbcc7fc9591e6bd24397683ab91",
      "files": 339,
      "byte_equal": true
    },
    {
      "module": "toad",
      "head": "5124100544146ba25593ab0dc329af258039c2ab",
      "files": 320,
      "byte_equal": true
    },
    {
      "module": "textual",
      "head": "0ab687e007fca311ce9f786634d8f5fc991ff808",
      "files": 266,
      "byte_equal": true
    },
    {
      "module": "textual_diff_view",
      "head": "8fa7d4d0db993ea3b761c2760ca9b6a56a6251e9",
      "files": 3,
      "byte_equal": true
    }
  ],
  "native_full_trust": true,
  "sdk": "0.12.1",
  "package_count": 69,
  "prefix": "/home/ts/wt/toad-viewport-raster-cpu-continuation-20261001/.artifacts/runtime-native-style22-20261002"
}
