UnregisteredThreadError exception in shielded future
future: <Task finished name='preparation-thread' coro=<to_thread() done, defined at /home/ts/.local/share/uv/python/cpython-3.14.2-linux-x86_64-gnu/lib/python3.14/asyncio/threads.py:12> exception=UnregisteredThreadError("Thread 'initial-prompt-3bsrnyqg' is not registered.")>
Traceback (most recent call last):
  File "/home/ts/wt/toad-viewport-raster-cpu-continuation-20261001/.artifacts/runtime-native-style22-20261002/lib/python3.14/site-packages/agent_comms/registry_provenance.py", line 31, in require
    return self.threads[canonical]
           ~~~~~~~~~~~~^^^^^^^^^^^
KeyError: 'initial-prompt-3bsrnyqg'

The above exception was the direct cause of the following exception:

Traceback (most recent call last):
  File "/home/ts/.local/share/uv/python/cpython-3.14.2-linux-x86_64-gnu/lib/python3.14/asyncio/threads.py", line 25, in to_thread
    return await loop.run_in_executor(None, func_call)
           ^^^^^^^^^^^^^^^^^^^^^^^^^^^^^^^^^^^^^^^^^^^
  File "/home/ts/.local/share/uv/python/cpython-3.14.2-linux-x86_64-gnu/lib/python3.14/concurrent/futures/thread.py", line 86, in run
    result = ctx.run(self.task)
  File "/home/ts/.local/share/uv/python/cpython-3.14.2-linux-x86_64-gnu/lib/python3.14/concurrent/futures/thread.py", line 73, in run
    return fn(*args, **kwargs)
  File "/home/ts/wt/toad-viewport-raster-cpu-continuation-20261001/.artifacts/runtime-native-style22-20261002/lib/python3.14/site-packages/toad/target_commands.py", line 43, in available_actions
    actions = CliCommand.target_catalog(self.comms, self.subject, self.channel, project=str(self.project))
  File "/home/ts/wt/toad-viewport-raster-cpu-continuation-20261001/.artifacts/runtime-native-style22-20261002/lib/python3.14/site-packages/agent_comms/cli_commands.py", line 284, in target_catalog
    thread = snapshot.require(target)
  File "/home/ts/wt/toad-viewport-raster-cpu-continuation-20261001/.artifacts/runtime-native-style22-20261002/lib/python3.14/site-packages/agent_comms/registry_provenance.py", line 33, in require
    raise UnregisteredThreadError(f"Thread {canonical!r} is not registered.") from error
agent_comms.errors.UnregisteredThreadError: Thread 'initial-prompt-3bsrnyqg' is not registered.
