{
  "sources": [
    {
      "module": "agent_comms",
      "head": "0608319c02c5109c7b852e80c34841dec12bda5b",
      "files": 339,
      "byte_equal": true
    },
    {
      "module": "toad",
      "head": "3b99a627687ca43891ceeca83221682fc76f26aa",
      "files": 317,
      "byte_equal": true
    },
    {
      "module": "textual",
      "head": "940880e12c889e16a0c3e9b1ac6356fb7234ebb0",
      "files": 266,
      "byte_equal": true
    },
    {
      "module": "textual_diff_view",
      "head": "8fa7d4d0db993ea3b761c2760ca9b6a56a6251e9",
      "files": 3,
      "byte_equal": true
    }
  ],
  "native_full_trust": true,
  "sdk": "0.12.1",
  "package_count": 69,
  "prefix": "/home/ts/wt/toad-receiving-485-488-278-20261001/.artifacts/runtime-bundled-485-488-278-20261001"
}
