{
  "sources": [
    {
      "module": "agent_comms",
      "head": "99fa19ef56156c7f79f66495f32a5fdcd43103e3",
      "files": 339,
      "byte_equal": true
    },
    {
      "module": "toad",
      "head": "a79f7ae1627e52dcb5e7d3e01c0d12cc3d16ba68",
      "files": 319,
      "byte_equal": true
    },
    {
      "module": "textual",
      "head": "c1c1ebe5c40499f75dc370c26a7818588114e71d",
      "files": 266,
      "byte_equal": true
    },
    {
      "module": "textual_diff_view",
      "head": "8fa7d4d0db993ea3b761c2760ca9b6a56a6251e9",
      "files": 3,
      "byte_equal": true
    }
  ],
  "native_full_trust": true,
  "sdk": "0.12.1",
  "package_count": 69,
  "prefix": "/home/ts/wt/toad-viewport-raster-cpu-continuation-20261001/.artifacts/runtime-native-style22-20261002"
}
