ATTACHED_AND_NAVIGABLE
PROVIDER_FIRST
NATIVE_SIDEBAR_BUSY_AUTHORITY_CONFIRMED
QUEUED ['f64fea856123468bb9165f99306696df']
ACTUAL_LIVE_AND_SAVED_RESPONSE_PAINT_CONFIRMED
ACTUAL_NATIVE_CHECKPOINT_SOURCE_AND_PAINT_CONFIRMED
NATIVE_QUEUE_DONE 2
QUEUE_PROJECTION AvailableQueueProjection(items=(), restored=())
INPUT_DELIVERY {"inputs": [], "historicalCount": 0, "dismissedHistoricalCount": 0, "historicalInputs": [], "currentScope": "owner_queue"}
NATIVE_MAPPING f64fea856123468bb9165f99306696df 7a692cfbbb56bd1c5e70193387f7fb70
NATIVE_CONSUMPTION_CONFIRMED
COLD_REATTACH_CONFIRMED
DM_NATIVE_REPLY_CONFIRMED
CHANNEL_ACTIVE_STATUS Active: ⌛ beta
CHANNEL_IDLE_STATUS_CONFIRMED
CHANNEL_NOTIFICATION Checked — no response (1)
ACTUAL_ACP_PROCESS_CLEANUP_CONFIRMED
STOPPED_OWNER_NATIVE_REOPEN_CONFIRMED
IDLE {"seconds": 2.079961108000134, "ownerCpuSeconds": 0.13000000000000078, "uiCpuSeconds": 0.6999999999999993, "modelRequests": 0}
PASS: installed actual native queue path; loopback model only
