ATTACHED_AND_NAVIGABLE
PROVIDER_FIRST
NATIVE_SIDEBAR_BUSY_AUTHORITY_CONFIRMED
QUEUED ['c6dde0bf943441caad002faff4063927']
ACTUAL_LIVE_AND_SAVED_RESPONSE_PAINT_CONFIRMED
ACTUAL_NATIVE_CHECKPOINT_SOURCE_AND_PAINT_CONFIRMED
NATIVE_QUEUE_DONE 2
QUEUE_PROJECTION AvailableQueueProjection(items=(), restored=())
INPUT_DELIVERY {"inputs": [], "historicalCount": 0, "dismissedHistoricalCount": 0, "historicalInputs": [], "currentScope": "owner_queue"}
NATIVE_MAPPING c6dde0bf943441caad002faff4063927 4483af24ac92441ced54272b3327ee16
NATIVE_CONSUMPTION_CONFIRMED
COLD_REATTACH_CONFIRMED
DM_NATIVE_REPLY_CONFIRMED
CHANNEL_ACTIVE_STATUS Active: ⌛ beta
CHANNEL_IDLE_STATUS_CONFIRMED
CHANNEL_NOTIFICATION Checked — no response (1)
ACTUAL_ACP_PROCESS_CLEANUP_CONFIRMED
STOPPED_OWNER_NATIVE_REOPEN_CONFIRMED
IDLE {"seconds": 2.1239429749984993, "ownerCpuSeconds": 0.15000000000000036, "uiCpuSeconds": 0.7699999999999996, "modelRequests": 0}
PASS: installed actual native queue path; loopback model only
