Traceback (most recent call last):
  File "/home/ts/wt/toad-agent-process-lifetime-sol-20260928/tests/agent_startup_failure_installed_pilot.py", line 22, in until
    await pilot.pause(.02)
  File "/home/ts/.local/share/agent-comms/runtime-frame-shutdown-20260928/lib/python3.14/site-packages/textual/pilot.py", line 546, in pause
    await asyncio.sleep(delay)
  File "/home/ts/.local/share/uv/python/cpython-3.14.2-linux-x86_64-gnu/lib/python3.14/asyncio/tasks.py", line 702, in sleep
    return await future
           ^^^^^^^^^^^^
asyncio.exceptions.CancelledError

The above exception was the direct cause of the following exception:

Traceback (most recent call last):
  File "/home/ts/wt/toad-agent-process-lifetime-sol-20260928/tests/agent_startup_failure_installed_pilot.py", line 70, in <module>
    asyncio.run(main())
    ~~~~~~~~~~~^^^^^^^^
  File "/home/ts/.local/share/uv/python/cpython-3.14.2-linux-x86_64-gnu/lib/python3.14/asyncio/runners.py", line 204, in run
    return runner.run(main)
           ~~~~~~~~~~^^^^^^
  File "/home/ts/.local/share/uv/python/cpython-3.14.2-linux-x86_64-gnu/lib/python3.14/asyncio/runners.py", line 127, in run
    return self._loop.run_until_complete(task)
           ~~~~~~~~~~~~~~~~~~~~~~~~~~~~~^^^^^^
  File "/home/ts/.local/share/uv/python/cpython-3.14.2-linux-x86_64-gnu/lib/python3.14/asyncio/base_events.py", line 719, in run_until_complete
    return future.result()
           ~~~~~~~~~~~~~^^
  File "/home/ts/wt/toad-agent-process-lifetime-sol-20260928/tests/agent_startup_failure_installed_pilot.py", line 66, in main
    await case(root, kind)
  File "/home/ts/wt/toad-agent-process-lifetime-sol-20260928/tests/agent_startup_failure_installed_pilot.py", line 50, in case
    await until(pilot, painted)
  File "/home/ts/wt/toad-agent-process-lifetime-sol-20260928/tests/agent_startup_failure_installed_pilot.py", line 20, in until
    async with asyncio.timeout(10):
               ~~~~~~~~~~~~~~~^^^^
  File "/home/ts/.local/share/uv/python/cpython-3.14.2-linux-x86_64-gnu/lib/python3.14/asyncio/timeouts.py", line 114, in __aexit__
    raise TimeoutError from exc_val
TimeoutError
