INSTALLED_APP_RUN_TEST_ENTER
INSTALLED_APP_RUN_TEST_YIELDED
ATTACHED_AND_NAVIGABLE
OSError(5, 'Input/output error')
Traceback (most recent call last):
  File "/home/ts/wt/toad-session-update-custody-sol-20260929/tests/client_session_native_installed_pilot.py", line 121, in <module>
    asyncio.run(main(app_type=InstalledApp, acceptance=acceptance))
    ~~~~~~~~~~~^^^^^^^^^^^^^^^^^^^^^^^^^^^^^^^^^^^^^^^^^^^^^^^^^^^^
  File "/home/ts/.local/share/uv/python/cpython-3.14.2-linux-x86_64-gnu/lib/python3.14/asyncio/runners.py", line 204, in run
    return runner.run(main)
           ~~~~~~~~~~^^^^^^
  File "/home/ts/.local/share/uv/python/cpython-3.14.2-linux-x86_64-gnu/lib/python3.14/asyncio/runners.py", line 127, in run
    return self._loop.run_until_complete(task)
           ~~~~~~~~~~~~~~~~~~~~~~~~~~~~~^^^^^^
  File "/home/ts/.local/share/uv/python/cpython-3.14.2-linux-x86_64-gnu/lib/python3.14/asyncio/base_events.py", line 719, in run_until_complete
    return future.result()
           ~~~~~~~~~~~~~^^
  File "/home/ts/wt/toad-session-update-custody-sol-20260929/tests/l0a_native_installed_pilot.py", line 282, in main
    await acceptance(app, pilot, agent, comms, entered, release,
                     hold_next, requests)
  File "/home/ts/wt/toad-session-update-custody-sol-20260929/tests/client_session_native_installed_pilot.py", line 62, in acceptance
    await app.open_comms_session(owner_mode=mode, project_path=agent.project_root_path,
          ^^^^^^^^^^^^^^^^^^^^^^
AttributeError: 'InstalledApp' object has no attribute 'open_comms_session'
