{
  "state": "PREPARED, NOT EXECUTED",
  "operator_manifest": "/home/ts/wt/toad-prompt-action-owner-20261002/.artifacts/selected-publication530-sidebar323-20261002/operator-manifest.json",
  "operator_manifest_sha256": "663a03ede44a11e0c943c306992e59f830323303eba1f00915b4d8bd9a23db01",
  "operator_members": 51,
  "operator_core": "48d408a46d73f9123b71a7ccdc81b86e8d8aa7c2",
  "target_core": "5c55d1ccf552007d569fa0343f2d66bb9aae53d1",
  "source_core": "d6e196a86c88cc1259be986703668ab1e1a58c1c",
  "source_prefix": "/home/ts/wt/toad-prompt-action-owner-20261002/.artifacts/runtime-summary529-geometry322-20261002",
  "target_prefix": "/home/ts/wt/toad-prompt-action-owner-20261002/.artifacts/runtime-selected-publication530-sidebar323-20261002",
  "native_version": 6,
  "whole_declared_schema_equal": true,
  "runtime_member": "PreserveRuntimeInstallation",
  "historical_carry": false,
  "plan_sha256": "0ce3cd52c2f645c2e750a41c27cd7c428a06d442701fe7554dbcbe7415c69c42",
  "runtime_installation_sha256": "717ca469bd2330bcf868ceaf572e8b128795ef3dd54885497f8e16c4680aabae",
  "source_proof_sha256": "0fa86b7d6993cffe92ecbbaf30076a3a79baf28241eb45e045fab674f9ddaff1",
  "public_stops": 0,
  "public_starts": 0,
  "public_writes": 0,
  "owner_readiness_claim": false,
  "execution_condition": "Parent reviewed execution only; existing publisher freshly recaptures/fences complete idle audience, no clients. Parent owns existing all-stopped preserve-only operation: recapture current complete configured audience, fresh idle/client check, one execution. Distinct original323 physical sidebar/scroll and530 installed native07 qualifications retained. No repeated provider/native journey.",
  "parent_execution_command": "/home/ts/wt/toad-prompt-action-owner-20261002/.artifacts/runtime-selected-publication530-sidebar323-20261002/bin/python /home/ts/wt/toad-prompt-action-owner-20261002/.artifacts/selected-publication530-sidebar323-20261002/operator-freeze/execute_retained_summary_foundation.py --review-plan /home/ts/wt/toad-prompt-action-owner-20261002/.artifacts/selected-publication530-sidebar323-20261002/operator-preparation/review-plan.json --runtime-installation /home/ts/wt/toad-prompt-action-owner-20261002/.artifacts/selected-publication530-sidebar323-20261002/operator-preparation/runtime-installation.json --receipt /home/ts/wt/toad-prompt-action-owner-20261002/.artifacts/selected-publication530-sidebar323-20261002/operator-preparation/publication-receipt.json --execute"
}
