ACP_STDIO_ALL_STATUS_MARKERS_AND_PLAN_SIDEBAR_PAINTED
ACP_CONTINUOUS_UPDATE_COMPLETION_ANIMATED_STABLE_COMPLETION_RESIZED_AND_PAINTED
Traceback (most recent call last):
  File "/home/ts/wt/toad-plan-entry-owner-sol-20260928/tests/plan_status_installed_pilot.py", line 120, in <module>
    asyncio.run(main())
    ~~~~~~~~~~~^^^^^^^^
  File "/home/ts/.local/share/uv/python/cpython-3.14.2-linux-x86_64-gnu/lib/python3.14/asyncio/runners.py", line 204, in run
    return runner.run(main)
           ~~~~~~~~~~^^^^^^
  File "/home/ts/.local/share/uv/python/cpython-3.14.2-linux-x86_64-gnu/lib/python3.14/asyncio/runners.py", line 127, in run
    return self._loop.run_until_complete(task)
           ~~~~~~~~~~~~~~~~~~~~~~~~~~~~~^^^^^^
  File "/home/ts/.local/share/uv/python/cpython-3.14.2-linux-x86_64-gnu/lib/python3.14/asyncio/base_events.py", line 719, in run_until_complete
    return future.result()
           ~~~~~~~~~~~~~^^
  File "/home/ts/wt/toad-plan-entry-owner-sol-20260928/tests/plan_status_installed_pilot.py", line 90, in main
    restored = sidebar.query_one(Plan)
  File "/home/ts/wt/toad-t4-tab-clipboard-sol-20260928/.venv/lib/python3.14/site-packages/textual/dom.py", line 1595, in query_one
    raise NoMatches(f"No nodes match {query_selector!r} on {base_node!r}")
textual.css.query.NoMatches: No nodes match 'Plan' on SessionThreadSidebar(id='thread-sidebar', classes='-right')
