Error dispatching JSONRPC request
Traceback (most recent call last):
  File "/home/ts/wt/toad-plan-entry-owner-sol-20260928/.venv/lib/python3.14/site-packages/toad/jsonrpc.py", line 159, in _dispatch_object
    return await self._dispatch_object_call(request_id, json)
           ^^^^^^^^^^^^^^^^^^^^^^^^^^^^^^^^^^^^^^^^^^^^^^^^^^
  File "/home/ts/wt/toad-plan-entry-owner-sol-20260928/.venv/lib/python3.14/site-packages/toad/jsonrpc.py", line 264, in _dispatch_object_call
    result = await call_result
             ^^^^^^^^^^^^^^^^^
  File "/home/ts/wt/toad-plan-entry-owner-sol-20260928/.venv/lib/python3.14/site-packages/toad/acp/agent.py", line 375, in _rpc_session_update
    self._apply_session_update(sessionId, cast(protocol.SessionUpdate, update))
    ~~~~~~~~~~~~~~~~~~~~~~~~~~^^^^^^^^^^^^^^^^^^^^^^^^^^^^^^^^^^^^^^^^^^^^^^^^^
  File "/home/ts/wt/toad-plan-entry-owner-sol-20260928/.venv/lib/python3.14/site-packages/toad/acp/agent.py", line 442, in _apply_session_update
    self.post_message(messages.Plan(decode_plan(entries)))
                                    ~~~~~~~~~~~^^^^^^^^^
  File "/home/ts/wt/toad-plan-entry-owner-sol-20260928/.venv/lib/python3.14/site-packages/toad/plan.py", line 83, in decode_plan
    PlanStatus.decode(entry["status"]))
    ~~~~~~~~~~~~~~~~~^^^^^^^^^^^^^^^^^
  File "/home/ts/wt/toad-block-interaction-sol-20260928/.venv/lib/python3.14/site-packages/agent_comms/declared_family.py", line 114, in decode
    raise ValueError(f"Unknown {cls.__name__} name: {name!r}") from None
ValueError: Unknown PlanStatus name: 'unknown'
Error dispatching JSONRPC request
Traceback (most recent call last):
  File "/home/ts/wt/toad-plan-entry-owner-sol-20260928/.venv/lib/python3.14/site-packages/toad/jsonrpc.py", line 159, in _dispatch_object
    return await self._dispatch_object_call(request_id, json)
           ^^^^^^^^^^^^^^^^^^^^^^^^^^^^^^^^^^^^^^^^^^^^^^^^^^
  File "/home/ts/wt/toad-plan-entry-owner-sol-20260928/.venv/lib/python3.14/site-packages/toad/jsonrpc.py", line 264, in _dispatch_object_call
    result = await call_result
             ^^^^^^^^^^^^^^^^^
  File "/home/ts/wt/toad-plan-entry-owner-sol-20260928/.venv/lib/python3.14/site-packages/toad/acp/agent.py", line 375, in _rpc_session_update
    self._apply_session_update(sessionId, cast(protocol.SessionUpdate, update))
    ~~~~~~~~~~~~~~~~~~~~~~~~~~^^^^^^^^^^^^^^^^^^^^^^^^^^^^^^^^^^^^^^^^^^^^^^^^^
  File "/home/ts/wt/toad-plan-entry-owner-sol-20260928/.venv/lib/python3.14/site-packages/toad/acp/agent.py", line 442, in _apply_session_update
    self.post_message(messages.Plan(decode_plan(entries)))
                                    ~~~~~~~~~~~^^^^^^^^^
  File "/home/ts/wt/toad-plan-entry-owner-sol-20260928/.venv/lib/python3.14/site-packages/toad/plan.py", line 82, in decode_plan
    PlanItem(Content(entry["content"]), entry["priority"],
                                        ~~~~~^^^^^^^^^^^^
KeyError: 'priority'
Error dispatching JSONRPC request
Traceback (most recent call last):
  File "/home/ts/wt/toad-plan-entry-owner-sol-20260928/.venv/lib/python3.14/site-packages/toad/jsonrpc.py", line 159, in _dispatch_object
    return await self._dispatch_object_call(request_id, json)
           ^^^^^^^^^^^^^^^^^^^^^^^^^^^^^^^^^^^^^^^^^^^^^^^^^^
  File "/home/ts/wt/toad-plan-entry-owner-sol-20260928/.venv/lib/python3.14/site-packages/toad/jsonrpc.py", line 264, in _dispatch_object_call
    result = await call_result
             ^^^^^^^^^^^^^^^^^
  File "/home/ts/wt/toad-plan-entry-owner-sol-20260928/.venv/lib/python3.14/site-packages/toad/acp/agent.py", line 375, in _rpc_session_update
    self._apply_session_update(sessionId, cast(protocol.SessionUpdate, update))
    ~~~~~~~~~~~~~~~~~~~~~~~~~~^^^^^^^^^^^^^^^^^^^^^^^^^^^^^^^^^^^^^^^^^^^^^^^^^
  File "/home/ts/wt/toad-plan-entry-owner-sol-20260928/.venv/lib/python3.14/site-packages/toad/acp/agent.py", line 442, in _apply_session_update
    self.post_message(messages.Plan(decode_plan(entries)))
                                    ~~~~~~~~~~~^^^^^^^^^
  File "/home/ts/wt/toad-plan-entry-owner-sol-20260928/.venv/lib/python3.14/site-packages/toad/plan.py", line 82, in decode_plan
    PlanItem(Content(entry["content"]), entry["priority"],
             ~~~~~~~^^^^^^^^^^^^^^^^^^
  File "/home/ts/wt/toad-t4-tab-clipboard-sol-20260928/.venv/lib/python3.14/site-packages/textual/content.py", line 163, in __init__
    _strip_control_codes(text) if strip_control_codes and text else text
    ~~~~~~~~~~~~~~~~~~~~^^^^^^
  File "/home/ts/wt/toad-t4-tab-clipboard-sol-20260928/.venv/lib/python3.14/site-packages/textual/content.py", line 79, in _strip_control_codes
    return text.translate(_translate_table)
           ^^^^^^^^^^^^^^
AttributeError: 'int' object has no attribute 'translate'
ACP_STDIO_ALL_STATUS_MARKERS_AND_PLAN_SIDEBAR_PAINTED
ACP_CONTINUOUS_UPDATE_COMPLETION_ANIMATED_STABLE_COMPLETION_RESIZED_AND_PAINTED
Traceback (most recent call last):
  File "/home/ts/wt/toad-plan-entry-owner-sol-20260928/tests/sidebar_retirement_pilot.py", line 36, in until
    await pilot.pause(.02)
  File "/home/ts/wt/toad-t4-tab-clipboard-sol-20260928/.venv/lib/python3.14/site-packages/textual/pilot.py", line 542, in pause
    await self._wait_for_screen()
  File "/home/ts/wt/toad-t4-tab-clipboard-sol-20260928/.venv/lib/python3.14/site-packages/textual/pilot.py", line 513, in _wait_for_screen
    _, pending = await asyncio.wait(
                 ^^^^^^^^^^^^^^^^^^^
    ...<3 lines>...
    )
    ^
  File "/home/ts/.local/share/uv/python/cpython-3.14.2-linux-x86_64-gnu/lib/python3.14/asyncio/tasks.py", line 432, in wait
    return await _wait(fs, timeout, return_when, loop)
           ^^^^^^^^^^^^^^^^^^^^^^^^^^^^^^^^^^^^^^^^^^^
  File "/home/ts/.local/share/uv/python/cpython-3.14.2-linux-x86_64-gnu/lib/python3.14/asyncio/tasks.py", line 521, in _wait
    await waiter
asyncio.exceptions.CancelledError

The above exception was the direct cause of the following exception:

Traceback (most recent call last):
  File "/home/ts/wt/toad-plan-entry-owner-sol-20260928/tests/plan_status_installed_pilot.py", line 125, in <module>
    asyncio.run(main())
    ~~~~~~~~~~~^^^^^^^^
  File "/home/ts/.local/share/uv/python/cpython-3.14.2-linux-x86_64-gnu/lib/python3.14/asyncio/runners.py", line 204, in run
    return runner.run(main)
           ~~~~~~~~~~^^^^^^
  File "/home/ts/.local/share/uv/python/cpython-3.14.2-linux-x86_64-gnu/lib/python3.14/asyncio/runners.py", line 127, in run
    return self._loop.run_until_complete(task)
           ~~~~~~~~~~~~~~~~~~~~~~~~~~~~~^^^^^^
  File "/home/ts/.local/share/uv/python/cpython-3.14.2-linux-x86_64-gnu/lib/python3.14/asyncio/base_events.py", line 719, in run_until_complete
    return future.result()
           ~~~~~~~~~~~~~^^
  File "/home/ts/wt/toad-plan-entry-owner-sol-20260928/tests/plan_status_installed_pilot.py", line 107, in main
    await until(pilot, lambda: len([note for note in view.query(Note)
                if "Invalid ACP update rejected" in note.render().plain]) == 3)
  File "/home/ts/wt/toad-plan-entry-owner-sol-20260928/tests/sidebar_retirement_pilot.py", line 34, in until
    async with asyncio.timeout(12):
               ~~~~~~~~~~~~~~~^^^^
  File "/home/ts/.local/share/uv/python/cpython-3.14.2-linux-x86_64-gnu/lib/python3.14/asyncio/timeouts.py", line 114, in __aexit__
    raise TimeoutError from exc_val
TimeoutError
