ATTACHED_AND_NAVIGABLE
PROVIDER_FIRST
NATIVE_SIDEBAR_BUSY_AUTHORITY_CONFIRMED
RETIRED_SURFACE_NATIVE_QUEUE_REBOUND
QUEUED ['b6503b06f8b84281909ab463434844d5']
ACTUAL_LIVE_AND_SAVED_RESPONSE_PAINT_CONFIRMED
NATIVE_QUEUE_DONE 2
QUEUE_PROJECTION AvailableQueueProjection(items=(), restored=())
INPUT_DELIVERY {"inputs": [], "historicalCount": 0, "dismissedHistoricalCount": 0, "historicalInputs": [], "currentScope": "owner_queue"}
NATIVE_MAPPING b6503b06f8b84281909ab463434844d5 0c017d45e44dc49e118755dc24b0bf11
NATIVE_CONSUMPTION_CONFIRMED
COLD_REATTACH_CONFIRMED
DM_NATIVE_REPLY_CONFIRMED
CHANNEL_ACTIVE_STATUS Active: ⌛ beta
CHANNEL_IDLE_STATUS_CONFIRMED
CHANNEL_NOTIFICATION Checked — no response (1)
ACTUAL_ACP_PROCESS_CLEANUP_CONFIRMED
Traceback (most recent call last):
  File "/home/ts/wt/toad-workspace-shipping-20260928/tests/l0a_native_installed_pilot.py", line 47, in until
    await pilot.pause(0.05)
  File "/home/ts/wt/toad-workspace-shipping-20260928/.venv/lib/python3.14/site-packages/textual/pilot.py", line 546, in pause
    await asyncio.sleep(delay)
  File "/home/ts/.local/share/uv/python/cpython-3.14.2-linux-x86_64-gnu/lib/python3.14/asyncio/tasks.py", line 702, in sleep
    return await future
           ^^^^^^^^^^^^
asyncio.exceptions.CancelledError

The above exception was the direct cause of the following exception:

Traceback (most recent call last):
  File "/home/ts/wt/toad-workspace-shipping-20260928/tests/l0a_native_installed_pilot.py", line 530, in <module>
    asyncio.run(main(notification_only=args.notification_only, retire_surface=args.retire_surface))
    ~~~~~~~~~~~^^^^^^^^^^^^^^^^^^^^^^^^^^^^^^^^^^^^^^^^^^^^^^^^^^^^^^^^^^^^^^^^^^^^^^^^^^^^^^^^^^^^
  File "/home/ts/.local/share/uv/python/cpython-3.14.2-linux-x86_64-gnu/lib/python3.14/asyncio/runners.py", line 204, in run
    return runner.run(main)
           ~~~~~~~~~~^^^^^^
  File "/home/ts/.local/share/uv/python/cpython-3.14.2-linux-x86_64-gnu/lib/python3.14/asyncio/runners.py", line 127, in run
    return self._loop.run_until_complete(task)
           ~~~~~~~~~~~~~~~~~~~~~~~~~~~~~^^^^^^
  File "/home/ts/.local/share/uv/python/cpython-3.14.2-linux-x86_64-gnu/lib/python3.14/asyncio/base_events.py", line 719, in run_until_complete
    return future.result()
           ~~~~~~~~~~~~~^^
  File "/home/ts/wt/toad-workspace-shipping-20260928/tests/l0a_native_installed_pilot.py", line 468, in main
    await until(
    ...<2 lines>...
    )
  File "/home/ts/wt/toad-workspace-shipping-20260928/tests/l0a_native_installed_pilot.py", line 45, in until
    async with asyncio.timeout(seconds):
               ~~~~~~~~~~~~~~~^^^^^^^^^
  File "/home/ts/.local/share/uv/python/cpython-3.14.2-linux-x86_64-gnu/lib/python3.14/asyncio/timeouts.py", line 114, in __aexit__
    raise TimeoutError from exc_val
TimeoutError
