<string>:2: RuntimeWarning: coroutine 'TranscriptPresentation.publish' was never awaited
RuntimeWarning: Enable tracemalloc to get the object allocation traceback
ATTACHED_AND_NAVIGABLE
PROVIDER_FIRST
NATIVE_SIDEBAR_BUSY_AUTHORITY_CONFIRMED
RETIRED_SURFACE_NATIVE_QUEUE_REBOUND
QUEUED ['6fe5fbfb32f44a708f5fa105f65dce78']
ACTUAL_LIVE_AND_SAVED_RESPONSE_PAINT_CONFIRMED
ACTUAL_NATIVE_CHECKPOINT_SOURCE_AND_PAINT_CONFIRMED
NATIVE_QUEUE_DONE 2
QUEUE_PROJECTION AvailableQueueProjection(items=(), restored=())
INPUT_DELIVERY {"inputs": [], "historicalCount": 0, "dismissedHistoricalCount": 0, "historicalInputs": [], "currentScope": "owner_queue"}
NATIVE_MAPPING 6fe5fbfb32f44a708f5fa105f65dce78 54fe6ba850fb74628b35f53268147d22
NATIVE_CONSUMPTION_CONFIRMED
COLD_REATTACH_CONFIRMED
DM_NATIVE_REPLY_CONFIRMED
CHANNEL_ACTIVE_STATUS Active: ⌛ beta
CHANNEL_IDLE_STATUS_CONFIRMED
CHANNEL_NOTIFICATION Checked — no response (1)
ACTUAL_ACP_PROCESS_CLEANUP_CONFIRMED
STOPPED_OWNER_NATIVE_REOPEN_CONFIRMED
IDLE {"seconds": 2.0209010469989153, "ownerCpuSeconds": 0.13999999999999968, "uiCpuSeconds": 0.6799999999999997, "modelRequests": 0}
PASS: installed actual native queue path; loopback model only
