ATTACHED_AND_NAVIGABLE
PROVIDER_FIRST
NATIVE_SIDEBAR_BUSY_AUTHORITY_CONFIRMED
RETIRED_SURFACE_NATIVE_QUEUE_REBOUND
QUEUED ['588460c2120148d3a741b05854fa7c06']
ACTUAL_LIVE_AND_SAVED_RESPONSE_PAINT_CONFIRMED
ACTUAL_NATIVE_CHECKPOINT_SOURCE_AND_PAINT_CONFIRMED
NATIVE_QUEUE_DONE 2
QUEUE_PROJECTION AvailableQueueProjection(items=(), restored=())
INPUT_DELIVERY {"inputs": [], "historicalCount": 0, "dismissedHistoricalCount": 0, "historicalInputs": [], "currentScope": "owner_queue"}
NATIVE_MAPPING 588460c2120148d3a741b05854fa7c06 9e990d2fc9df5cbac02302531f5fa7ed
NATIVE_CONSUMPTION_CONFIRMED
COLD_REATTACH_CONFIRMED
DM_NATIVE_REPLY_CONFIRMED
CHANNEL_ACTIVE_STATUS Active: ⌛ beta
CHANNEL_IDLE_STATUS_CONFIRMED
CHANNEL_NOTIFICATION Checked — no response (1)
ACTUAL_ACP_PROCESS_CLEANUP_CONFIRMED
STOPPED_OWNER_NATIVE_REOPEN_CONFIRMED
IDLE {"seconds": 2.0145717989944387, "ownerCpuSeconds": 0.1399999999999988, "uiCpuSeconds": 0.6499999999999986, "modelRequests": 0}
PASS: installed actual native queue path; loopback model only
