PREPARED_REAL_NATIVE_SAVED_HISTORY_AND_CHANNEL 2
INSTALLED_APP_RUN_TEST_ENTER
INSTALLED_APP_RUN_TEST_YIELDED
ATTACHED_AND_NAVIGABLE
SAVED_HISTORY_STARTUP_ACTUAL_PAINT
ACTUAL_NATIVE_PAGE_DELIVERED_WHILE_STATUS_STORE_HELD
CHANNEL_BAR_CLICK_COMMS_SCREEN_SAVED_HISTORY_PAINT
SAVED_CHANNEL_AGENT_RETURN_NO_REPLAY
UNOPENED_THREAD_PHYSICAL_CLICK_ACTUAL_ATTACHMENT
CHANNEL_ACTIVE_PARTICIPANT_CLICK_SAME_NATIVE_TAB
CLICKED_RETURN_ACTUAL_RENDERED_BODY_IDENTITY session-1 13
CLICKED_RETURN_ACTUAL_RENDERED_BODY_IDENTITY session-2 17
CLICKED_RETURN_ACTUAL_RENDERED_BODY_IDENTITY session-1 13
CLICKED_ABA_CANONICAL_RAW_PAGE_READ_COUNTS [0, 0, 0]
CLICKED_ABA_SAVED_READER_DOCUMENT_HISTORY_DRAFT_UNDO_PRESERVED
ACTUAL_IDLE_PREPARATION_CENSUS {'before': (66, 3), 'after': (66, 3), 'work': [], 'pending': 0}
REAL_SLOW_FAST_REVERSE_END_IDLE_PREPARATION_BOUNDED {'slow': [(21.99568817168309, 0.04945774850538479, 1), (22, 0.004294722689060857, 1), (22.010438267672814, 0.000496034305242901, 1), (22.30858130573022, 0.2969441116220456, 1), (22.999312618205657, 0.6876805470453794, 1), (23, 0.0005373081049515888, 1)], 'fast': [(23.007514406512396, 0.00035830016356178546, 1), (24.911003026137667, 1.894445944860934, 2), (27.10657992333976, 2.135489984206083, 3), (28.887956830353488, 1.7732574795179998, 2), (30.564785956097907, 1.6121446198373084, 2), (31.97923252346503, 1.3634396230594483, 2), (33.09466490135901, 1.1109632400450995, 2), (34.07559080266465, 0.9668000451071376, 1), (34.86234998322303, 0.7842878708745333, 1), (35.50349035591144, 0.630486588953824, 1), (35.9969151393662, 0.49210291092542097, 1), (36.372813588785846, 0.3655052219688203, 1), (36.63379543375773, 0.26020445189116614, 1), (36.81542384543486, 0.17612629382012882, 1), (36.92148633461177, 0.10578607774969671, 1), (36.97635060737725, 0.05451822761619565, 1), (36.99700374951579, 0.020571010134964682, 1), (36.999999998597914, 0.0029799361415938763, 1), (37, 1.3790043086978484e-09, 1)], 'reverse': [(36.99158931328422, -0.0004492791351345691, 1), (36.09417241855732, -0.8938352370031989, 1), (32.15168408958357, -2.342731234667985, 3), (30.024550610230126, -2.1195012035853718, 3), (28.041211005964435, -1.977093017938374, 2), (26.077369408701188, -1.957339363228339, 2), (24.19164705229757, -1.8564602846583154, 2), (22.73010562340882, -1.4577552638370304, 2), (20.993144241452043, -1.6530317696603067, 2), (19.462588628603832, -1.5277951155088394, 2), (18.0661172967313, -1.3927017246844522, 2), (16.651318519696936, -1.3649258080014826, 2), (15.424755847460421, -1.2233943645109895, 2), (14.155183260588974, -1.1824242312487592, 2), (13.094140393677126, -1.0582429631704955, 2), (12.095950243836741, -0.9956096556537087, 1), (11.152064049016719, -0.9379963826148948, 1), (10.26166779201288, -0.8611400989087478, 1), (9.48601303134296, -0.7735070427280919, 1), (8.712613108417361, -0.7175062630869377, 1), (8.322013691285093, -0.38910785424759725, 1), (7.468478148948071, -0.5994004737300898, 1), (6.988970888127326, -0.478214036176779, 1), (6.689422934184428, -0.29865666845533034, 1), (6.248366565774283, -0.4398162283259672, 1), (5.706080669692534, -0.3801541492622028, 1), (5.489157723327914, -0.21609602631649788, 1), (5.061383964594673, -0.2836394970770819, 1), (4.946609535440794, -0.11433913685973435, 1), (4.737530608655192, -0.2082269479984187, 1), (4.55246162152608, -0.179718669663933, 1), (4.406282189322899, -0.14560599581897707, 1), (4.234842906741615, -0.11143442514869556, 1), (4.190429289933613, -0.044196342524578755, 1), (4.126067793479085, -0.0640461727823969, 1), (4.07570985829197, -0.0501182531914038, 1), (4.039464838708792, -0.035635028592686774, 1), (4.0179017949115154, -0.021488464234413775, 1), (4.005926580098769, -0.011924951046766023, 1), (4.000993005437064, -0.0049181842058511754, 1), (4.000003061870734, -0.0009405627662930969, 1), (4, -3.0552700944685273e-06, 1)], 'retained_bytes': 76786, 'pending': 0}
FORK_IMMEDIATE_PHYSICAL_OPEN_REAL_ATTACHMENT_BEFORE_FIRST_NATIVE_ANSWER
PHYSICAL_FORK_DIALOG_NORMAL_NATIVE_FIRST_ANSWER_PARENT_PRESERVED
FORK_FIRST_OPEN_SAVED_NATIVE_ANSWER_ACTUAL_PAINT_NO_REPLAY
CHANNEL_NOTIFICATION_ACTUAL_NATIVE_WORKING_STATUS
CHANNEL_RESPONDED_NOTIFICATION_DISCLOSURE_ACTUAL_PAINT
CHANNEL_REPLY_SAVED_HISTORY_AUTOMATIC_AUTHOR_NATIVE_OBSERVATION_NO_REPLAY
