HELD_NATIVE_PARSE
HELD_NATIVE_PARSE
{"profiled_edge_subtree_walks": 100}
Traceback (most recent call last):
  File "/home/ts/wt/toad-foreground-readiness-remainder-20260930/tests/viewport_body_order_pilot.py", line 457, in <module>
    asyncio.run(readiness_journey() if '--readiness' in sys.argv else main())
    ~~~~~~~~~~~^^^^^^^^^^^^^^^^^^^^^^^^^^^^^^^^^^^^^^^^^^^^^^^^^^^^^^^^^^^^^^
  File "/home/ts/.local/share/uv/python/cpython-3.14.2-linux-x86_64-gnu/lib/python3.14/asyncio/runners.py", line 204, in run
    return runner.run(main)
           ~~~~~~~~~~^^^^^^
  File "/home/ts/.local/share/uv/python/cpython-3.14.2-linux-x86_64-gnu/lib/python3.14/asyncio/runners.py", line 127, in run
    return self._loop.run_until_complete(task)
           ~~~~~~~~~~~~~~~~~~~~~~~~~~~~~^^^^^^
  File "/home/ts/.local/share/uv/python/cpython-3.14.2-linux-x86_64-gnu/lib/python3.14/asyncio/base_events.py", line 719, in run_until_complete
    return future.result()
           ~~~~~~~~~~~~~^^
  File "/home/ts/wt/toad-foreground-readiness-remainder-20260930/tests/viewport_body_order_pilot.py", line 424, in readiness_journey
    assert edge_walks == 0, 'Paging readiness expanded hidden native body descendants'
           ^^^^^^^^^^^^^^^
AssertionError: Paging readiness expanded hidden native body descendants
