Candidate maintenance unavailable (RelationViolationError)
Traceback (most recent call last):
  File "/home/ts/wt/toad-viewport-raster-cpu-continuation-20261001/tests/message_dividers_pilot.py", line 274, in <module>
    asyncio.run(row_publication() if "--row-publication" in sys.argv else main())
    ~~~~~~~~~~~^^^^^^^^^^^^^^^^^^^^^^^^^^^^^^^^^^^^^^^^^^^^^^^^^^^^^^^^^^^^^^^^^^
  File "/home/ts/.local/share/uv/python/cpython-3.14.2-linux-x86_64-gnu/lib/python3.14/asyncio/runners.py", line 204, in run
    return runner.run(main)
           ~~~~~~~~~~^^^^^^
  File "/home/ts/.local/share/uv/python/cpython-3.14.2-linux-x86_64-gnu/lib/python3.14/asyncio/runners.py", line 127, in run
    return self._loop.run_until_complete(task)
           ~~~~~~~~~~~~~~~~~~~~~~~~~~~~~^^^^^^
  File "/home/ts/.local/share/uv/python/cpython-3.14.2-linux-x86_64-gnu/lib/python3.14/asyncio/base_events.py", line 719, in run_until_complete
    return future.result()
           ~~~~~~~~~~~~~^^
  File "/home/ts/wt/toad-viewport-raster-cpu-continuation-20261001/tests/message_dividers_pilot.py", line 56, in row_publication
    app = PublicationApp(project_dir=str(root), session_thread_name=me)
  File "/home/ts/wt/toad-viewport-raster-cpu-continuation-20261001/tests/retained_tool_text_pilot.py", line 43, in __init__
    super().__init__(**kwargs)
    ~~~~~~~~~~~~~~~~^^^^^^^^^^
TypeError: ToadApp.__init__() got an unexpected keyword argument 'session_thread_name'
