test_discarded_file_mode_refuses_and_removes_owned_partial (__main__.JournalRetention.test_discarded_file_mode_refuses_and_removes_owned_partial) ... FAIL
test_discarded_timestamp_refuses_and_removes_owned_partial (__main__.JournalRetention.test_discarded_timestamp_refuses_and_removes_owned_partial) ... FAIL
test_existing_destination_is_not_replaced (__main__.JournalRetention.test_existing_destination_is_not_replaced) ... ok
test_existing_shared_directory_is_never_chmodded (__main__.JournalRetention.test_existing_shared_directory_is_never_chmodded) ... FAIL
test_mount_replaced_before_commit_retains_original (__main__.JournalRetention.test_mount_replaced_before_commit_retains_original) ... FAIL
test_open_borrower_and_permission_gap_refuse (__main__.JournalRetention.test_open_borrower_and_permission_gap_refuse) ... ok
test_original_mode_change_before_commit_refuses_without_reverting_it (__main__.JournalRetention.test_original_mode_change_before_commit_refuses_without_reverting_it) ... FAIL
test_other_partial_is_not_deleted (__main__.JournalRetention.test_other_partial_is_not_deleted) ... ok
test_private_access_revoked_after_copy_retains_original (__main__.JournalRetention.test_private_access_revoked_after_copy_retains_original) ... FAIL
test_unsupported_directory_modes_refuse_before_any_private_copy (__main__.JournalRetention.test_unsupported_directory_modes_refuse_before_any_private_copy) ... FAIL
test_verified_copy_preserves_mode_times_and_original_path (__main__.JournalRetention.test_verified_copy_preserves_mode_times_and_original_path) ... FAIL

======================================================================
FAIL: test_discarded_file_mode_refuses_and_removes_owned_partial (__main__.JournalRetention.test_discarded_file_mode_refuses_and_removes_owned_partial)
----------------------------------------------------------------------
Traceback (most recent call last):
  File "/home/ts/wt/toad-viewport-raster-cpu-continuation-20261001/tests/test_fixture_journal_retention.py", line 161, in test_discarded_file_mode_refuses_and_removes_owned_partial
    self.assertIn("does not preserve fixture metadata", receipt["retained_reason"])
    ~~~~~~~~~~~~~^^^^^^^^^^^^^^^^^^^^^^^^^^^^^^^^^^^^^^^^^^^^^^^^^^^^^^^^^^^^^^^^^^
AssertionError: 'does not preserve fixture metadata' not found in 'Cold retention parent escaped the mounted filesystem'

======================================================================
FAIL: test_discarded_timestamp_refuses_and_removes_owned_partial (__main__.JournalRetention.test_discarded_timestamp_refuses_and_removes_owned_partial)
----------------------------------------------------------------------
Traceback (most recent call last):
  File "/home/ts/wt/toad-viewport-raster-cpu-continuation-20261001/tests/test_fixture_journal_retention.py", line 168, in test_discarded_timestamp_refuses_and_removes_owned_partial
    self.assertIn("does not preserve fixture metadata", receipt["retained_reason"])
    ~~~~~~~~~~~~~^^^^^^^^^^^^^^^^^^^^^^^^^^^^^^^^^^^^^^^^^^^^^^^^^^^^^^^^^^^^^^^^^^
AssertionError: 'does not preserve fixture metadata' not found in 'Cold retention parent escaped the mounted filesystem'

======================================================================
FAIL: test_existing_shared_directory_is_never_chmodded (__main__.JournalRetention.test_existing_shared_directory_is_never_chmodded)
----------------------------------------------------------------------
Traceback (most recent call last):
  File "/home/ts/wt/toad-viewport-raster-cpu-continuation-20261001/tests/test_fixture_journal_retention.py", line 153, in test_existing_shared_directory_is_never_chmodded
    self.assertIn("private fixture access", receipt["retained_reason"])
    ~~~~~~~~~~~~~^^^^^^^^^^^^^^^^^^^^^^^^^^^^^^^^^^^^^^^^^^^^^^^^^^^^^^
AssertionError: 'private fixture access' not found in 'Cold retention parent escaped the mounted filesystem'

======================================================================
FAIL: test_mount_replaced_before_commit_retains_original (__main__.JournalRetention.test_mount_replaced_before_commit_retains_original)
----------------------------------------------------------------------
Traceback (most recent call last):
  File "/home/ts/wt/toad-viewport-raster-cpu-continuation-20261001/tests/test_fixture_journal_retention.py", line 229, in test_mount_replaced_before_commit_retains_original
    self.assertIn("mount changed", receipt["retained_reason"])
    ~~~~~~~~~~~~~^^^^^^^^^^^^^^^^^^^^^^^^^^^^^^^^^^^^^^^^^^^^^
AssertionError: 'mount changed' not found in 'Cold retention parent escaped the mounted filesystem'

======================================================================
FAIL: test_original_mode_change_before_commit_refuses_without_reverting_it (__main__.JournalRetention.test_original_mode_change_before_commit_refuses_without_reverting_it)
----------------------------------------------------------------------
Traceback (most recent call last):
  File "/home/ts/wt/toad-viewport-raster-cpu-continuation-20261001/tests/test_fixture_journal_retention.py", line 207, in test_original_mode_change_before_commit_refuses_without_reverting_it
    self.assertIn("Original fixture journal changed", receipt["retained_reason"])
    ~~~~~~~~~~~~~^^^^^^^^^^^^^^^^^^^^^^^^^^^^^^^^^^^^^^^^^^^^^^^^^^^^^^^^^^^^^^^^
AssertionError: 'Original fixture journal changed' not found in 'Cold retention parent escaped the mounted filesystem'

======================================================================
FAIL: test_private_access_revoked_after_copy_retains_original (__main__.JournalRetention.test_private_access_revoked_after_copy_retains_original)
----------------------------------------------------------------------
Traceback (most recent call last):
  File "/home/ts/wt/toad-viewport-raster-cpu-continuation-20261001/tests/test_fixture_journal_retention.py", line 218, in test_private_access_revoked_after_copy_retains_original
    self.assertIn("private fixture access", receipt["retained_reason"])
    ~~~~~~~~~~~~~^^^^^^^^^^^^^^^^^^^^^^^^^^^^^^^^^^^^^^^^^^^^^^^^^^^^^^
AssertionError: 'private fixture access' not found in 'Cold retention parent escaped the mounted filesystem'

======================================================================
FAIL: test_unsupported_directory_modes_refuse_before_any_private_copy (__main__.JournalRetention.test_unsupported_directory_modes_refuse_before_any_private_copy)
----------------------------------------------------------------------
Traceback (most recent call last):
  File "/home/ts/wt/toad-viewport-raster-cpu-continuation-20261001/tests/test_fixture_journal_retention.py", line 143, in test_unsupported_directory_modes_refuse_before_any_private_copy
    self.assertIn("private fixture access", receipt["retained_reason"])
    ~~~~~~~~~~~~~^^^^^^^^^^^^^^^^^^^^^^^^^^^^^^^^^^^^^^^^^^^^^^^^^^^^^^
AssertionError: 'private fixture access' not found in 'Cold retention parent escaped the mounted filesystem'

======================================================================
FAIL: test_verified_copy_preserves_mode_times_and_original_path (__main__.JournalRetention.test_verified_copy_preserves_mode_times_and_original_path)
----------------------------------------------------------------------
Traceback (most recent call last):
  File "/home/ts/wt/toad-viewport-raster-cpu-continuation-20261001/tests/test_fixture_journal_retention.py", line 115, in test_verified_copy_preserves_mode_times_and_original_path
    self.assertNotIn("retained_reason", receipt)
    ~~~~~~~~~~~~~~~~^^^^^^^^^^^^^^^^^^^^^^^^^^^^
AssertionError: 'retained_reason' unexpectedly found in {'borrower_census': '/home/ts/.cache/agent-scratch/heis-fixture-journal-metadata-offline-20261004/authored-2s1xkluu/evidence/journal-retention-borrowers.json', 'files': [], 'retained_reason': 'Cold retention parent escaped the mounted filesystem'}

----------------------------------------------------------------------
Ran 11 tests in 0.026s

FAILED (failures=8)
