{
  "sources": [
    {
      "module": "agent_comms",
      "head": "5e3f68c5825e80ffe52ba431082a8c13a78428f9",
      "files": 344,
      "byte_equal": true
    },
    {
      "module": "toad",
      "head": "f5e0cb77428dd695f4daafc74989f3ea19185822",
      "files": 319,
      "byte_equal": true
    },
    {
      "module": "textual",
      "head": "180cbd9471bd6674647590108ca2fe5a627eb24f",
      "files": 266,
      "byte_equal": true
    },
    {
      "module": "textual_diff_view",
      "head": "8fa7d4d0db993ea3b761c2760ca9b6a56a6251e9",
      "files": 3,
      "byte_equal": true
    },
    {
      "module": "refactor_audit",
      "head": "9a98d72e10cd7ebae688b2e70d096f0ddc9a4c10",
      "files": 10,
      "byte_equal": true
    }
  ],
  "native_full_trust": true,
  "sdk": "0.12.1",
  "package_count": 69,
  "prefix": "/home/ts/wt/toad-viewport-raster-cpu-continuation-20261001/.artifacts/runtime-native-style22-20261002"
}
